Archive member included to satisfy reference by file (symbol)

C:\Users\Bobon\Documents\GitHub\newseqen\build\libarm_cortexM4lf_math.a(arm_sin_f32.o)
                              ./Core/Src/main.o (arm_sin_f32)
C:\Users\Bobon\Documents\GitHub\newseqen\build\libarm_cortexM4lf_math.a(arm_common_tables.o)
                              C:\Users\Bobon\Documents\GitHub\newseqen\build\libarm_cortexM4lf_math.a(arm_sin_f32.o) (sinTable_f32)
d:/st/stm32cubeide_1.3.0/stm32cubeide/plugins/com.st.stm32cube.ide.mcu.externaltools.gnu-tools-for-stm32.10.3-2021.10.win32_1.0.0.202111181127/tools/bin/../lib/gcc/arm-none-eabi/10.3.1/../../../../arm-none-eabi/lib/thumb/v7e-m+fp/hard\libc_nano.a(lib_a-errno.o)
                              ./Core/Src/syscalls.o (__errno)
d:/st/stm32cubeide_1.3.0/stm32cubeide/plugins/com.st.stm32cube.ide.mcu.externaltools.gnu-tools-for-stm32.10.3-2021.10.win32_1.0.0.202111181127/tools/bin/../lib/gcc/arm-none-eabi/10.3.1/../../../../arm-none-eabi/lib/thumb/v7e-m+fp/hard\libc_nano.a(lib_a-exit.o)
                              d:/st/stm32cubeide_1.3.0/stm32cubeide/plugins/com.st.stm32cube.ide.mcu.externaltools.gnu-tools-for-stm32.10.3-2021.10.win32_1.0.0.202111181127/tools/bin/../lib/gcc/arm-none-eabi/10.3.1/../../../../arm-none-eabi/lib/thumb/v7e-m+fp/hard/crt0.o (exit)
d:/st/stm32cubeide_1.3.0/stm32cubeide/plugins/com.st.stm32cube.ide.mcu.externaltools.gnu-tools-for-stm32.10.3-2021.10.win32_1.0.0.202111181127/tools/bin/../lib/gcc/arm-none-eabi/10.3.1/../../../../arm-none-eabi/lib/thumb/v7e-m+fp/hard\libc_nano.a(lib_a-impure.o)
                              d:/st/stm32cubeide_1.3.0/stm32cubeide/plugins/com.st.stm32cube.ide.mcu.externaltools.gnu-tools-for-stm32.10.3-2021.10.win32_1.0.0.202111181127/tools/bin/../lib/gcc/arm-none-eabi/10.3.1/../../../../arm-none-eabi/lib/thumb/v7e-m+fp/hard\libc_nano.a(lib_a-exit.o) (_global_impure_ptr)
d:/st/stm32cubeide_1.3.0/stm32cubeide/plugins/com.st.stm32cube.ide.mcu.externaltools.gnu-tools-for-stm32.10.3-2021.10.win32_1.0.0.202111181127/tools/bin/../lib/gcc/arm-none-eabi/10.3.1/../../../../arm-none-eabi/lib/thumb/v7e-m+fp/hard\libc_nano.a(lib_a-init.o)
                              d:/st/stm32cubeide_1.3.0/stm32cubeide/plugins/com.st.stm32cube.ide.mcu.externaltools.gnu-tools-for-stm32.10.3-2021.10.win32_1.0.0.202111181127/tools/bin/../lib/gcc/arm-none-eabi/10.3.1/../../../../arm-none-eabi/lib/thumb/v7e-m+fp/hard/crt0.o (__libc_init_array)
d:/st/stm32cubeide_1.3.0/stm32cubeide/plugins/com.st.stm32cube.ide.mcu.externaltools.gnu-tools-for-stm32.10.3-2021.10.win32_1.0.0.202111181127/tools/bin/../lib/gcc/arm-none-eabi/10.3.1/../../../../arm-none-eabi/lib/thumb/v7e-m+fp/hard\libc_nano.a(lib_a-memset.o)
                              d:/st/stm32cubeide_1.3.0/stm32cubeide/plugins/com.st.stm32cube.ide.mcu.externaltools.gnu-tools-for-stm32.10.3-2021.10.win32_1.0.0.202111181127/tools/bin/../lib/gcc/arm-none-eabi/10.3.1/../../../../arm-none-eabi/lib/thumb/v7e-m+fp/hard/crt0.o (memset)
d:/st/stm32cubeide_1.3.0/stm32cubeide/plugins/com.st.stm32cube.ide.mcu.externaltools.gnu-tools-for-stm32.10.3-2021.10.win32_1.0.0.202111181127/tools/bin/../lib/gcc/arm-none-eabi/10.3.1/../../../../arm-none-eabi/lib/thumb/v7e-m+fp/hard\libc_nano.a(lib_a-printf.o)
                              ./Core/Src/main.o (printf)
d:/st/stm32cubeide_1.3.0/stm32cubeide/plugins/com.st.stm32cube.ide.mcu.externaltools.gnu-tools-for-stm32.10.3-2021.10.win32_1.0.0.202111181127/tools/bin/../lib/gcc/arm-none-eabi/10.3.1/../../../../arm-none-eabi/lib/thumb/v7e-m+fp/hard\libc_nano.a(lib_a-findfp.o)
                              d:/st/stm32cubeide_1.3.0/stm32cubeide/plugins/com.st.stm32cube.ide.mcu.externaltools.gnu-tools-for-stm32.10.3-2021.10.win32_1.0.0.202111181127/tools/bin/../lib/gcc/arm-none-eabi/10.3.1/../../../../arm-none-eabi/lib/thumb/v7e-m+fp/hard\libc_nano.a(lib_a-printf.o) (__sinit)
d:/st/stm32cubeide_1.3.0/stm32cubeide/plugins/com.st.stm32cube.ide.mcu.externaltools.gnu-tools-for-stm32.10.3-2021.10.win32_1.0.0.202111181127/tools/bin/../lib/gcc/arm-none-eabi/10.3.1/../../../../arm-none-eabi/lib/thumb/v7e-m+fp/hard\libc_nano.a(lib_a-fwalk.o)
                              d:/st/stm32cubeide_1.3.0/stm32cubeide/plugins/com.st.stm32cube.ide.mcu.externaltools.gnu-tools-for-stm32.10.3-2021.10.win32_1.0.0.202111181127/tools/bin/../lib/gcc/arm-none-eabi/10.3.1/../../../../arm-none-eabi/lib/thumb/v7e-m+fp/hard\libc_nano.a(lib_a-findfp.o) (_fwalk)
d:/st/stm32cubeide_1.3.0/stm32cubeide/plugins/com.st.stm32cube.ide.mcu.externaltools.gnu-tools-for-stm32.10.3-2021.10.win32_1.0.0.202111181127/tools/bin/../lib/gcc/arm-none-eabi/10.3.1/../../../../arm-none-eabi/lib/thumb/v7e-m+fp/hard\libc_nano.a(lib_a-lock.o)
[...]
Memory Configuration

Name             Origin             Length             Attributes
RAM              0x0000000020000000 0x0000000000020000 xrw
FLASH            0x0000000008000000 0x0000000000080000 xr
*default*        0x0000000000000000 0xffffffffffffffff

Linker script and memory map

LOAD d:/st/stm32cubeide_1.3.0/stm32cubeide/plugins/com.st.stm32cube.ide.mcu.externaltools.gnu-tools-for-stm32.10.3-2021.10.win32_1.0.0.202111181127/tools/bin/../lib/gcc/arm-none-eabi/10.3.1/thumb/v7e-m+fp/hard/crti.o
LOAD d:/st/stm32cubeide_1.3.0/stm32cubeide/plugins/com.st.stm32cube.ide.mcu.externaltools.gnu-tools-for-stm32.10.3-2021.10.win32_1.0.0.202111181127/tools/bin/../lib/gcc/arm-none-eabi/10.3.1/thumb/v7e-m+fp/hard/crtbegin.o
LOAD d:/st/stm32cubeide_1.3.0/stm32cubeide/plugins/com.st.stm32cube.ide.mcu.externaltools.gnu-tools-for-stm32.10.3-2021.10.win32_1.0.0.202111181127/tools/bin/../lib/gcc/arm-none-eabi/10.3.1/../../../../arm-none-eabi/lib/thumb/v7e-m+fp/hard/crt0.o
LOAD ./Core/Src/main.o
LOAD ./Core/Src/stm32f4xx_hal_msp.o
LOAD ./Core/Src/stm32f4xx_it.o
LOAD ./Core/Src/syscalls.o
LOAD ./Core/Src/sysmem.o
LOAD ./Core/Src/system_stm32f4xx.o
LOAD ./Core/Startup/startup_stm32f411ceyx.o
LOAD ./Drivers/STM32F4xx_HAL_Driver/Src/stm32f4xx_hal.o
LOAD ./Drivers/STM32F4xx_HAL_Driver/Src/stm32f4xx_hal_adc.o
LOAD ./Drivers/STM32F4xx_HAL_Driver/Src/stm32f4xx_hal_adc_ex.o
LOAD ./Drivers/STM32F4xx_HAL_Driver/Src/stm32f4xx_hal_cortex.o
LOAD ./Drivers/STM32F4xx_HAL_Driver/Src/stm32f4xx_hal_dma.o
LOAD ./Drivers/STM32F4xx_HAL_Driver/Src/stm32f4xx_hal_dma_ex.o
LOAD ./Drivers/STM32F4xx_HAL_Driver/Src/stm32f4xx_hal_exti.o
LOAD ./Drivers/STM32F4xx_HAL_Driver/Src/stm32f4xx_hal_flash.o
LOAD ./Drivers/STM32F4xx_HAL_Driver/Src/stm32f4xx_hal_flash_ex.o
LOAD ./Drivers/STM32F4xx_HAL_Driver/Src/stm32f4xx_hal_flash_ramfunc.o
LOAD ./Drivers/STM32F4xx_HAL_Driver/Src/stm32f4xx_hal_gpio.o
LOAD ./Drivers/STM32F4xx_HAL_Driver/Src/stm32f4xx_hal_i2c.o
LOAD ./Drivers/STM32F4xx_HAL_Driver/Src/stm32f4xx_hal_i2c_ex.o
LOAD ./Drivers/STM32F4xx_HAL_Driver/Src/stm32f4xx_hal_pwr.o
LOAD ./Drivers/STM32F4xx_HAL_Driver/Src/stm32f4xx_hal_pwr_ex.o
LOAD ./Drivers/STM32F4xx_HAL_Driver/Src/stm32f4xx_hal_rcc.o
LOAD ./Drivers/STM32F4xx_HAL_Driver/Src/stm32f4xx_hal_rcc_ex.o
LOAD ./Drivers/STM32F4xx_HAL_Driver/Src/stm32f4xx_hal_spi.o
LOAD ./Drivers/STM32F4xx_HAL_Driver/Src/stm32f4xx_hal_tim.o
LOAD ./Drivers/STM32F4xx_HAL_Driver/Src/stm32f4xx_hal_tim_ex.o
LOAD ./Drivers/STM32F4xx_HAL_Driver/Src/stm32f4xx_ll_adc.o
LOAD C:\Users\Bobon\Documents\GitHub\newseqen\build\libarm_cortexM4lf_math.a
START GROUP
LOAD d:/st/stm32cubeide_1.3.0/stm32cubeide/plugins/com.st.stm32cube.ide.mcu.externaltools.gnu-tools-for-stm32.10.3-2021.10.win32_1.0.0.202111181127/tools/bin/../lib/gcc/arm-none-eabi/10.3.1/../../../../arm-none-eabi/lib/thumb/v7e-m+fp/hard\libc_nano.a
LOAD d:/st/stm32cubeide_1.3.0/stm32cubeide/plugins/com.st.stm32cube.ide.mcu.externaltools.gnu-tools-for-stm32.10.3-2021.10.win32_1.0.0.202111181127/tools/bin/../lib/gcc/arm-none-eabi/10.3.1/../../../../arm-none-eabi/lib/thumb/v7e-m+fp/hard\libm.a
END GROUP
START GROUP
LOAD d:/st/stm32cubeide_1.3.0/stm32cubeide/plugins/com.st.stm32cube.ide.mcu.externaltools.gnu-tools-for-stm32.10.3-2021.10.win32_1.0.0.202111181127/tools/bin/../lib/gcc/arm-none-eabi/10.3.1/thumb/v7e-m+fp/hard\libgcc.a
LOAD d:/st/stm32cubeide_1.3.0/stm32cubeide/plugins/com.st.stm32cube.ide.mcu.externaltools.gnu-tools-for-stm32.10.3-2021.10.win32_1.0.0.202111181127/tools/bin/../lib/gcc/arm-none-eabi/10.3.1/../../../../arm-none-eabi/lib/thumb/v7e-m+fp/hard\libc_nano.a
END GROUP
START GROUP
LOAD d:/st/stm32cubeide_1.3.0/stm32cubeide/plugins/com.st.stm32cube.ide.mcu.externaltools.gnu-tools-for-stm32.10.3-2021.10.win32_1.0.0.202111181127/tools/bin/../lib/gcc/arm-none-eabi/10.3.1/thumb/v7e-m+fp/hard\libgcc.a
LOAD d:/st/stm32cubeide_1.3.0/stm32cubeide/plugins/com.st.stm32cube.ide.mcu.externaltools.gnu-tools-for-stm32.10.3-2021.10.win32_1.0.0.202111181127/tools/bin/../lib/gcc/arm-none-eabi/10.3.1/../../../../arm-none-eabi/lib/thumb/v7e-m+fp/hard\libc_nano.a
LOAD d:/st/stm32cubeide_1.3.0/stm32cubeide/plugins/com.st.stm32cube.ide.mcu.externaltools.gnu-tools-for-stm32.10.3-2021.10.win32_1.0.0.202111181127/tools/bin/../lib/gcc/arm-none-eabi/10.3.1/../../../../arm-none-eabi/lib/thumb/v7e-m+fp/hard\libnosys.a
END GROUP
START GROUP
LOAD d:/st/stm32cubeide_1.3.0/stm32cubeide/plugins/com.st.stm32cube.ide.mcu.externaltools.gnu-tools-for-stm32.10.3-2021.10.win32_1.0.0.202111181127/tools/bin/../lib/gcc/arm-none-eabi/10.3.1/thumb/v7e-m+fp/hard\libgcc.a
LOAD d:/st/stm32cubeide_1.3.0/stm32cubeide/plugins/com.st.stm32cube.ide.mcu.externaltools.gnu-tools-for-stm32.10.3-2021.10.win32_1.0.0.202111181127/tools/bin/../lib/gcc/arm-none-eabi/10.3.1/../../../../arm-none-eabi/lib/thumb/v7e-m+fp/hard\libc_nano.a
LOAD d:/st/stm32cubeide_1.3.0/stm32cubeide/plugins/com.st.stm32cube.ide.mcu.externaltools.gnu-tools-for-stm32.10.3-2021.10.win32_1.0.0.202111181127/tools/bin/../lib/gcc/arm-none-eabi/10.3.1/../../../../arm-none-eabi/lib/thumb/v7e-m+fp/hard\libnosys.a
END GROUP
LOAD d:/st/stm32cubeide_1.3.0/stm32cubeide/plugins/com.st.stm32cube.ide.mcu.externaltools.gnu-tools-for-stm32.10.3-2021.10.win32_1.0.0.202111181127/tools/bin/../lib/gcc/arm-none-eabi/10.3.1/thumb/v7e-m+fp/hard/crtend.o
LOAD d:/st/stm32cubeide_1.3.0/stm32cubeide/plugins/com.st.stm32cube.ide.mcu.externaltools.gnu-tools-for-stm32.10.3-2021.10.win32_1.0.0.202111181127/tools/bin/../lib/gcc/arm-none-eabi/10.3.1/thumb/v7e-m+fp/hard/crtn.o
                0x0000000020020000                _estack = (ORIGIN (RAM) + LENGTH (RAM))
                0x0000000000000200                _Min_Heap_Size = 0x200
                0x0000000000000400                _Min_Stack_Size = 0x400

.isr_vector     0x0000000008000000      0x198
                0x0000000008000000                . = ALIGN (0x4)
 *(.isr_vector)
 .isr_vector    0x0000000008000000      0x198 ./Core/Startup/startup_stm32f411ceyx.o
                0x0000000008000000                g_pfnVectors
                0x0000000008000198                . = ALIGN (0x4)

.text           0x00000000080001a0     0x8f7c
                0x00000000080001a0                . = ALIGN (0x4)
 *(.text)
 .text          0x00000000080001a0       0x40 d:/st/stm32cubeide_1.3.0/stm32cubeide/plugins/com.st.stm32cube.ide.mcu.externaltools.gnu-tools-for-stm32.10.3-2021.10.win32_1.0.0.202111181127/tools/bin/../lib/gcc/arm-none-eabi/10.3.1/thumb/v7e-m+fp/hard/crtbegin.o
 .text          0x00000000080001e0       0xa0 d:/st/stm32cubeide_1.3.0/stm32cubeide/plugins/com.st.stm32cube.ide.mcu.externaltools.gnu-tools-for-stm32.10.3-2021.10.win32_1.0.0.202111181127/tools/bin/../lib/gcc/arm-none-eabi/10.3.1/../../../../arm-none-eabi/lib/thumb/v7e-m+fp/hard\libc_nano.a(lib_a-memchr.o)
                0x00000000080001e0                memchr
 .text          0x0000000008000280      0x254 d:/st/stm32cubeide_1.3.0/stm32cubeide/plugins/com.st.stm32cube.ide.mcu.externaltools.gnu-tools-for-stm32.10.3-2021.10.win32_1.0.0.202111181127/tools/bin/../lib/gcc/arm-none-eabi/10.3.1/thumb/v7e-m+fp/hard\libgcc.a(_arm_muldf3.o)
                0x0000000008000280                __muldf3
                0x0000000008000280                __aeabi_dmul
 .text          0x00000000080004d4      0x378 d:/st/stm32cubeide_1.3.0/stm32cubeide/plugins/com.st.stm32cube.ide.mcu.externaltools.gnu-tools-for-stm32.10.3-2021.10.win32_1.0.0.202111181127/tools/bin/../lib/gcc/arm-none-eabi/10.3.1/thumb/v7e-m+fp/hard\libgcc.a(_arm_addsubdf3.o)
                0x00000000080004d4                __aeabi_drsub
                0x00000000080004dc                __aeabi_dsub
                0x00000000080004dc                __subdf3
                0x00000000080004e0                __aeabi_dadd
                0x00000000080004e0                __adddf3
                0x0000000008000758                __floatunsidf
                0x0000000008000758                __aeabi_ui2d
                0x0000000008000778                __floatsidf
                0x0000000008000778                __aeabi_i2d
                0x000000000800079c                __aeabi_f2d
                0x000000000800079c                __extendsfdf2
                0x00000000080007e0                __floatundidf
                0x00000000080007e0                __aeabi_ul2d
                0x00000000080007f0                __floatdidf
                0x00000000080007f0                __aeabi_l2d
 .text          0x000000000800084c       0xa0 d:/st/stm32cubeide_1.3.0/stm32cubeide/plugins/com.st.stm32cube.ide.mcu.externaltools.gnu-tools-for-stm32.10.3-2021.10.win32_1.0.0.202111181127/tools/bin/../lib/gcc/arm-none-eabi/10.3.1/thumb/v7e-m+fp/hard\libgcc.a(_arm_truncdfsf2.o)
                0x000000000800084c                __truncdfsf2
                0x000000000800084c                __aeabi_d2f
 .text          0x00000000080008ec       0x30 d:/st/stm32cubeide_1.3.0/stm32cubeide/plugins/com.st.stm32cube.ide.mcu.externaltools.gnu-tools-for-stm32.10.3-2021.10.win32_1.0.0.202111181127/tools/bin/../lib/gcc/arm-none-eabi/10.3.1/thumb/v7e-m+fp/hard\libgcc.a(_aeabi_uldivmod.o)
                0x00000000080008ec                __aeabi_uldivmod
 .text          0x000000000800091c      0x2d0 d:/st/stm32cubeide_1.3.0/stm32cubeide/plugins/com.st.stm32cube.ide.mcu.externaltools.gnu-tools-for-stm32.10.3-2021.10.win32_1.0.0.202111181127/tools/bin/../lib/gcc/arm-none-eabi/10.3.1/thumb/v7e-m+fp/hard\libgcc.a(_udivmoddi4.o)
                0x000000000800091c                __udivmoddi4
 .text          0x0000000008000bec        0x4 d:/st/stm32cubeide_1.3.0/stm32cubeide/plugins/com.st.stm32cube.ide.mcu.externaltools.gnu-tools-for-stm32.10.3-2021.10.win32_1.0.0.202111181127/tools/bin/../lib/gcc/arm-none-eabi/10.3.1/thumb/v7e-m+fp/hard\libgcc.a(_dvmd_tls.o)
                0x0000000008000bec                __aeabi_idiv0
                0x0000000008000bec                __aeabi_ldiv0
 *(.text*)
 .text.ITM_SendChar
                0x0000000008000bf0       0x4e ./Core/Src/main.o
 .text._write   0x0000000008000c3e       0x38 ./Core/Src/main.o
                0x0000000008000c3e                _write
 *fill*         0x0000000008000c76        0x2 
 .text.SPI_command
                0x0000000008000c78       0x7c ./Core/Src/main.o
                0x0000000008000c78                SPI_command
 .text.HAL_TIM_PeriodElapsedCallback
                0x0000000008000cf4       0x68 ./Core/Src/main.o
                0x0000000008000cf4                HAL_TIM_PeriodElapsedCallback
 .text.analoginputloopb
                0x0000000008000d5c      0x230 ./Core/Src/main.o
                0x0000000008000d5c                analoginputloopb
 .text.display_init
                0x0000000008000f8c      0x1b8 ./Core/Src/main.o
                0x0000000008000f8c                display_init
 .text.display_update
                0x0000000008001144      0x198 ./Core/Src/main.o
                0x0000000008001144                display_update
 .text.display_fill
                0x00000000080012dc       0x58 ./Core/Src/main.o
                0x00000000080012dc                display_fill
 .text.displayBuffer
                0x0000000008001334      0x2dc ./Core/Src/main.o
                0x0000000008001334                displayBuffer
 .text.sampling
                0x0000000008001610     0x1248 ./Core/Src/main.o
                0x0000000008001610                sampling
 .text.sine_count
                0x0000000008002858       0xd8 ./Core/Src/main.o
                0x0000000008002858                sine_count
 .text.main     0x0000000008002930      0x5fc ./Core/Src/main.o
                0x0000000008002930                main
 .text.SystemClock_Config
                0x0000000008002f2c       0xd4 ./Core/Src/main.o
                0x0000000008002f2c                SystemClock_Config
 .text.MX_ADC1_Init
                0x0000000008003000       0xfc ./Core/Src/main.o
 .text.MX_I2C2_Init
                0x00000000080030fc       0x5c ./Core/Src/main.o
 .text.MX_SPI2_Init
                0x0000000008003158       0x6c ./Core/Src/main.o
 .text.MX_TIM2_Init
                0x00000000080031c4       0xa8 ./Core/Src/main.o
 .text.MX_TIM3_Init
                0x000000000800326c       0xec ./Core/Src/main.o
 .text.MX_TIM4_Init
                0x0000000008003358       0xa8 ./Core/Src/main.o
 .text.MX_DMA_Init
                0x0000000008003400       0x40 ./Core/Src/main.o
 .text.MX_GPIO_Init
                0x0000000008003440       0xa4 ./Core/Src/main.o
 .text.Error_Handler
                0x00000000080034e4        0xa ./Core/Src/main.o
                0x00000000080034e4                Error_Handler
 *fill*         0x00000000080034ee        0x2 
 .text.HAL_MspInit
                0x00000000080034f0       0x50 ./Core/Src/stm32f4xx_hal_msp.o
                0x00000000080034f0                HAL_MspInit
 .text.HAL_ADC_MspInit
                0x0000000008003540      0x128 ./Core/Src/stm32f4xx_hal_msp.o
                0x0000000008003540                HAL_ADC_MspInit
 .text.HAL_I2C_MspInit
                0x0000000008003668       0xb4 ./Core/Src/stm32f4xx_hal_msp.o
                0x0000000008003668                HAL_I2C_MspInit
 .text.HAL_SPI_MspInit
                0x000000000800371c       0x90 ./Core/Src/stm32f4xx_hal_msp.o
                0x000000000800371c                HAL_SPI_MspInit
 .text.HAL_TIM_Encoder_MspInit
                0x00000000080037ac       0xf8 ./Core/Src/stm32f4xx_hal_msp.o
                0x00000000080037ac                HAL_TIM_Encoder_MspInit
 .text.HAL_TIM_Base_MspInit
                0x00000000080038a4       0x50 ./Core/Src/stm32f4xx_hal_msp.o
                0x00000000080038a4                HAL_TIM_Base_MspInit
 .text.HAL_TIM_MspPostInit
                0x00000000080038f4       0x74 ./Core/Src/stm32f4xx_hal_msp.o
                0x00000000080038f4                HAL_TIM_MspPostInit
 .text.NMI_Handler
                0x0000000008003968        0x6 ./Core/Src/stm32f4xx_it.o
                0x0000000008003968                NMI_Handler
 .text.HardFault_Handler
                0x000000000800396e        0x6 ./Core/Src/stm32f4xx_it.o
                0x000000000800396e                HardFault_Handler
 .text.MemManage_Handler
                0x0000000008003974        0x6 ./Core/Src/stm32f4xx_it.o
                0x0000000008003974                MemManage_Handler
 .text.BusFault_Handler
                0x000000000800397a        0x6 ./Core/Src/stm32f4xx_it.o
                0x000000000800397a                BusFault_Handler
 .text.UsageFault_Handler
                0x0000000008003980        0x6 ./Core/Src/stm32f4xx_it.o
                0x0000000008003980                UsageFault_Handler
 .text.SVC_Handler
                0x0000000008003986        0xe ./Core/Src/stm32f4xx_it.o
                0x0000000008003986                SVC_Handler
 .text.DebugMon_Handler
                0x0000000008003994        0xe ./Core/Src/stm32f4xx_it.o
                0x0000000008003994                DebugMon_Handler
 .text.PendSV_Handler
                0x00000000080039a2        0xe ./Core/Src/stm32f4xx_it.o
                0x00000000080039a2                PendSV_Handler
 .text.SysTick_Handler
                0x00000000080039b0        0xc ./Core/Src/stm32f4xx_it.o
                0x00000000080039b0                SysTick_Handler
 .text.TIM3_IRQHandler
                0x00000000080039bc       0x14 ./Core/Src/stm32f4xx_it.o
                0x00000000080039bc                TIM3_IRQHandler
 .text.DMA2_Stream4_IRQHandler
                0x00000000080039d0       0x14 ./Core/Src/stm32f4xx_it.o
                0x00000000080039d0                DMA2_Stream4_IRQHandler
 .text._read    0x00000000080039e4       0x3a ./Core/Src/syscalls.o
                0x00000000080039e4                _read
 .text._close   0x0000000008003a1e       0x18 ./Core/Src/syscalls.o
                0x0000000008003a1e                _close
 .text._fstat   0x0000000008003a36       0x20 ./Core/Src/syscalls.o
                0x0000000008003a36                _fstat
 .text._isatty  0x0000000008003a56       0x16 ./Core/Src/syscalls.o
                0x0000000008003a56                _isatty
 .text._lseek   0x0000000008003a6c       0x1a ./Core/Src/syscalls.o
                0x0000000008003a6c                _lseek
 *fill*         0x0000000008003a86        0x2 
 .text._sbrk    0x0000000008003a88       0x6c ./Core/Src/sysmem.o
                0x0000000008003a88                _sbrk
 .text.SystemInit
                0x0000000008003af4       0x2c ./Core/Src/system_stm32f4xx.o
                0x0000000008003af4                SystemInit
 .text.Reset_Handler
                0x0000000008003b20       0x50 ./Core/Startup/startup_stm32f411ceyx.o
                0x0000000008003b20                Reset_Handler
 .text.Default_Handler
                0x0000000008003b70        0x2 ./Core/Startup/startup_stm32f411ceyx.o
                0x0000000008003b70                RTC_Alarm_IRQHandler
                0x0000000008003b70                EXTI2_IRQHandler
                0x0000000008003b70                SPI4_IRQHandler
                0x0000000008003b70                TIM1_CC_IRQHandler
                0x0000000008003b70                DMA2_Stream5_IRQHandler
                0x0000000008003b70                DMA1_Stream5_IRQHandler
                0x0000000008003b70                PVD_IRQHandler
                0x0000000008003b70                SDIO_IRQHandler
                0x0000000008003b70                TAMP_STAMP_IRQHandler
                0x0000000008003b70                EXTI3_IRQHandler
                0x0000000008003b70                TIM1_UP_TIM10_IRQHandler
                0x0000000008003b70                I2C3_ER_IRQHandler
                0x0000000008003b70                EXTI0_IRQHandler
                0x0000000008003b70                I2C2_EV_IRQHandler
                0x0000000008003b70                DMA1_Stream2_IRQHandler
                0x0000000008003b70                FPU_IRQHandler
                0x0000000008003b70                DMA2_Stream2_IRQHandler
                0x0000000008003b70                SPI1_IRQHandler
                0x0000000008003b70                TIM1_BRK_TIM9_IRQHandler
                0x0000000008003b70                DMA2_Stream3_IRQHandler
                0x0000000008003b70                USART6_IRQHandler
                0x0000000008003b70                DMA2_Stream0_IRQHandler
                0x0000000008003b70                TIM4_IRQHandler
                0x0000000008003b70                I2C1_EV_IRQHandler
                0x0000000008003b70                DMA1_Stream6_IRQHandler
                0x0000000008003b70                DMA1_Stream1_IRQHandler
                0x0000000008003b70                RCC_IRQHandler
                0x0000000008003b70                Default_Handler
                0x0000000008003b70                EXTI15_10_IRQHandler
                0x0000000008003b70                ADC_IRQHandler
                0x0000000008003b70                DMA1_Stream7_IRQHandler
                0x0000000008003b70                SPI5_IRQHandler
                0x0000000008003b70                TIM5_IRQHandler
                0x0000000008003b70                DMA2_Stream7_IRQHandler
                0x0000000008003b70                I2C3_EV_IRQHandler
                0x0000000008003b70                EXTI9_5_IRQHandler
                0x0000000008003b70                RTC_WKUP_IRQHandler
                0x0000000008003b70                SPI2_IRQHandler
                0x0000000008003b70                DMA1_Stream0_IRQHandler
                0x0000000008003b70                EXTI4_IRQHandler
                0x0000000008003b70                WWDG_IRQHandler
                0x0000000008003b70                TIM2_IRQHandler
                0x0000000008003b70                OTG_FS_WKUP_IRQHandler
                0x0000000008003b70                TIM1_TRG_COM_TIM11_IRQHandler
                0x0000000008003b70                EXTI1_IRQHandler
                0x0000000008003b70                USART2_IRQHandler
                0x0000000008003b70                I2C2_ER_IRQHandler
                0x0000000008003b70                DMA2_Stream1_IRQHandler
                0x0000000008003b70                FLASH_IRQHandler
                0x0000000008003b70                USART1_IRQHandler
                0x0000000008003b70                OTG_FS_IRQHandler
                0x0000000008003b70                SPI3_IRQHandler
                0x0000000008003b70                DMA1_Stream4_IRQHandler
                0x0000000008003b70                I2C1_ER_IRQHandler
                0x0000000008003b70                DMA2_Stream6_IRQHandler
                0x0000000008003b70                DMA1_Stream3_IRQHandler
 *fill*         0x0000000008003b72        0x2 
 .text.HAL_Init
                0x0000000008003b74       0x44 ./Drivers/STM32F4xx_HAL_Driver/Src/stm32f4xx_hal.o
                0x0000000008003b74                HAL_Init
 .text.HAL_InitTick
                0x0000000008003bb8       0x60 ./Drivers/STM32F4xx_HAL_Driver/Src/stm32f4xx_hal.o
                0x0000000008003bb8                HAL_InitTick
 .text.HAL_IncTick
                0x0000000008003c18       0x28 ./Drivers/STM32F4xx_HAL_Driver/Src/stm32f4xx_hal.o
                0x0000000008003c18                HAL_IncTick
 .text.HAL_GetTick
                0x0000000008003c40       0x18 ./Drivers/STM32F4xx_HAL_Driver/Src/stm32f4xx_hal.o
                0x0000000008003c40                HAL_GetTick
 .text.HAL_Delay
                0x0000000008003c58       0x48 ./Drivers/STM32F4xx_HAL_Driver/Src/stm32f4xx_hal.o
                0x0000000008003c58                HAL_Delay
 .text.HAL_ADC_Init
                0x0000000008003ca0       0x86 ./Drivers/STM32F4xx_HAL_Driver/Src/stm32f4xx_hal_adc.o
                0x0000000008003ca0                HAL_ADC_Init
 *fill*         0x0000000008003d26        0x2 
 .text.HAL_ADC_Start
                0x0000000008003d28      0x168 ./Drivers/STM32F4xx_HAL_Driver/Src/stm32f4xx_hal_adc.o
                0x0000000008003d28                HAL_ADC_Start
 .text.HAL_ADC_Start_DMA
                0x0000000008003e90      0x1e0 ./Drivers/STM32F4xx_HAL_Driver/Src/stm32f4xx_hal_adc.o
                0x0000000008003e90                HAL_ADC_Start_DMA
 .text.HAL_ADC_ConvCpltCallback
                0x0000000008004070       0x14 ./Drivers/STM32F4xx_HAL_Driver/Src/stm32f4xx_hal_adc.o
                0x0000000008004070                HAL_ADC_ConvCpltCallback
 .text.HAL_ADC_ConvHalfCpltCallback
                0x0000000008004084       0x14 ./Drivers/STM32F4xx_HAL_Driver/Src/stm32f4xx_hal_adc.o
                0x0000000008004084                HAL_ADC_ConvHalfCpltCallback
 .text.HAL_ADC_ErrorCallback
                0x0000000008004098       0x14 ./Drivers/STM32F4xx_HAL_Driver/Src/stm32f4xx_hal_adc.o
                0x0000000008004098                HAL_ADC_ErrorCallback
 .text.HAL_ADC_ConfigChannel
                0x00000000080040ac      0x264 ./Drivers/STM32F4xx_HAL_Driver/Src/stm32f4xx_hal_adc.o
                0x00000000080040ac                HAL_ADC_ConfigChannel
 .text.ADC_Init
                0x0000000008004310      0x1f8 ./Drivers/STM32F4xx_HAL_Driver/Src/stm32f4xx_hal_adc.o
 .text.ADC_DMAConvCplt
                0x0000000008004508       0xba ./Drivers/STM32F4xx_HAL_Driver/Src/stm32f4xx_hal_adc.o
 .text.ADC_DMAHalfConvCplt
                0x00000000080045c2       0x1c ./Drivers/STM32F4xx_HAL_Driver/Src/stm32f4xx_hal_adc.o
 .text.ADC_DMAError
                0x00000000080045de       0x2e ./Drivers/STM32F4xx_HAL_Driver/Src/stm32f4xx_hal_adc.o
 .text.__NVIC_SetPriorityGrouping
                0x000000000800460c       0x48 ./Drivers/STM32F4xx_HAL_Driver/Src/stm32f4xx_hal_cortex.o
 .text.__NVIC_GetPriorityGrouping
                0x0000000008004654       0x1c ./Drivers/STM32F4xx_HAL_Driver/Src/stm32f4xx_hal_cortex.o
 .text.__NVIC_EnableIRQ
                0x0000000008004670       0x3c ./Drivers/STM32F4xx_HAL_Driver/Src/stm32f4xx_hal_cortex.o
 .text.__NVIC_SetPriority
                0x00000000080046ac       0x54 ./Drivers/STM32F4xx_HAL_Driver/Src/stm32f4xx_hal_cortex.o
 .text.NVIC_EncodePriority
                0x0000000008004700       0x66 ./Drivers/STM32F4xx_HAL_Driver/Src/stm32f4xx_hal_cortex.o
 *fill*         0x0000000008004766        0x2 
 .text.SysTick_Config
                0x0000000008004768       0x44 ./Drivers/STM32F4xx_HAL_Driver/Src/stm32f4xx_hal_cortex.o
 .text.HAL_NVIC_SetPriorityGrouping
                0x00000000080047ac       0x16 ./Drivers/STM32F4xx_HAL_Driver/Src/stm32f4xx_hal_cortex.o
                0x00000000080047ac                HAL_NVIC_SetPriorityGrouping
 .text.HAL_NVIC_SetPriority
                0x00000000080047c2       0x38 ./Drivers/STM32F4xx_HAL_Driver/Src/stm32f4xx_hal_cortex.o
                0x00000000080047c2                HAL_NVIC_SetPriority
 .text.HAL_NVIC_EnableIRQ
                0x00000000080047fa       0x1c ./Drivers/STM32F4xx_HAL_Driver/Src/stm32f4xx_hal_cortex.o
                0x00000000080047fa                HAL_NVIC_EnableIRQ
 .text.HAL_SYSTICK_Config
                0x0000000008004816       0x18 ./Drivers/STM32F4xx_HAL_Driver/Src/stm32f4xx_hal_cortex.o
                0x0000000008004816                HAL_SYSTICK_Config
 *fill*         0x000000000800482e        0x2 
 .text.HAL_DMA_Init
                0x0000000008004830      0x15c ./Drivers/STM32F4xx_HAL_Driver/Src/stm32f4xx_hal_dma.o
                0x0000000008004830                HAL_DMA_Init
 .text.HAL_DMA_Start_IT
                0x000000000800498c       0xb0 ./Drivers/STM32F4xx_HAL_Driver/Src/stm32f4xx_hal_dma.o
                0x000000000800498c                HAL_DMA_Start_IT
 .text.HAL_DMA_IRQHandler
                0x0000000008004a3c      0x314 ./Drivers/STM32F4xx_HAL_Driver/Src/stm32f4xx_hal_dma.o
                0x0000000008004a3c                HAL_DMA_IRQHandler
 .text.DMA_SetConfig
                0x0000000008004d50       0x5c ./Drivers/STM32F4xx_HAL_Driver/Src/stm32f4xx_hal_dma.o
 .text.DMA_CalcBaseAndBitshift
                0x0000000008004dac       0x6c ./Drivers/STM32F4xx_HAL_Driver/Src/stm32f4xx_hal_dma.o
 .text.DMA_CheckFifoParam
                0x0000000008004e18       0xf8 ./Drivers/STM32F4xx_HAL_Driver/Src/stm32f4xx_hal_dma.o
 .text.HAL_GPIO_Init
                0x0000000008004f10      0x308 ./Drivers/STM32F4xx_HAL_Driver/Src/stm32f4xx_hal_gpio.o
                0x0000000008004f10                HAL_GPIO_Init
 .text.HAL_GPIO_WritePin
                0x0000000008005218       0x32 ./Drivers/STM32F4xx_HAL_Driver/Src/stm32f4xx_hal_gpio.o
                0x0000000008005218                HAL_GPIO_WritePin
 *fill*         0x000000000800524a        0x2 
 .text.HAL_I2C_Init
                0x000000000800524c      0x288 ./Drivers/STM32F4xx_HAL_Driver/Src/stm32f4xx_hal_i2c.o
                0x000000000800524c                HAL_I2C_Init
 .text.HAL_I2C_Mem_Write
                0x00000000080054d4      0x1f4 ./Drivers/STM32F4xx_HAL_Driver/Src/stm32f4xx_hal_i2c.o
                0x00000000080054d4                HAL_I2C_Mem_Write
 .text.HAL_I2C_Mem_Read
                0x00000000080056c8      0x44c ./Drivers/STM32F4xx_HAL_Driver/Src/stm32f4xx_hal_i2c.o
                0x00000000080056c8                HAL_I2C_Mem_Read
 .text.I2C_RequestMemoryWrite
                0x0000000008005b14      0x12c ./Drivers/STM32F4xx_HAL_Driver/Src/stm32f4xx_hal_i2c.o
 .text.I2C_RequestMemoryRead
                0x0000000008005c40      0x1d0 ./Drivers/STM32F4xx_HAL_Driver/Src/stm32f4xx_hal_i2c.o
 .text.I2C_WaitOnFlagUntilTimeout
                0x0000000008005e10       0xae ./Drivers/STM32F4xx_HAL_Driver/Src/stm32f4xx_hal_i2c.o
 .text.I2C_WaitOnMasterAddressFlagUntilTimeout
                0x0000000008005ebe       0xfe ./Drivers/STM32F4xx_HAL_Driver/Src/stm32f4xx_hal_i2c.o
 .text.I2C_WaitOnTXEFlagUntilTimeout
                0x0000000008005fbc       0x82 ./Drivers/STM32F4xx_HAL_Driver/Src/stm32f4xx_hal_i2c.o
 .text.I2C_WaitOnBTFFlagUntilTimeout
                0x000000000800603e       0x82 ./Drivers/STM32F4xx_HAL_Driver/Src/stm32f4xx_hal_i2c.o
 .text.I2C_WaitOnRXNEFlagUntilTimeout
                0x00000000080060c0       0xac ./Drivers/STM32F4xx_HAL_Driver/Src/stm32f4xx_hal_i2c.o
 .text.I2C_IsAcknowledgeFailed
                0x000000000800616c       0x5e ./Drivers/STM32F4xx_HAL_Driver/Src/stm32f4xx_hal_i2c.o
 *fill*         0x00000000080061ca        0x2 
 .text.HAL_RCC_OscConfig
                0x00000000080061cc      0x4f0 ./Drivers/STM32F4xx_HAL_Driver/Src/stm32f4xx_hal_rcc.o
                0x00000000080061cc                HAL_RCC_OscConfig
 .text.HAL_RCC_ClockConfig
                0x00000000080066bc      0x1cc ./Drivers/STM32F4xx_HAL_Driver/Src/stm32f4xx_hal_rcc.o
                0x00000000080066bc                HAL_RCC_ClockConfig
 .text.HAL_RCC_GetSysClockFreq
                0x0000000008006888      0x18c ./Drivers/STM32F4xx_HAL_Driver/Src/stm32f4xx_hal_rcc.o
                0x0000000008006888                HAL_RCC_GetSysClockFreq
 .text.HAL_RCC_GetHCLKFreq
                0x0000000008006a14       0x18 ./Drivers/STM32F4xx_HAL_Driver/Src/stm32f4xx_hal_rcc.o
                0x0000000008006a14                HAL_RCC_GetHCLKFreq
 .text.HAL_RCC_GetPCLK1Freq
                0x0000000008006a2c       0x28 ./Drivers/STM32F4xx_HAL_Driver/Src/stm32f4xx_hal_rcc.o
                0x0000000008006a2c                HAL_RCC_GetPCLK1Freq
 .text.HAL_SPI_Init
                0x0000000008006a54      0x112 ./Drivers/STM32F4xx_HAL_Driver/Src/stm32f4xx_hal_spi.o
                0x0000000008006a54                HAL_SPI_Init
 .text.HAL_SPI_Transmit
                0x0000000008006b66      0x278 ./Drivers/STM32F4xx_HAL_Driver/Src/stm32f4xx_hal_spi.o
                0x0000000008006b66                HAL_SPI_Transmit
 *fill*         0x0000000008006dde        0x2 
 .text.SPI_WaitFlagStateUntilTimeout
                0x0000000008006de0      0x110 ./Drivers/STM32F4xx_HAL_Driver/Src/stm32f4xx_hal_spi.o
 .text.SPI_EndRxTxTransaction
                0x0000000008006ef0       0x84 ./Drivers/STM32F4xx_HAL_Driver/Src/stm32f4xx_hal_spi.o
 .text.HAL_TIM_Base_Init
                0x0000000008006f74       0x9e ./Drivers/STM32F4xx_HAL_Driver/Src/stm32f4xx_hal_tim.o
                0x0000000008006f74                HAL_TIM_Base_Init
 *fill*         0x0000000008007012        0x2 
 .text.HAL_TIM_Base_Start
                0x0000000008007014       0xb4 ./Drivers/STM32F4xx_HAL_Driver/Src/stm32f4xx_hal_tim.o
                0x0000000008007014                HAL_TIM_Base_Start
 .text.HAL_TIM_Base_Start_IT
                0x00000000080070c8       0xc4 ./Drivers/STM32F4xx_HAL_Driver/Src/stm32f4xx_hal_tim.o
                0x00000000080070c8                HAL_TIM_Base_Start_IT
 .text.HAL_TIM_PWM_Init
                0x000000000800718c       0x9e ./Drivers/STM32F4xx_HAL_Driver/Src/stm32f4xx_hal_tim.o
                0x000000000800718c                HAL_TIM_PWM_Init
 .text.HAL_TIM_PWM_MspInit
                0x000000000800722a       0x14 ./Drivers/STM32F4xx_HAL_Driver/Src/stm32f4xx_hal_tim.o
                0x000000000800722a                HAL_TIM_PWM_MspInit
 *fill*         0x000000000800723e        0x2 
 .text.HAL_TIM_PWM_Start
                0x0000000008007240      0x160 ./Drivers/STM32F4xx_HAL_Driver/Src/stm32f4xx_hal_tim.o
                0x0000000008007240                HAL_TIM_PWM_Start
 .text.HAL_TIM_Encoder_Init
                0x00000000080073a0      0x14c ./Drivers/STM32F4xx_HAL_Driver/Src/stm32f4xx_hal_tim.o
                0x00000000080073a0                HAL_TIM_Encoder_Init
 .text.HAL_TIM_IRQHandler
                0x00000000080074ec      0x210 ./Drivers/STM32F4xx_HAL_Driver/Src/stm32f4xx_hal_tim.o
                0x00000000080074ec                HAL_TIM_IRQHandler
 .text.HAL_TIM_PWM_ConfigChannel
                0x00000000080076fc      0x184 ./Drivers/STM32F4xx_HAL_Driver/Src/stm32f4xx_hal_tim.o
                0x00000000080076fc                HAL_TIM_PWM_ConfigChannel
 .text.HAL_TIM_ConfigClockSource
                0x0000000008007880      0x18e ./Drivers/STM32F4xx_HAL_Driver/Src/stm32f4xx_hal_tim.o
                0x0000000008007880                HAL_TIM_ConfigClockSource
 .text.HAL_TIM_OC_DelayElapsedCallback
                0x0000000008007a0e       0x14 ./Drivers/STM32F4xx_HAL_Driver/Src/stm32f4xx_hal_tim.o
                0x0000000008007a0e                HAL_TIM_OC_DelayElapsedCallback
 .text.HAL_TIM_IC_CaptureCallback
                0x0000000008007a22       0x14 ./Drivers/STM32F4xx_HAL_Driver/Src/stm32f4xx_hal_tim.o
                0x0000000008007a22                HAL_TIM_IC_CaptureCallback
 .text.HAL_TIM_PWM_PulseFinishedCallback
                0x0000000008007a36       0x14 ./Drivers/STM32F4xx_HAL_Driver/Src/stm32f4xx_hal_tim.o
                0x0000000008007a36                HAL_TIM_PWM_PulseFinishedCallback
 .text.HAL_TIM_TriggerCallback
                0x0000000008007a4a       0x14 ./Drivers/STM32F4xx_HAL_Driver/Src/stm32f4xx_hal_tim.o
                0x0000000008007a4a                HAL_TIM_TriggerCallback
 *fill*         0x0000000008007a5e        0x2 
 .text.TIM_Base_SetConfig
                0x0000000008007a60      0x100 ./Drivers/STM32F4xx_HAL_Driver/Src/stm32f4xx_hal_tim.o
                0x0000000008007a60                TIM_Base_SetConfig
 .text.TIM_OC1_SetConfig
                0x0000000008007b60       0xcc ./Drivers/STM32F4xx_HAL_Driver/Src/stm32f4xx_hal_tim.o
 .text.TIM_OC2_SetConfig
                0x0000000008007c2c       0xd8 ./Drivers/STM32F4xx_HAL_Driver/Src/stm32f4xx_hal_tim.o
                0x0000000008007c2c                TIM_OC2_SetConfig
 .text.TIM_OC3_SetConfig
                0x0000000008007d04       0xd4 ./Drivers/STM32F4xx_HAL_Driver/Src/stm32f4xx_hal_tim.o
 .text.TIM_OC4_SetConfig
                0x0000000008007dd8       0xa0 ./Drivers/STM32F4xx_HAL_Driver/Src/stm32f4xx_hal_tim.o
 .text.TIM_TI1_ConfigInputStage
                0x0000000008007e78       0x5e ./Drivers/STM32F4xx_HAL_Driver/Src/stm32f4xx_hal_tim.o
 .text.TIM_TI2_ConfigInputStage
                0x0000000008007ed6       0x60 ./Drivers/STM32F4xx_HAL_Driver/Src/stm32f4xx_hal_tim.o
 .text.TIM_ITRx_SetConfig
                0x0000000008007f36       0x36 ./Drivers/STM32F4xx_HAL_Driver/Src/stm32f4xx_hal_tim.o
 .text.TIM_ETR_SetConfig
                0x0000000008007f6c       0x40 ./Drivers/STM32F4xx_HAL_Driver/Src/stm32f4xx_hal_tim.o
                0x0000000008007f6c                TIM_ETR_SetConfig
 .text.TIM_CCxChannelCmd
                0x0000000008007fac       0x4a ./Drivers/STM32F4xx_HAL_Driver/Src/stm32f4xx_hal_tim.o
                0x0000000008007fac                TIM_CCxChannelCmd
 *fill*         0x0000000008007ff6        0x2 
 .text.HAL_TIMEx_MasterConfigSynchronization
                0x0000000008007ff8       0xdc ./Drivers/STM32F4xx_HAL_Driver/Src/stm32f4xx_hal_tim_ex.o
                0x0000000008007ff8                HAL_TIMEx_MasterConfigSynchronization
 .text.HAL_TIMEx_CommutCallback
                0x00000000080080d4       0x14 ./Drivers/STM32F4xx_HAL_Driver/Src/stm32f4xx_hal_tim_ex.o
                0x00000000080080d4                HAL_TIMEx_CommutCallback
 .text.HAL_TIMEx_BreakCallback
                0x00000000080080e8       0x14 ./Drivers/STM32F4xx_HAL_Driver/Src/stm32f4xx_hal_tim_ex.o
                0x00000000080080e8                HAL_TIMEx_BreakCallback
 .text.arm_sin_f32
                0x00000000080080fc       0x88 C:\Users\Bobon\Documents\GitHub\newseqen\build\libarm_cortexM4lf_math.a(arm_sin_f32.o)
                0x00000000080080fc                arm_sin_f32
 .text.__errno  0x0000000008008184        0xc d:/st/stm32cubeide_1.3.0/stm32cubeide/plugins/com.st.stm32cube.ide.mcu.externaltools.gnu-tools-for-stm32.10.3-2021.10.win32_1.0.0.202111181127/tools/bin/../lib/gcc/arm-none-eabi/10.3.1/../../../../arm-none-eabi/lib/thumb/v7e-m+fp/hard\libc_nano.a(lib_a-errno.o)
                0x0000000008008184                __errno
 .text.__libc_init_array
                0x0000000008008190       0x48 d:/st/stm32cubeide_1.3.0/stm32cubeide/plugins/com.st.stm32cube.ide.mcu.externaltools.gnu-tools-for-stm32.10.3-2021.10.win32_1.0.0.202111181127/tools/bin/../lib/gcc/arm-none-eabi/10.3.1/../../../../arm-none-eabi/lib/thumb/v7e-m+fp/hard\libc_nano.a(lib_a-init.o)
                0x0000000008008190                __libc_init_array
 .text.memset   0x00000000080081d8       0x10 d:/st/stm32cubeide_1.3.0/stm32cubeide/plugins/com.st.stm32cube.ide.mcu.externaltools.gnu-tools-for-stm32.10.3-2021.10.win32_1.0.0.202111181127/tools/bin/../lib/gcc/arm-none-eabi/10.3.1/../../../../arm-none-eabi/lib/thumb/v7e-m+fp/hard\libc_nano.a(lib_a-memset.o)
                0x00000000080081d8                memset
 .text.printf   0x00000000080081e8       0x30 d:/st/stm32cubeide_1.3.0/stm32cubeide/plugins/com.st.stm32cube.ide.mcu.externaltools.gnu-tools-for-stm32.10.3-2021.10.win32_1.0.0.202111181127/tools/bin/../lib/gcc/arm-none-eabi/10.3.1/../../../../arm-none-eabi/lib/thumb/v7e-m+fp/hard\libc_nano.a(lib_a-printf.o)
                0x00000000080081e8                iprintf
                0x00000000080081e8                printf
 .text.std      0x0000000008008218       0x48 d:/st/stm32cubeide_1.3.0/stm32cubeide/plugins/com.st.stm32cube.ide.mcu.externaltools.gnu-tools-for-stm32.10.3-2021.10.win32_1.0.0.202111181127/tools/bin/../lib/gcc/arm-none-eabi/10.3.1/../../../../arm-none-eabi/lib/thumb/v7e-m+fp/hard\libc_nano.a(lib_a-findfp.o)
 .text._cleanup_r
                0x0000000008008260        0xc d:/st/stm32cubeide_1.3.0/stm32cubeide/plugins/com.st.stm32cube.ide.mcu.externaltools.gnu-tools-for-stm32.10.3-2021.10.win32_1.0.0.202111181127/tools/bin/../lib/gcc/arm-none-eabi/10.3.1/../../../../arm-none-eabi/lib/thumb/v7e-m+fp/hard\libc_nano.a(lib_a-findfp.o)
                0x0000000008008260                _cleanup_r
 .text.__sfmoreglue
                0x000000000800826c       0x2c d:/st/stm32cubeide_1.3.0/stm32cubeide/plugins/com.st.stm32cube.ide.mcu.externaltools.gnu-tools-for-stm32.10.3-2021.10.win32_1.0.0.202111181127/tools/bin/../lib/gcc/arm-none-eabi/10.3.1/../../../../arm-none-eabi/lib/thumb/v7e-m+fp/hard\libc_nano.a(lib_a-findfp.o)
                0x000000000800826c                __sfmoreglue
 .text.__sfp_lock_acquire
                0x0000000008008298        0xc d:/st/stm32cubeide_1.3.0/stm32cubeide/plugins/com.st.stm32cube.ide.mcu.externaltools.gnu-tools-for-stm32.10.3-2021.10.win32_1.0.0.202111181127/tools/bin/../lib/gcc/arm-none-eabi/10.3.1/../../../../arm-none-eabi/lib/thumb/v7e-m+fp/hard\libc_nano.a(lib_a-findfp.o)
                0x0000000008008298                __sfp_lock_acquire
 .text.__sfp_lock_release
                0x00000000080082a4        0xc d:/st/stm32cubeide_1.3.0/stm32cubeide/plugins/com.st.stm32cube.ide.mcu.externaltools.gnu-tools-for-stm32.10.3-2021.10.win32_1.0.0.202111181127/tools/bin/../lib/gcc/arm-none-eabi/10.3.1/../../../../arm-none-eabi/lib/thumb/v7e-m+fp/hard\libc_nano.a(lib_a-findfp.o)
                0x00000000080082a4                __sfp_lock_release
 .text.__sinit_lock_acquire
                0x00000000080082b0        0xc d:/st/stm32cubeide_1.3.0/stm32cubeide/plugins/com.st.stm32cube.ide.mcu.externaltools.gnu-tools-for-stm32.10.3-2021.10.win32_1.0.0.202111181127/tools/bin/../lib/gcc/arm-none-eabi/10.3.1/../../../../arm-none-eabi/lib/thumb/v7e-m+fp/hard\libc_nano.a(lib_a-findfp.o)
                0x00000000080082b0                __sinit_lock_acquire
 .text.__sinit_lock_release
                0x00000000080082bc        0xc d:/st/stm32cubeide_1.3.0/stm32cubeide/plugins/com.st.stm32cube.ide.mcu.externaltools.gnu-tools-for-stm32.10.3-2021.10.win32_1.0.0.202111181127/tools/bin/../lib/gcc/arm-none-eabi/10.3.1/../../../../arm-none-eabi/lib/thumb/v7e-m+fp/hard\libc_nano.a(lib_a-findfp.o)
                0x00000000080082bc                __sinit_lock_release
 .text.__sinit  0x00000000080082c8       0x70 d:/st/stm32cubeide_1.3.0/stm32cubeide/plugins/com.st.stm32cube.ide.mcu.externaltools.gnu-tools-for-stm32.10.3-2021.10.win32_1.0.0.202111181127/tools/bin/../lib/gcc/arm-none-eabi/10.3.1/../../../../arm-none-eabi/lib/thumb/v7e-m+fp/hard\libc_nano.a(lib_a-findfp.o)
                0x00000000080082c8                __sinit
 .text.__sfp    0x0000000008008338       0x8c d:/st/stm32cubeide_1.3.0/stm32cubeide/plugins/com.st.stm32cube.ide.mcu.externaltools.gnu-tools-for-stm32.10.3-2021.10.win32_1.0.0.202111181127/tools/bin/../lib/gcc/arm-none-eabi/10.3.1/../../../../arm-none-eabi/lib/thumb/v7e-m+fp/hard\libc_nano.a(lib_a-findfp.o)
                0x0000000008008338                __sfp
 .text._fwalk_reent
                0x00000000080083c4       0x3e d:/st/stm32cubeide_1.3.0/stm32cubeide/plugins/com.st.stm32cube.ide.mcu.externaltools.gnu-tools-for-stm32.10.3-2021.10.win32_1.0.0.202111181127/tools/bin/../lib/gcc/arm-none-eabi/10.3.1/../../../../arm-none-eabi/lib/thumb/v7e-m+fp/hard\libc_nano.a(lib_a-fwalk.o)
                0x00000000080083c4                _fwalk_reent
 .text.__retarget_lock_init_recursive
                0x0000000008008402        0x2 d:/st/stm32cubeide_1.3.0/stm32cubeide/plugins/com.st.stm32cube.ide.mcu.externaltools.gnu-tools-for-stm32.10.3-2021.10.win32_1.0.0.202111181127/tools/bin/../lib/gcc/arm-none-eabi/10.3.1/../../../../arm-none-eabi/lib/thumb/v7e-m+fp/hard\libc_nano.a(lib_a-lock.o)
                0x0000000008008402                __retarget_lock_init_recursive
 .text.__retarget_lock_acquire_recursive
                0x0000000008008404        0x2 d:/st/stm32cubeide_1.3.0/stm32cubeide/plugins/com.st.stm32cube.ide.mcu.externaltools.gnu-tools-for-stm32.10.3-2021.10.win32_1.0.0.202111181127/tools/bin/../lib/gcc/arm-none-eabi/10.3.1/../../../../arm-none-eabi/lib/thumb/v7e-m+fp/hard\libc_nano.a(lib_a-lock.o)
                0x0000000008008404                __retarget_lock_acquire_recursive
 .text.__retarget_lock_release_recursive
                0x0000000008008406        0x2 d:/st/stm32cubeide_1.3.0/stm32cubeide/plugins/com.st.stm32cube.ide.mcu.externaltools.gnu-tools-for-stm32.10.3-2021.10.win32_1.0.0.202111181127/tools/bin/../lib/gcc/arm-none-eabi/10.3.1/../../../../arm-none-eabi/lib/thumb/v7e-m+fp/hard\libc_nano.a(lib_a-lock.o)
                0x0000000008008406                __retarget_lock_release_recursive
 .text.sbrk_aligned
                0x0000000008008408       0x40 d:/st/stm32cubeide_1.3.0/stm32cubeide/plugins/com.st.stm32cube.ide.mcu.externaltools.gnu-tools-for-stm32.10.3-2021.10.win32_1.0.0.202111181127/tools/bin/../lib/gcc/arm-none-eabi/10.3.1/../../../../arm-none-eabi/lib/thumb/v7e-m+fp/hard\libc_nano.a(lib_a-nano-mallocr.o)
 .text._malloc_r
                0x0000000008008448       0xe8 d:/st/stm32cubeide_1.3.0/stm32cubeide/plugins/com.st.stm32cube.ide.mcu.externaltools.gnu-tools-for-stm32.10.3-2021.10.win32_1.0.0.202111181127/tools/bin/../lib/gcc/arm-none-eabi/10.3.1/../../../../arm-none-eabi/lib/thumb/v7e-m+fp/hard\libc_nano.a(lib_a-nano-mallocr.o)
                0x0000000008008448                _malloc_r
 .text.__sfputc_r
                0x0000000008008530       0x2e d:/st/stm32cubeide_1.3.0/stm32cubeide/plugins/com.st.stm32cube.ide.mcu.externaltools.gnu-tools-for-stm32.10.3-2021.10.win32_1.0.0.202111181127/tools/bin/../lib/gcc/arm-none-eabi/10.3.1/../../../../arm-none-eabi/lib/thumb/v7e-m+fp/hard\libc_nano.a(lib_a-nano-vfprintf.o)
 .text.__sfputs_r
                0x000000000800855e       0x24 d:/st/stm32cubeide_1.3.0/stm32cubeide/plugins/com.st.stm32cube.ide.mcu.externaltools.gnu-tools-for-stm32.10.3-2021.10.win32_1.0.0.202111181127/tools/bin/../lib/gcc/arm-none-eabi/10.3.1/../../../../arm-none-eabi/lib/thumb/v7e-m+fp/hard\libc_nano.a(lib_a-nano-vfprintf.o)
                0x000000000800855e                __sfputs_r
 *fill*         0x0000000008008582        0x2 
 .text._vfprintf_r
                0x0000000008008584      0x260 d:/st/stm32cubeide_1.3.0/stm32cubeide/plugins/com.st.stm32cube.ide.mcu.externaltools.gnu-tools-for-stm32.10.3-2021.10.win32_1.0.0.202111181127/tools/bin/../lib/gcc/arm-none-eabi/10.3.1/../../../../arm-none-eabi/lib/thumb/v7e-m+fp/hard\libc_nano.a(lib_a-nano-vfprintf.o)
                0x0000000008008584                _vfprintf_r
                0x0000000008008584                _vfiprintf_r
 .text._printf_common
                0x00000000080087e4       0xda d:/st/stm32cubeide_1.3.0/stm32cubeide/plugins/com.st.stm32cube.ide.mcu.externaltools.gnu-tools-for-stm32.10.3-2021.10.win32_1.0.0.202111181127/tools/bin/../lib/gcc/arm-none-eabi/10.3.1/../../../../arm-none-eabi/lib/thumb/v7e-m+fp/hard\libc_nano.a(lib_a-nano-vfprintf_i.o)
                0x00000000080087e4                _printf_common
 *fill*         0x00000000080088be        0x2 
 .text._printf_i
                0x00000000080088c0      0x24c d:/st/stm32cubeide_1.3.0/stm32cubeide/plugins/com.st.stm32cube.ide.mcu.externaltools.gnu-tools-for-stm32.10.3-2021.10.win32_1.0.0.202111181127/tools/bin/../lib/gcc/arm-none-eabi/10.3.1/../../../../arm-none-eabi/lib/thumb/v7e-m+fp/hard\libc_nano.a(lib_a-nano-vfprintf_i.o)
                0x00000000080088c0                _printf_i
 .text._sbrk_r  0x0000000008008b0c       0x20 d:/st/stm32cubeide_1.3.0/stm32cubeide/plugins/com.st.stm32cube.ide.mcu.externaltools.gnu-tools-for-stm32.10.3-2021.10.win32_1.0.0.202111181127/tools/bin/../lib/gcc/arm-none-eabi/10.3.1/../../../../arm-none-eabi/lib/thumb/v7e-m+fp/hard\libc_nano.a(lib_a-sbrkr.o)
                0x0000000008008b0c                _sbrk_r
 .text.__sread  0x0000000008008b2c       0x22 d:/st/stm32cubeide_1.3.0/stm32cubeide/plugins/com.st.stm32cube.ide.mcu.externaltools.gnu-tools-for-stm32.10.3-2021.10.win32_1.0.0.202111181127/tools/bin/../lib/gcc/arm-none-eabi/10.3.1/../../../../arm-none-eabi/lib/thumb/v7e-m+fp/hard\libc_nano.a(lib_a-stdio.o)
                0x0000000008008b2c                __sread
 .text.__swrite
                0x0000000008008b4e       0x38 d:/st/stm32cubeide_1.3.0/stm32cubeide/plugins/com.st.stm32cube.ide.mcu.externaltools.gnu-tools-for-stm32.10.3-2021.10.win32_1.0.0.202111181127/tools/bin/../lib/gcc/arm-none-eabi/10.3.1/../../../../arm-none-eabi/lib/thumb/v7e-m+fp/hard\libc_nano.a(lib_a-stdio.o)
                0x0000000008008b4e                __swrite
 .text.__sseek  0x0000000008008b86       0x24 d:/st/stm32cubeide_1.3.0/stm32cubeide/plugins/com.st.stm32cube.ide.mcu.externaltools.gnu-tools-for-stm32.10.3-2021.10.win32_1.0.0.202111181127/tools/bin/../lib/gcc/arm-none-eabi/10.3.1/../../../../arm-none-eabi/lib/thumb/v7e-m+fp/hard\libc_nano.a(lib_a-stdio.o)
                0x0000000008008b86                __sseek
 .text.__sclose
                0x0000000008008baa        0x8 d:/st/stm32cubeide_1.3.0/stm32cubeide/plugins/com.st.stm32cube.ide.mcu.externaltools.gnu-tools-for-stm32.10.3-2021.10.win32_1.0.0.202111181127/tools/bin/../lib/gcc/arm-none-eabi/10.3.1/../../../../arm-none-eabi/lib/thumb/v7e-m+fp/hard\libc_nano.a(lib_a-stdio.o)
                0x0000000008008baa                __sclose
 *fill*         0x0000000008008bb2        0x2 
 .text.__swbuf_r
                0x0000000008008bb4       0xa4 d:/st/stm32cubeide_1.3.0/stm32cubeide/plugins/com.st.stm32cube.ide.mcu.externaltools.gnu-tools-for-stm32.10.3-2021.10.win32_1.0.0.202111181127/tools/bin/../lib/gcc/arm-none-eabi/10.3.1/../../../../arm-none-eabi/lib/thumb/v7e-m+fp/hard\libc_nano.a(lib_a-wbuf.o)
                0x0000000008008bb4                __swbuf_r
 .text._write_r
                0x0000000008008c58       0x24 d:/st/stm32cubeide_1.3.0/stm32cubeide/plugins/com.st.stm32cube.ide.mcu.externaltools.gnu-tools-for-stm32.10.3-2021.10.win32_1.0.0.202111181127/tools/bin/../lib/gcc/arm-none-eabi/10.3.1/../../../../arm-none-eabi/lib/thumb/v7e-m+fp/hard\libc_nano.a(lib_a-writer.o)
                0x0000000008008c58                _write_r
 .text.__swsetup_r
                0x0000000008008c7c       0xdc d:/st/stm32cubeide_1.3.0/stm32cubeide/plugins/com.st.stm32cube.ide.mcu.externaltools.gnu-tools-for-stm32.10.3-2021.10.win32_1.0.0.202111181127/tools/bin/../lib/gcc/arm-none-eabi/10.3.1/../../../../arm-none-eabi/lib/thumb/v7e-m+fp/hard\libc_nano.a(lib_a-wsetup.o)
                0x0000000008008c7c                __swsetup_r
 .text._close_r
                0x0000000008008d58       0x20 d:/st/stm32cubeide_1.3.0/stm32cubeide/plugins/com.st.stm32cube.ide.mcu.externaltools.gnu-tools-for-stm32.10.3-2021.10.win32_1.0.0.202111181127/tools/bin/../lib/gcc/arm-none-eabi/10.3.1/../../../../arm-none-eabi/lib/thumb/v7e-m+fp/hard\libc_nano.a(lib_a-closer.o)
                0x0000000008008d58                _close_r
 .text.__sflush_r
                0x0000000008008d78      0x10c d:/st/stm32cubeide_1.3.0/stm32cubeide/plugins/com.st.stm32cube.ide.mcu.externaltools.gnu-tools-for-stm32.10.3-2021.10.win32_1.0.0.202111181127/tools/bin/../lib/gcc/arm-none-eabi/10.3.1/../../../../arm-none-eabi/lib/thumb/v7e-m+fp/hard\libc_nano.a(lib_a-fflush.o)
                0x0000000008008d78                __sflush_r
 .text._fflush_r
                0x0000000008008e84       0x78 d:/st/stm32cubeide_1.3.0/stm32cubeide/plugins/com.st.stm32cube.ide.mcu.externaltools.gnu-tools-for-stm32.10.3-2021.10.win32_1.0.0.202111181127/tools/bin/../lib/gcc/arm-none-eabi/10.3.1/../../../../arm-none-eabi/lib/thumb/v7e-m+fp/hard\libc_nano.a(lib_a-fflush.o)
                0x0000000008008e84                _fflush_r
 .text._lseek_r
                0x0000000008008efc       0x24 d:/st/stm32cubeide_1.3.0/stm32cubeide/plugins/com.st.stm32cube.ide.mcu.externaltools.gnu-tools-for-stm32.10.3-2021.10.win32_1.0.0.202111181127/tools/bin/../lib/gcc/arm-none-eabi/10.3.1/../../../../arm-none-eabi/lib/thumb/v7e-m+fp/hard\libc_nano.a(lib_a-lseekr.o)
                0x0000000008008efc                _lseek_r
 .text.__swhatbuf_r
                0x0000000008008f20       0x4a d:/st/stm32cubeide_1.3.0/stm32cubeide/plugins/com.st.stm32cube.ide.mcu.externaltools.gnu-tools-for-stm32.10.3-2021.10.win32_1.0.0.202111181127/tools/bin/../lib/gcc/arm-none-eabi/10.3.1/../../../../arm-none-eabi/lib/thumb/v7e-m+fp/hard\libc_nano.a(lib_a-makebuf.o)
                0x0000000008008f20                __swhatbuf_r
 *fill*         0x0000000008008f6a        0x2 
 .text.__smakebuf_r
                0x0000000008008f6c       0x80 d:/st/stm32cubeide_1.3.0/stm32cubeide/plugins/com.st.stm32cube.ide.mcu.externaltools.gnu-tools-for-stm32.10.3-2021.10.win32_1.0.0.202111181127/tools/bin/../lib/gcc/arm-none-eabi/10.3.1/../../../../arm-none-eabi/lib/thumb/v7e-m+fp/hard\libc_nano.a(lib_a-makebuf.o)
                0x0000000008008f6c                __smakebuf_r
 .text.__malloc_lock
                0x0000000008008fec        0xc d:/st/stm32cubeide_1.3.0/stm32cubeide/plugins/com.st.stm32cube.ide.mcu.externaltools.gnu-tools-for-stm32.10.3-2021.10.win32_1.0.0.202111181127/tools/bin/../lib/gcc/arm-none-eabi/10.3.1/../../../../arm-none-eabi/lib/thumb/v7e-m+fp/hard\libc_nano.a(lib_a-mlock.o)
                0x0000000008008fec                __malloc_lock
 .text.__malloc_unlock
                0x0000000008008ff8        0xc d:/st/stm32cubeide_1.3.0/stm32cubeide/plugins/com.st.stm32cube.ide.mcu.externaltools.gnu-tools-for-stm32.10.3-2021.10.win32_1.0.0.202111181127/tools/bin/../lib/gcc/arm-none-eabi/10.3.1/../../../../arm-none-eabi/lib/thumb/v7e-m+fp/hard\libc_nano.a(lib_a-mlock.o)
                0x0000000008008ff8                __malloc_unlock
 .text._free_r  0x0000000008009004       0x98 d:/st/stm32cubeide_1.3.0/stm32cubeide/plugins/com.st.stm32cube.ide.mcu.externaltools.gnu-tools-for-stm32.10.3-2021.10.win32_1.0.0.202111181127/tools/bin/../lib/gcc/arm-none-eabi/10.3.1/../../../../arm-none-eabi/lib/thumb/v7e-m+fp/hard\libc_nano.a(lib_a-nano-freer.o)
                0x0000000008009004                _free_r
 .text._read_r  0x000000000800909c       0x24 d:/st/stm32cubeide_1.3.0/stm32cubeide/plugins/com.st.stm32cube.ide.mcu.externaltools.gnu-tools-for-stm32.10.3-2021.10.win32_1.0.0.202111181127/tools/bin/../lib/gcc/arm-none-eabi/10.3.1/../../../../arm-none-eabi/lib/thumb/v7e-m+fp/hard\libc_nano.a(lib_a-readr.o)
                0x000000000800909c                _read_r
 .text._fstat_r
                0x00000000080090c0       0x24 d:/st/stm32cubeide_1.3.0/stm32cubeide/plugins/com.st.stm32cube.ide.mcu.externaltools.gnu-tools-for-stm32.10.3-2021.10.win32_1.0.0.202111181127/tools/bin/../lib/gcc/arm-none-eabi/10.3.1/../../../../arm-none-eabi/lib/thumb/v7e-m+fp/hard\libc_nano.a(lib_a-fstatr.o)
                0x00000000080090c0                _fstat_r
 .text._isatty_r
                0x00000000080090e4       0x20 d:/st/stm32cubeide_1.3.0/stm32cubeide/plugins/com.st.stm32cube.ide.mcu.externaltools.gnu-tools-for-stm32.10.3-2021.10.win32_1.0.0.202111181127/tools/bin/../lib/gcc/arm-none-eabi/10.3.1/../../../../arm-none-eabi/lib/thumb/v7e-m+fp/hard\libc_nano.a(lib_a-isattyr.o)
                0x00000000080090e4                _isatty_r
 *(.glue_7)
 .glue_7        0x0000000008009104        0x0 linker stubs
 *(.glue_7t)
 .glue_7t       0x0000000008009104        0x0 linker stubs
 *(.eh_frame)
 .eh_frame      0x0000000008009104        0x0 d:/st/stm32cubeide_1.3.0/stm32cubeide/plugins/com.st.stm32cube.ide.mcu.externaltools.gnu-tools-for-stm32.10.3-2021.10.win32_1.0.0.202111181127/tools/bin/../lib/gcc/arm-none-eabi/10.3.1/thumb/v7e-m+fp/hard/crtbegin.o
 *(.init)
 .init          0x0000000008009104        0x4 d:/st/stm32cubeide_1.3.0/stm32cubeide/plugins/com.st.stm32cube.ide.mcu.externaltools.gnu-tools-for-stm32.10.3-2021.10.win32_1.0.0.202111181127/tools/bin/../lib/gcc/arm-none-eabi/10.3.1/thumb/v7e-m+fp/hard/crti.o
                0x0000000008009104                _init
 .init          0x0000000008009108        0x8 d:/st/stm32cubeide_1.3.0/stm32cubeide/plugins/com.st.stm32cube.ide.mcu.externaltools.gnu-tools-for-stm32.10.3-2021.10.win32_1.0.0.202111181127/tools/bin/../lib/gcc/arm-none-eabi/10.3.1/thumb/v7e-m+fp/hard/crtn.o
 *(.fini)
 .fini          0x0000000008009110        0x4 d:/st/stm32cubeide_1.3.0/stm32cubeide/plugins/com.st.stm32cube.ide.mcu.externaltools.gnu-tools-for-stm32.10.3-2021.10.win32_1.0.0.202111181127/tools/bin/../lib/gcc/arm-none-eabi/10.3.1/thumb/v7e-m+fp/hard/crti.o
                0x0000000008009110                _fini
 .fini          0x0000000008009114        0x8 d:/st/stm32cubeide_1.3.0/stm32cubeide/plugins/com.st.stm32cube.ide.mcu.externaltools.gnu-tools-for-stm32.10.3-2021.10.win32_1.0.0.202111181127/tools/bin/../lib/gcc/arm-none-eabi/10.3.1/thumb/v7e-m+fp/hard/crtn.o
                0x000000000800911c                . = ALIGN (0x4)
                0x000000000800911c                _etext = .

.vfp11_veneer   0x000000000800911c        0x0
 .vfp11_veneer  0x000000000800911c        0x0 linker stubs

.v4_bx          0x000000000800911c        0x0
 .v4_bx         0x000000000800911c        0x0 linker stubs

.iplt           0x000000000800911c        0x0
 .iplt          0x000000000800911c        0x0 d:/st/stm32cubeide_1.3.0/stm32cubeide/plugins/com.st.stm32cube.ide.mcu.externaltools.gnu-tools-for-stm32.10.3-2021.10.win32_1.0.0.202111181127/tools/bin/../lib/gcc/arm-none-eabi/10.3.1/thumb/v7e-m+fp/hard/crtbegin.o

.rodata         0x000000000800911c     0x12a4
                0x000000000800911c                . = ALIGN (0x4)
 *(.rodata)
 .rodata        0x000000000800911c       0x6c ./Core/Src/main.o
 *(.rodata*)
 .rodata.MajorNote
                0x0000000008009188       0x1b ./Core/Src/main.o
                0x0000000008009188                MajorNote
 *fill*         0x00000000080091a3        0x1 
 .rodata.sample_Noteadd
                0x00000000080091a4       0x64 ./Core/Src/main.o
                0x00000000080091a4                sample_Noteadd
 .rodata.disp_lut
                0x0000000008009208      0x340 ./Core/Src/main.o
                0x0000000008009208                disp_lut
 .rodata.menuList
                0x0000000008009548       0x81 ./Core/Src/main.o
                0x0000000008009548                menuList
 *fill*         0x00000000080095c9        0x3 
 .rodata.menuList2
                0x00000000080095cc       0x81 ./Core/Src/main.o
                0x00000000080095cc                menuList2
 *fill*         0x000000000800964d        0x3 
 .rodata.sine_block
                0x0000000008009650      0x4b2 ./Core/Src/main.o
                0x0000000008009650                sine_block
 *fill*         0x0000000008009b02        0x2 
 .rodata.AHBPrescTable
                0x0000000008009b04       0x10 ./Core/Src/system_stm32f4xx.o
                0x0000000008009b04                AHBPrescTable
 .rodata.APBPrescTable
                0x0000000008009b14        0x8 ./Core/Src/system_stm32f4xx.o
                0x0000000008009b14                APBPrescTable
 .rodata.flagBitshiftOffset.0
                0x0000000008009b1c        0x8 ./Drivers/STM32F4xx_HAL_Driver/Src/stm32f4xx_hal_dma.o
 .rodata.sinTable_f32
                0x0000000008009b24      0x804 C:\Users\Bobon\Documents\GitHub\newseqen\build\libarm_cortexM4lf_math.a(arm_common_tables.o)
                0x0000000008009b24                sinTable_f32
 .rodata._global_impure_ptr
                0x000000000800a328        0x4 d:/st/stm32cubeide_1.3.0/stm32cubeide/plugins/com.st.stm32cube.ide.mcu.externaltools.gnu-tools-for-stm32.10.3-2021.10.win32_1.0.0.202111181127/tools/bin/../lib/gcc/arm-none-eabi/10.3.1/../../../../arm-none-eabi/lib/thumb/v7e-m+fp/hard\libc_nano.a(lib_a-impure.o)
                0x000000000800a328                _global_impure_ptr
 .rodata.__sf_fake_stderr
                0x000000000800a32c       0x20 d:/st/stm32cubeide_1.3.0/stm32cubeide/plugins/com.st.stm32cube.ide.mcu.externaltools.gnu-tools-for-stm32.10.3-2021.10.win32_1.0.0.202111181127/tools/bin/../lib/gcc/arm-none-eabi/10.3.1/../../../../arm-none-eabi/lib/thumb/v7e-m+fp/hard\libc_nano.a(lib_a-findfp.o)
                0x000000000800a32c                __sf_fake_stderr
 .rodata.__sf_fake_stdin
                0x000000000800a34c       0x20 d:/st/stm32cubeide_1.3.0/stm32cubeide/plugins/com.st.stm32cube.ide.mcu.externaltools.gnu-tools-for-stm32.10.3-2021.10.win32_1.0.0.202111181127/tools/bin/../lib/gcc/arm-none-eabi/10.3.1/../../../../arm-none-eabi/lib/thumb/v7e-m+fp/hard\libc_nano.a(lib_a-findfp.o)
                0x000000000800a34c                __sf_fake_stdin
 .rodata.__sf_fake_stdout
                0x000000000800a36c       0x20 d:/st/stm32cubeide_1.3.0/stm32cubeide/plugins/com.st.stm32cube.ide.mcu.externaltools.gnu-tools-for-stm32.10.3-2021.10.win32_1.0.0.202111181127/tools/bin/../lib/gcc/arm-none-eabi/10.3.1/../../../../arm-none-eabi/lib/thumb/v7e-m+fp/hard\libc_nano.a(lib_a-findfp.o)
                0x000000000800a36c                __sf_fake_stdout
 .rodata._vfprintf_r.str1.1
                0x000000000800a38c       0x11 d:/st/stm32cubeide_1.3.0/stm32cubeide/plugins/com.st.stm32cube.ide.mcu.externaltools.gnu-tools-for-stm32.10.3-2021.10.win32_1.0.0.202111181127/tools/bin/../lib/gcc/arm-none-eabi/10.3.1/../../../../arm-none-eabi/lib/thumb/v7e-m+fp/hard\libc_nano.a(lib_a-nano-vfprintf.o)
 .rodata._printf_i.str1.1
                0x000000000800a39d       0x22 d:/st/stm32cubeide_1.3.0/stm32cubeide/plugins/com.st.stm32cube.ide.mcu.externaltools.gnu-tools-for-stm32.10.3-2021.10.win32_1.0.0.202111181127/tools/bin/../lib/gcc/arm-none-eabi/10.3.1/../../../../arm-none-eabi/lib/thumb/v7e-m+fp/hard\libc_nano.a(lib_a-nano-vfprintf_i.o)
                0x000000000800a3c0                . = ALIGN (0x4)
 *fill*         0x000000000800a3bf        0x1 

.ARM.extab      0x000000000800a3c0        0x0
                0x000000000800a3c0                . = ALIGN (0x4)
 *(.ARM.extab* .gnu.linkonce.armextab.*)
                0x000000000800a3c0                . = ALIGN (0x4)

.ARM            0x000000000800a3c0        0x8
                0x000000000800a3c0                . = ALIGN (0x4)
                0x000000000800a3c0                __exidx_start = .
 *(.ARM.exidx*)
 .ARM.exidx     0x000000000800a3c0        0x8 d:/st/stm32cubeide_1.3.0/stm32cubeide/plugins/com.st.stm32cube.ide.mcu.externaltools.gnu-tools-for-stm32.10.3-2021.10.win32_1.0.0.202111181127/tools/bin/../lib/gcc/arm-none-eabi/10.3.1/thumb/v7e-m+fp/hard\libgcc.a(_udivmoddi4.o)
                0x000000000800a3c8                __exidx_end = .
                0x000000000800a3c8                . = ALIGN (0x4)

.rel.dyn        0x000000000800a3c8        0x0
 .rel.iplt      0x000000000800a3c8        0x0 d:/st/stm32cubeide_1.3.0/stm32cubeide/plugins/com.st.stm32cube.ide.mcu.externaltools.gnu-tools-for-stm32.10.3-2021.10.win32_1.0.0.202111181127/tools/bin/../lib/gcc/arm-none-eabi/10.3.1/thumb/v7e-m+fp/hard/crtbegin.o

.preinit_array  0x000000000800a3c8        0x0
                0x000000000800a3c8                . = ALIGN (0x4)
                0x000000000800a3c8                PROVIDE (__preinit_array_start = .)
 *(.preinit_array*)
                0x000000000800a3c8                PROVIDE (__preinit_array_end = .)
                0x000000000800a3c8                . = ALIGN (0x4)

.init_array     0x000000000800a3c8        0x4
                0x000000000800a3c8                . = ALIGN (0x4)
                0x000000000800a3c8                PROVIDE (__init_array_start = .)
 *(SORT_BY_NAME(.init_array.*))
 *(.init_array*)
 .init_array    0x000000000800a3c8        0x4 d:/st/stm32cubeide_1.3.0/stm32cubeide/plugins/com.st.stm32cube.ide.mcu.externaltools.gnu-tools-for-stm32.10.3-2021.10.win32_1.0.0.202111181127/tools/bin/../lib/gcc/arm-none-eabi/10.3.1/thumb/v7e-m+fp/hard/crtbegin.o
                0x000000000800a3cc                PROVIDE (__init_array_end = .)
                0x000000000800a3cc                . = ALIGN (0x4)

.fini_array     0x000000000800a3cc        0x4
                0x000000000800a3cc                . = ALIGN (0x4)
                [!provide]                        PROVIDE (__fini_array_start = .)
 *(SORT_BY_NAME(.fini_array.*))
 *(.fini_array*)
 .fini_array    0x000000000800a3cc        0x4 d:/st/stm32cubeide_1.3.0/stm32cubeide/plugins/com.st.stm32cube.ide.mcu.externaltools.gnu-tools-for-stm32.10.3-2021.10.win32_1.0.0.202111181127/tools/bin/../lib/gcc/arm-none-eabi/10.3.1/thumb/v7e-m+fp/hard/crtbegin.o
                [!provide]                        PROVIDE (__fini_array_end = .)
                0x000000000800a3d0                . = ALIGN (0x4)
                0x000000000800a3d0                _sidata = LOADADDR (.data)

.data           0x0000000020000000      0x66c load address 0x000000000800a3d0
                0x0000000020000000                . = ALIGN (0x4)
                0x0000000020000000                _sdata = .
 *(.data)
 *(.data*)
 .data.feedback_line
                0x0000000020000000       0x22 ./Core/Src/main.o
                0x0000000020000000                feedback_line
 *fill*         0x0000000020000022        0x2 
 .data.spell    0x0000000020000024      0x142 ./Core/Src/main.o
                0x0000000020000024                spell
 .data.sine_length
                0x0000000020000166        0x2 ./Core/Src/main.o
                0x0000000020000166                sine_length
 .data.sine_lut
                0x0000000020000168       0x62 ./Core/Src/main.o
                0x0000000020000168                sine_lut
 *fill*         0x00000000200001ca        0x2 
 .data.adc_values
                0x00000000200001cc        0xa ./Core/Src/main.o
                0x00000000200001cc                adc_values
 .data.bank_write
                0x00000000200001d6        0x2 ./Core/Src/main.o
                0x00000000200001d6                bank_write
 .data.gfx_char
                0x00000000200001d8      0x400 ./Core/Src/main.o
                0x00000000200001d8                gfx_char
 .data.gfx_skip
                0x00000000200005d8        0x1 ./Core/Src/main.o
                0x00000000200005d8                gfx_skip
 *fill*         0x00000000200005d9        0x3 
 .data.disp_multi
                0x00000000200005dc       0x1e ./Core/Src/main.o
                0x00000000200005dc                disp_multi
 .data.disp_stepper
                0x00000000200005fa        0x1 ./Core/Src/main.o
                0x00000000200005fa                disp_stepper
 *fill*         0x00000000200005fb        0x1 
 .data.SystemCoreClock
                0x00000000200005fc        0x4 ./Core/Src/system_stm32f4xx.o
                0x00000000200005fc                SystemCoreClock
 .data.uwTickPrio
                0x0000000020000600        0x4 ./Drivers/STM32F4xx_HAL_Driver/Src/stm32f4xx_hal.o
                0x0000000020000600                uwTickPrio
 .data.uwTickFreq
                0x0000000020000604        0x1 ./Drivers/STM32F4xx_HAL_Driver/Src/stm32f4xx_hal.o
                0x0000000020000604                uwTickFreq
 *fill*         0x0000000020000605        0x3 
 .data._impure_ptr
                0x0000000020000608        0x4 d:/st/stm32cubeide_1.3.0/stm32cubeide/plugins/com.st.stm32cube.ide.mcu.externaltools.gnu-tools-for-stm32.10.3-2021.10.win32_1.0.0.202111181127/tools/bin/../lib/gcc/arm-none-eabi/10.3.1/../../../../arm-none-eabi/lib/thumb/v7e-m+fp/hard\libc_nano.a(lib_a-impure.o)
                0x0000000020000608                _impure_ptr
 .data.impure_data
                0x000000002000060c       0x60 d:/st/stm32cubeide_1.3.0/stm32cubeide/plugins/com.st.stm32cube.ide.mcu.externaltools.gnu-tools-for-stm32.10.3-2021.10.win32_1.0.0.202111181127/tools/bin/../lib/gcc/arm-none-eabi/10.3.1/../../../../arm-none-eabi/lib/thumb/v7e-m+fp/hard\libc_nano.a(lib_a-impure.o)
 *(.RamFunc)
 *(.RamFunc*)
                0x000000002000066c                . = ALIGN (0x4)
                0x000000002000066c                _edata = .

.igot.plt       0x000000002000066c        0x0 load address 0x000000000800aa3c
 .igot.plt      0x000000002000066c        0x0 d:/st/stm32cubeide_1.3.0/stm32cubeide/plugins/com.st.stm32cube.ide.mcu.externaltools.gnu-tools-for-stm32.10.3-2021.10.win32_1.0.0.202111181127/tools/bin/../lib/gcc/arm-none-eabi/10.3.1/thumb/v7e-m+fp/hard/crtbegin.o
                0x000000002000066c                . = ALIGN (0x4)

.bss            0x000000002000066c     0x1bf8 load address 0x000000000800aa3c
                0x000000002000066c                _sbss = .
                0x000000002000066c                __bss_start__ = _sbss
 *(.bss)
 .bss           0x000000002000066c       0x1c d:/st/stm32cubeide_1.3.0/stm32cubeide/plugins/com.st.stm32cube.ide.mcu.externaltools.gnu-tools-for-stm32.10.3-2021.10.win32_1.0.0.202111181127/tools/bin/../lib/gcc/arm-none-eabi/10.3.1/thumb/v7e-m+fp/hard/crtbegin.o
 *(.bss*)
 .bss.enc2_lut  0x0000000020000688      0x168 ./Core/Src/main.o
                0x0000000020000688                enc2_lut
 .bss.feedback_pointer
                0x00000000200007f0        0x1 ./Core/Src/main.o
                0x00000000200007f0                feedback_pointer
 *fill*         0x00000000200007f1        0x3 
 .bss.potValues
                0x00000000200007f4      0x100 ./Core/Src/main.o
                0x00000000200007f4                potValues
 .bss.potSource
                0x00000000200008f4      0x100 ./Core/Src/main.o
                0x00000000200008f4                potSource
 .bss.noteTiming
                0x00000000200009f4        0x1 ./Core/Src/main.o
                0x00000000200009f4                noteTiming
 .bss.menuSelect
                0x00000000200009f5        0x1 ./Core/Src/main.o
                0x00000000200009f5                menuSelect
 .bss.menuSelectX
                0x00000000200009f6        0x1 ./Core/Src/main.o
                0x00000000200009f6                menuSelectX
 *fill*         0x00000000200009f7        0x1 
 .bss.counterVarB
                0x00000000200009f8        0x2 ./Core/Src/main.o
                0x00000000200009f8                counterVarB
 .bss.firstbarLoop
                0x00000000200009fa        0x1 ./Core/Src/main.o
                0x00000000200009fa                firstbarLoop
 *fill*         0x00000000200009fb        0x1 
 .bss.isrMask   0x00000000200009fc        0x2 ./Core/Src/main.o
                0x00000000200009fc                isrMask
 .bss.sine_counter
                0x00000000200009fe        0x2 ./Core/Src/main.o
                0x00000000200009fe                sine_counter
 .bss.sine_counterB
                0x0000000020000a00        0x2 ./Core/Src/main.o
                0x0000000020000a00                sine_counterB
 *fill*         0x0000000020000a02        0x2 
 .bss.sine_out  0x0000000020000a04        0x4 ./Core/Src/main.o
                0x0000000020000a04                sine_out
 .bss.sine_temp2
                0x0000000020000a08        0x2 ./Core/Src/main.o
                0x0000000020000a08                sine_temp2
 *fill*         0x0000000020000a0a        0x2 
 .bss.note_tuned
                0x0000000020000a0c       0x16 ./Core/Src/main.o
                0x0000000020000a0c                note_tuned
 *fill*         0x0000000020000a22        0x2 
 .bss.tune_Accu
                0x0000000020000a24        0x4 ./Core/Src/main.o
                0x0000000020000a24                tune_Accu
 .bss.seq_pos   0x0000000020000a28        0x1 ./Core/Src/main.o
                0x0000000020000a28                seq_pos
 *fill*         0x0000000020000a29        0x1 
 .bss.sine_adder
                0x0000000020000a2a        0x2 ./Core/Src/main.o
                0x0000000020000a2a                sine_adder
 .bss.store_c   0x0000000020000a2c        0x2 ./Core/Src/main.o
                0x0000000020000a2c                store_c
 .bss.n         0x0000000020000a2e        0x2 ./Core/Src/main.o
                0x0000000020000a2e                n
 .bss.sample_Accu
                0x0000000020000a30       0x1c ./Core/Src/main.o
                0x0000000020000a30                sample_Accu
 .bss.loop_counter
                0x0000000020000a4c        0x1 ./Core/Src/main.o
                0x0000000020000a4c                loop_counter
 *fill*         0x0000000020000a4d        0x1 
 .bss.sample_pointB
                0x0000000020000a4e        0x2 ./Core/Src/main.o
                0x0000000020000a4e                sample_pointB
 .bss.i         0x0000000020000a50        0x2 ./Core/Src/main.o
                0x0000000020000a50                i
 *fill*         0x0000000020000a52        0x2 
 .bss.play_sample
                0x0000000020000a54      0x802 ./Core/Src/main.o
                0x0000000020000a54                play_sample
 .bss.sample_point
                0x0000000020001256        0x2 ./Core/Src/main.o
                0x0000000020001256                sample_point
 .bss.play_hold
                0x0000000020001258        0x2 ./Core/Src/main.o
                0x0000000020001258                play_hold
 .bss.sample_pointD
                0x000000002000125a        0x2 ./Core/Src/main.o
                0x000000002000125a                sample_pointD
 .bss.note_channel
                0x000000002000125c       0x3e ./Core/Src/main.o
                0x000000002000125c                note_channel
 .bss.mask_result
                0x000000002000129a        0x2 ./Core/Src/main.o
                0x000000002000129a                mask_result
 .bss.adc_source
                0x000000002000129c        0xa ./Core/Src/main.o
 *fill*         0x00000000200012a6        0x2 
 .bss.adsr_lut  0x00000000200012a8      0x400 ./Core/Src/main.o
                0x00000000200012a8                adsr_lut
 .bss.adsr_temp
                0x00000000200016a8        0x1 ./Core/Src/main.o
                0x00000000200016a8                adsr_temp
 *fill*         0x00000000200016a9        0x3 
 .bss.adsr_retrigger
                0x00000000200016ac       0x16 ./Core/Src/main.o
                0x00000000200016ac                adsr_retrigger
 .bss.next_isr  0x00000000200016c2        0x2 ./Core/Src/main.o
                0x00000000200016c2                next_isr
 .bss.adsr_toggle
                0x00000000200016c4        0xb ./Core/Src/main.o
                0x00000000200016c4                adsr_toggle
 .bss.note_holdA
                0x00000000200016cf        0x1 ./Core/Src/main.o
                0x00000000200016cf                note_holdA
 .bss.note_holdB
                0x00000000200016d0        0x1 ./Core/Src/main.o
                0x00000000200016d0                note_holdB
 *fill*         0x00000000200016d1        0x3 
 .bss.filter_out
                0x00000000200016d4       0x1c ./Core/Src/main.o
                0x00000000200016d4                filter_out
 .bss.sample_accus
                0x00000000200016f0       0x18 ./Core/Src/main.o
                0x00000000200016f0                sample_accus
 .bss.one_shot  0x0000000020001708        0x1 ./Core/Src/main.o
                0x0000000020001708                one_shot
 *fill*         0x0000000020001709        0x1 
 .bss.enc_temp  0x000000002000170a        0x2 ./Core/Src/main.o
                0x000000002000170a                enc_temp
 .bss.enc_tempB
                0x000000002000170c        0x2 ./Core/Src/main.o
                0x000000002000170c                enc_tempB
 .bss.enc2_temp
                0x000000002000170e        0x2 ./Core/Src/main.o
                0x000000002000170e                enc2_temp
 .bss.enc2_tempB
                0x0000000020001710        0x2 ./Core/Src/main.o
                0x0000000020001710                enc2_tempB
 .bss.enc2_dir  0x0000000020001712        0x2 ./Core/Src/main.o
                0x0000000020001712                enc2_dir
 .bss.enc_dir   0x0000000020001714        0x2 ./Core/Src/main.o
                0x0000000020001714                enc_dir
 .bss.tempo_count
                0x0000000020001716        0x2 ./Core/Src/main.o
                0x0000000020001716                tempo_count
 .bss.lcd_send  0x0000000020001718        0x2 ./Core/Src/main.o
                0x0000000020001718                lcd_send
 .bss.spi_enable
                0x000000002000171a        0x2 ./Core/Src/main.o
                0x000000002000171a                spi_enable
 .bss.spi_byte  0x000000002000171c        0x1 ./Core/Src/main.o
                0x000000002000171c                spi_byte
 *fill*         0x000000002000171d        0x1 
 .bss.spi_hold  0x000000002000171e        0x2 ./Core/Src/main.o
                0x000000002000171e                spi_hold
 .bss.spi_send  0x0000000020001720        0x1 ./Core/Src/main.o
                0x0000000020001720                spi_send
 .bss.init      0x0000000020001721        0x1 ./Core/Src/main.o
                0x0000000020001721                init
 .bss.init_b    0x0000000020001722        0x2 ./Core/Src/main.o
                0x0000000020001722                init_b
 .bss.cursor_menu
                0x0000000020001724        0x6 ./Core/Src/main.o
                0x0000000020001724                cursor_menu
 .bss.mem_count
                0x000000002000172a        0x1 ./Core/Src/main.o
                0x000000002000172a                mem_count
 *fill*         0x000000002000172b        0x1 
 .bss.loop_counter2
                0x000000002000172c        0x4 ./Core/Src/main.o
                0x000000002000172c                loop_counter2
 .bss.mem_buf   0x0000000020001730        0x1 ./Core/Src/main.o
                0x0000000020001730                mem_buf
 *fill*         0x0000000020001731        0x3 
 .bss.menu_page
                0x0000000020001734        0x6 ./Core/Src/main.o
                0x0000000020001734                menu_page
 *fill*         0x000000002000173a        0x2 
 .bss.seq_loop  0x000000002000173c        0x7 ./Core/Src/main.o
                0x000000002000173c                seq_loop
 *fill*         0x0000000020001743        0x1 
 .bss.filter_accus
                0x0000000020001744       0x3c ./Core/Src/main.o
                0x0000000020001744                filter_accus
 .bss.filter_hold
                0x0000000020001780       0x14 ./Core/Src/main.o
                0x0000000020001780                filter_hold
 .bss.freq_point
                0x0000000020001794       0x10 ./Core/Src/main.o
                0x0000000020001794                freq_point
 .bss.freq_pointer
                0x00000000200017a4       0x90 ./Core/Src/main.o
                0x00000000200017a4                freq_pointer
 .bss.i_frac    0x0000000020001834        0x1 ./Core/Src/main.o
                0x0000000020001834                i_frac
 *fill*         0x0000000020001835        0x1 
 .bss.trigger_counter
                0x0000000020001836        0x2 ./Core/Src/main.o
                0x0000000020001836                trigger_counter
 .bss.lfo_accu  0x0000000020001838      0x190 ./Core/Src/main.o
                0x0000000020001838                lfo_accu
 .bss.lfo_out   0x00000000200019c8       0xc8 ./Core/Src/main.o
                0x00000000200019c8                lfo_out
 .bss.tempo_lut
                0x0000000020001a90      0x144 ./Core/Src/main.o
                0x0000000020001a90                tempo_lut
 .bss.gfx_ram   0x0000000020001bd4      0x400 ./Core/Src/main.o
                0x0000000020001bd4                gfx_ram
 .bss.adsr_level
                0x0000000020001fd4       0x2c ./Core/Src/main.o
                0x0000000020001fd4                adsr_level
 .bss.as_attack
                0x0000000020002000        0x4 ./Core/Src/main.o
                0x0000000020002000                as_attack
 .bss.as_sustain
                0x0000000020002004        0x4 ./Core/Src/main.o
                0x0000000020002004                as_sustain
 .bss.adsr_att  0x0000000020002008        0x4 ./Core/Src/main.o
                0x0000000020002008                adsr_att
 .bss.gfx_counter
                0x000000002000200c        0xc ./Core/Src/main.o
                0x000000002000200c                gfx_counter
 .bss.lcd_out3  0x0000000020002018        0x2 ./Core/Src/main.o
                0x0000000020002018                lcd_out3
 .bss.disp_end  0x000000002000201a        0x1 ./Core/Src/main.o
                0x000000002000201a                disp_end
 .bss.loop_counter3
                0x000000002000201b        0x1 ./Core/Src/main.o
                0x000000002000201b                loop_counter3
 .bss.enc2_tempc
                0x000000002000201c        0x2 ./Core/Src/main.o
                0x000000002000201c                enc2_tempc
 *fill*         0x000000002000201e        0x2 
 .bss.hadc1     0x0000000020002020       0x48 ./Core/Src/main.o
                0x0000000020002020                hadc1
 .bss.hdma_adc1
                0x0000000020002068       0x60 ./Core/Src/main.o
                0x0000000020002068                hdma_adc1
 .bss.hi2c2     0x00000000200020c8       0x54 ./Core/Src/main.o
                0x00000000200020c8                hi2c2
 .bss.hspi2     0x000000002000211c       0x58 ./Core/Src/main.o
                0x000000002000211c                hspi2
 .bss.htim2     0x0000000020002174       0x48 ./Core/Src/main.o
                0x0000000020002174                htim2
 .bss.htim3     0x00000000200021bc       0x48 ./Core/Src/main.o
                0x00000000200021bc                htim3
 .bss.htim4     0x0000000020002204       0x48 ./Core/Src/main.o
                0x0000000020002204                htim4
 .bss.__sbrk_heap_end
                0x000000002000224c        0x4 ./Core/Src/sysmem.o
 .bss.uwTick    0x0000000020002250        0x4 ./Drivers/STM32F4xx_HAL_Driver/Src/stm32f4xx_hal.o
                0x0000000020002250                uwTick
 .bss.__lock___malloc_recursive_mutex
                0x0000000020002254        0x1 d:/st/stm32cubeide_1.3.0/stm32cubeide/plugins/com.st.stm32cube.ide.mcu.externaltools.gnu-tools-for-stm32.10.3-2021.10.win32_1.0.0.202111181127/tools/bin/../lib/gcc/arm-none-eabi/10.3.1/../../../../arm-none-eabi/lib/thumb/v7e-m+fp/hard\libc_nano.a(lib_a-lock.o)
                0x0000000020002254                __lock___malloc_recursive_mutex
 .bss.__lock___sfp_recursive_mutex
                0x0000000020002255        0x1 d:/st/stm32cubeide_1.3.0/stm32cubeide/plugins/com.st.stm32cube.ide.mcu.externaltools.gnu-tools-for-stm32.10.3-2021.10.win32_1.0.0.202111181127/tools/bin/../lib/gcc/arm-none-eabi/10.3.1/../../../../arm-none-eabi/lib/thumb/v7e-m+fp/hard\libc_nano.a(lib_a-lock.o)
                0x0000000020002255                __lock___sfp_recursive_mutex
 .bss.__lock___sinit_recursive_mutex
                0x0000000020002256        0x1 d:/st/stm32cubeide_1.3.0/stm32cubeide/plugins/com.st.stm32cube.ide.mcu.externaltools.gnu-tools-for-stm32.10.3-2021.10.win32_1.0.0.202111181127/tools/bin/../lib/gcc/arm-none-eabi/10.3.1/../../../../arm-none-eabi/lib/thumb/v7e-m+fp/hard\libc_nano.a(lib_a-lock.o)
                0x0000000020002256                __lock___sinit_recursive_mutex
 *fill*         0x0000000020002257        0x1 
 .bss.__malloc_free_list
                0x0000000020002258        0x4 d:/st/stm32cubeide_1.3.0/stm32cubeide/plugins/com.st.stm32cube.ide.mcu.externaltools.gnu-tools-for-stm32.10.3-2021.10.win32_1.0.0.202111181127/tools/bin/../lib/gcc/arm-none-eabi/10.3.1/../../../../arm-none-eabi/lib/thumb/v7e-m+fp/hard\libc_nano.a(lib_a-nano-mallocr.o)
                0x0000000020002258                __malloc_free_list
 .bss.__malloc_sbrk_start
                0x000000002000225c        0x4 d:/st/stm32cubeide_1.3.0/stm32cubeide/plugins/com.st.stm32cube.ide.mcu.externaltools.gnu-tools-for-stm32.10.3-2021.10.win32_1.0.0.202111181127/tools/bin/../lib/gcc/arm-none-eabi/10.3.1/../../../../arm-none-eabi/lib/thumb/v7e-m+fp/hard\libc_nano.a(lib_a-nano-mallocr.o)
                0x000000002000225c                __malloc_sbrk_start
 .bss.errno     0x0000000020002260        0x4 d:/st/stm32cubeide_1.3.0/stm32cubeide/plugins/com.st.stm32cube.ide.mcu.externaltools.gnu-tools-for-stm32.10.3-2021.10.win32_1.0.0.202111181127/tools/bin/../lib/gcc/arm-none-eabi/10.3.1/../../../../arm-none-eabi/lib/thumb/v7e-m+fp/hard\libc_nano.a(lib_a-reent.o)
                0x0000000020002260                errno
 *(COMMON)
                0x0000000020002264                . = ALIGN (0x4)
                0x0000000020002264                _ebss = .
                0x0000000020002264                __bss_end__ = _ebss

._user_heap_stack
                0x0000000020002264      0x604 load address 0x000000000800aa3c
                0x0000000020002268                . = ALIGN (0x8)
 *fill*         0x0000000020002264        0x4 
                [!provide]                        PROVIDE (end = .)
                0x0000000020002268                PROVIDE (_end = .)
                0x0000000020002468                . = (. + _Min_Heap_Size)
 *fill*         0x0000000020002268      0x200 
                0x0000000020002868                . = (. + _Min_Stack_Size)
 *fill*         0x0000000020002468      0x400 
                0x0000000020002868                . = ALIGN (0x8)

/DISCARD/
 libc.a(*)
 libm.a(*)
 libgcc.a(*)

.ARM.attributes
                0x0000000000000000       0x30
 *(.ARM.attributes)
 .ARM.attributes
                0x0000000000000000       0x1e d:/st/stm32cubeide_1.3.0/stm32cubeide/plugins/com.st.stm32cube.ide.mcu.externaltools.gnu-tools-for-stm32.10.3-2021.10.win32_1.0.0.202111181127/tools/bin/../lib/gcc/arm-none-eabi/10.3.1/thumb/v7e-m+fp/hard/crti.o
 .ARM.attributes
                0x000000000000001e       0x34 d:/st/stm32cubeide_1.3.0/stm32cubeide/plugins/com.st.stm32cube.ide.mcu.externaltools.gnu-tools-for-stm32.10.3-2021.10.win32_1.0.0.202111181127/tools/bin/../lib/gcc/arm-none-eabi/10.3.1/thumb/v7e-m+fp/hard/crtbegin.o
 .ARM.attributes
                0x0000000000000052       0x34 ./Core/Src/main.o
 .ARM.attributes
                0x0000000000000086       0x34 ./Core/Src/stm32f4xx_hal_msp.o
 .ARM.attributes
                0x00000000000000ba       0x34 ./Core/Src/stm32f4xx_it.o
 .ARM.attributes
                0x00000000000000ee       0x34 ./Core/Src/syscalls.o
 .ARM.attributes
                0x0000000000000122       0x34 ./Core/Src/sysmem.o
 .ARM.attributes
                0x0000000000000156       0x34 ./Core/Src/system_stm32f4xx.o
 .ARM.attributes
                0x000000000000018a       0x21 ./Core/Startup/startup_stm32f411ceyx.o
 .ARM.attributes
                0x00000000000001ab       0x34 ./Drivers/STM32F4xx_HAL_Driver/Src/stm32f4xx_hal.o
 .ARM.attributes
                0x00000000000001df       0x34 ./Drivers/STM32F4xx_HAL_Driver/Src/stm32f4xx_hal_adc.o
 .ARM.attributes
                0x0000000000000213       0x34 ./Drivers/STM32F4xx_HAL_Driver/Src/stm32f4xx_hal_cortex.o
 .ARM.attributes
                0x0000000000000247       0x34 ./Drivers/STM32F4xx_HAL_Driver/Src/stm32f4xx_hal_dma.o
 .ARM.attributes
                0x000000000000027b       0x34 ./Drivers/STM32F4xx_HAL_Driver/Src/stm32f4xx_hal_gpio.o
 .ARM.attributes
                0x00000000000002af       0x34 ./Drivers/STM32F4xx_HAL_Driver/Src/stm32f4xx_hal_i2c.o
 .ARM.attributes
                0x00000000000002e3       0x34 ./Drivers/STM32F4xx_HAL_Driver/Src/stm32f4xx_hal_rcc.o
 .ARM.attributes
                0x0000000000000317       0x34 ./Drivers/STM32F4xx_HAL_Driver/Src/stm32f4xx_hal_spi.o
 .ARM.attributes
                0x000000000000034b       0x34 ./Drivers/STM32F4xx_HAL_Driver/Src/stm32f4xx_hal_tim.o
 .ARM.attributes
                0x000000000000037f       0x34 ./Drivers/STM32F4xx_HAL_Driver/Src/stm32f4xx_hal_tim_ex.o
 .ARM.attributes
                0x00000000000003b3       0x39 C:\Users\Bobon\Documents\GitHub\newseqen\build\libarm_cortexM4lf_math.a(arm_sin_f32.o)
 .ARM.attributes
                0x00000000000003ec       0x39 C:\Users\Bobon\Documents\GitHub\newseqen\build\libarm_cortexM4lf_math.a(arm_common_tables.o)
 .ARM.attributes
                0x0000000000000425       0x34 d:/st/stm32cubeide_1.3.0/stm32cubeide/plugins/com.st.stm32cube.ide.mcu.externaltools.gnu-tools-for-stm32.10.3-2021.10.win32_1.0.0.202111181127/tools/bin/../lib/gcc/arm-none-eabi/10.3.1/../../../../arm-none-eabi/lib/thumb/v7e-m+fp/hard\libc_nano.a(lib_a-errno.o)
 .ARM.attributes
                0x0000000000000459       0x34 d:/st/stm32cubeide_1.3.0/stm32cubeide/plugins/com.st.stm32cube.ide.mcu.externaltools.gnu-tools-for-stm32.10.3-2021.10.win32_1.0.0.202111181127/tools/bin/../lib/gcc/arm-none-eabi/10.3.1/../../../../arm-none-eabi/lib/thumb/v7e-m+fp/hard\libc_nano.a(lib_a-impure.o)
 .ARM.attributes
                0x000000000000048d       0x34 d:/st/stm32cubeide_1.3.0/stm32cubeide/plugins/com.st.stm32cube.ide.mcu.externaltools.gnu-tools-for-stm32.10.3-2021.10.win32_1.0.0.202111181127/tools/bin/../lib/gcc/arm-none-eabi/10.3.1/../../../../arm-none-eabi/lib/thumb/v7e-m+fp/hard\libc_nano.a(lib_a-init.o)
 .ARM.attributes
                0x00000000000004c1       0x34 d:/st/stm32cubeide_1.3.0/stm32cubeide/plugins/com.st.stm32cube.ide.mcu.externaltools.gnu-tools-for-stm32.10.3-2021.10.win32_1.0.0.202111181127/tools/bin/../lib/gcc/arm-none-eabi/10.3.1/../../../../arm-none-eabi/lib/thumb/v7e-m+fp/hard\libc_nano.a(lib_a-memset.o)
 .ARM.attributes
                0x00000000000004f5       0x34 d:/st/stm32cubeide_1.3.0/stm32cubeide/plugins/com.st.stm32cube.ide.mcu.externaltools.gnu-tools-for-stm32.10.3-2021.10.win32_1.0.0.202111181127/tools/bin/../lib/gcc/arm-none-eabi/10.3.1/../../../../arm-none-eabi/lib/thumb/v7e-m+fp/hard\libc_nano.a(lib_a-printf.o)
 .ARM.attributes
                0x0000000000000529       0x34 d:/st/stm32cubeide_1.3.0/stm32cubeide/plugins/com.st.stm32cube.ide.mcu.externaltools.gnu-tools-for-stm32.10.3-2021.10.win32_1.0.0.202111181127/tools/bin/../lib/gcc/arm-none-eabi/10.3.1/../../../../arm-none-eabi/lib/thumb/v7e-m+fp/hard\libc_nano.a(lib_a-findfp.o)
 .ARM.attributes
                0x000000000000055d       0x34 d:/st/stm32cubeide_1.3.0/stm32cubeide/plugins/com.st.stm32cube.ide.mcu.externaltools.gnu-tools-for-stm32.10.3-2021.10.win32_1.0.0.202111181127/tools/bin/../lib/gcc/arm-none-eabi/10.3.1/../../../../arm-none-eabi/lib/thumb/v7e-m+fp/hard\libc_nano.a(lib_a-fwalk.o)
 .ARM.attributes
                0x0000000000000591       0x34 d:/st/stm32cubeide_1.3.0/stm32cubeide/plugins/com.st.stm32cube.ide.mcu.externaltools.gnu-tools-for-stm32.10.3-2021.10.win32_1.0.0.202111181127/tools/bin/../lib/gcc/arm-none-eabi/10.3.1/../../../../arm-none-eabi/lib/thumb/v7e-m+fp/hard\libc_nano.a(lib_a-lock.o)
 .ARM.attributes
                0x00000000000005c5       0x34 d:/st/stm32cubeide_1.3.0/stm32cubeide/plugins/com.st.stm32cube.ide.mcu.externaltools.gnu-tools-for-stm32.10.3-2021.10.win32_1.0.0.202111181127/tools/bin/../lib/gcc/arm-none-eabi/10.3.1/../../../../arm-none-eabi/lib/thumb/v7e-m+fp/hard\libc_nano.a(lib_a-nano-mallocr.o)
 .ARM.attributes
                0x00000000000005f9       0x34 d:/st/stm32cubeide_1.3.0/stm32cubeide/plugins/com.st.stm32cube.ide.mcu.externaltools.gnu-tools-for-stm32.10.3-2021.10.win32_1.0.0.202111181127/tools/bin/../lib/gcc/arm-none-eabi/10.3.1/../../../../arm-none-eabi/lib/thumb/v7e-m+fp/hard\libc_nano.a(lib_a-nano-vfprintf.o)
 .ARM.attributes
                0x000000000000062d       0x34 d:/st/stm32cubeide_1.3.0/stm32cubeide/plugins/com.st.stm32cube.ide.mcu.externaltools.gnu-tools-for-stm32.10.3-2021.10.win32_1.0.0.202111181127/tools/bin/../lib/gcc/arm-none-eabi/10.3.1/../../../../arm-none-eabi/lib/thumb/v7e-m+fp/hard\libc_nano.a(lib_a-nano-vfprintf_i.o)
 .ARM.attributes
                0x0000000000000661       0x34 d:/st/stm32cubeide_1.3.0/stm32cubeide/plugins/com.st.stm32cube.ide.mcu.externaltools.gnu-tools-for-stm32.10.3-2021.10.win32_1.0.0.202111181127/tools/bin/../lib/gcc/arm-none-eabi/10.3.1/../../../../arm-none-eabi/lib/thumb/v7e-m+fp/hard\libc_nano.a(lib_a-sbrkr.o)
 .ARM.attributes
                0x0000000000000695       0x34 d:/st/stm32cubeide_1.3.0/stm32cubeide/plugins/com.st.stm32cube.ide.mcu.externaltools.gnu-tools-for-stm32.10.3-2021.10.win32_1.0.0.202111181127/tools/bin/../lib/gcc/arm-none-eabi/10.3.1/../../../../arm-none-eabi/lib/thumb/v7e-m+fp/hard\libc_nano.a(lib_a-stdio.o)
 .ARM.attributes
                0x00000000000006c9       0x34 d:/st/stm32cubeide_1.3.0/stm32cubeide/plugins/com.st.stm32cube.ide.mcu.externaltools.gnu-tools-for-stm32.10.3-2021.10.win32_1.0.0.202111181127/tools/bin/../lib/gcc/arm-none-eabi/10.3.1/../../../../arm-none-eabi/lib/thumb/v7e-m+fp/hard\libc_nano.a(lib_a-wbuf.o)
 .ARM.attributes
                0x00000000000006fd       0x34 d:/st/stm32cubeide_1.3.0/stm32cubeide/plugins/com.st.stm32cube.ide.mcu.externaltools.gnu-tools-for-stm32.10.3-2021.10.win32_1.0.0.202111181127/tools/bin/../lib/gcc/arm-none-eabi/10.3.1/../../../../arm-none-eabi/lib/thumb/v7e-m+fp/hard\libc_nano.a(lib_a-writer.o)
 .ARM.attributes
                0x0000000000000731       0x34 d:/st/stm32cubeide_1.3.0/stm32cubeide/plugins/com.st.stm32cube.ide.mcu.externaltools.gnu-tools-for-stm32.10.3-2021.10.win32_1.0.0.202111181127/tools/bin/../lib/gcc/arm-none-eabi/10.3.1/../../../../arm-none-eabi/lib/thumb/v7e-m+fp/hard\libc_nano.a(lib_a-wsetup.o)
 .ARM.attributes
                0x0000000000000765       0x34 d:/st/stm32cubeide_1.3.0/stm32cubeide/plugins/com.st.stm32cube.ide.mcu.externaltools.gnu-tools-for-stm32.10.3-2021.10.win32_1.0.0.202111181127/tools/bin/../lib/gcc/arm-none-eabi/10.3.1/../../../../arm-none-eabi/lib/thumb/v7e-m+fp/hard\libc_nano.a(lib_a-closer.o)
 .ARM.attributes
                0x0000000000000799       0x34 d:/st/stm32cubeide_1.3.0/stm32cubeide/plugins/com.st.stm32cube.ide.mcu.externaltools.gnu-tools-for-stm32.10.3-2021.10.win32_1.0.0.202111181127/tools/bin/../lib/gcc/arm-none-eabi/10.3.1/../../../../arm-none-eabi/lib/thumb/v7e-m+fp/hard\libc_nano.a(lib_a-fflush.o)
 .ARM.attributes
                0x00000000000007cd       0x34 d:/st/stm32cubeide_1.3.0/stm32cubeide/plugins/com.st.stm32cube.ide.mcu.externaltools.gnu-tools-for-stm32.10.3-2021.10.win32_1.0.0.202111181127/tools/bin/../lib/gcc/arm-none-eabi/10.3.1/../../../../arm-none-eabi/lib/thumb/v7e-m+fp/hard\libc_nano.a(lib_a-lseekr.o)
 .ARM.attributes
                0x0000000000000801       0x34 d:/st/stm32cubeide_1.3.0/stm32cubeide/plugins/com.st.stm32cube.ide.mcu.externaltools.gnu-tools-for-stm32.10.3-2021.10.win32_1.0.0.202111181127/tools/bin/../lib/gcc/arm-none-eabi/10.3.1/../../../../arm-none-eabi/lib/thumb/v7e-m+fp/hard\libc_nano.a(lib_a-makebuf.o)
 .ARM.attributes
                0x0000000000000835       0x1c d:/st/stm32cubeide_1.3.0/stm32cubeide/plugins/com.st.stm32cube.ide.mcu.externaltools.gnu-tools-for-stm32.10.3-2021.10.win32_1.0.0.202111181127/tools/bin/../lib/gcc/arm-none-eabi/10.3.1/../../../../arm-none-eabi/lib/thumb/v7e-m+fp/hard\libc_nano.a(lib_a-memchr.o)
 .ARM.attributes
                0x0000000000000851       0x34 d:/st/stm32cubeide_1.3.0/stm32cubeide/plugins/com.st.stm32cube.ide.mcu.externaltools.gnu-tools-for-stm32.10.3-2021.10.win32_1.0.0.202111181127/tools/bin/../lib/gcc/arm-none-eabi/10.3.1/../../../../arm-none-eabi/lib/thumb/v7e-m+fp/hard\libc_nano.a(lib_a-mlock.o)
 .ARM.attributes
                0x0000000000000885       0x34 d:/st/stm32cubeide_1.3.0/stm32cubeide/plugins/com.st.stm32cube.ide.mcu.externaltools.gnu-tools-for-stm32.10.3-2021.10.win32_1.0.0.202111181127/tools/bin/../lib/gcc/arm-none-eabi/10.3.1/../../../../arm-none-eabi/lib/thumb/v7e-m+fp/hard\libc_nano.a(lib_a-nano-freer.o)
 .ARM.attributes
                0x00000000000008b9       0x34 d:/st/stm32cubeide_1.3.0/stm32cubeide/plugins/com.st.stm32cube.ide.mcu.externaltools.gnu-tools-for-stm32.10.3-2021.10.win32_1.0.0.202111181127/tools/bin/../lib/gcc/arm-none-eabi/10.3.1/../../../../arm-none-eabi/lib/thumb/v7e-m+fp/hard\libc_nano.a(lib_a-readr.o)
 .ARM.attributes
                0x00000000000008ed       0x34 d:/st/stm32cubeide_1.3.0/stm32cubeide/plugins/com.st.stm32cube.ide.mcu.externaltools.gnu-tools-for-stm32.10.3-2021.10.win32_1.0.0.202111181127/tools/bin/../lib/gcc/arm-none-eabi/10.3.1/../../../../arm-none-eabi/lib/thumb/v7e-m+fp/hard\libc_nano.a(lib_a-reent.o)
 .ARM.attributes
                0x0000000000000921       0x34 d:/st/stm32cubeide_1.3.0/stm32cubeide/plugins/com.st.stm32cube.ide.mcu.externaltools.gnu-tools-for-stm32.10.3-2021.10.win32_1.0.0.202111181127/tools/bin/../lib/gcc/arm-none-eabi/10.3.1/../../../../arm-none-eabi/lib/thumb/v7e-m+fp/hard\libc_nano.a(lib_a-fstatr.o)
 .ARM.attributes
                0x0000000000000955       0x34 d:/st/stm32cubeide_1.3.0/stm32cubeide/plugins/com.st.stm32cube.ide.mcu.externaltools.gnu-tools-for-stm32.10.3-2021.10.win32_1.0.0.202111181127/tools/bin/../lib/gcc/arm-none-eabi/10.3.1/../../../../arm-none-eabi/lib/thumb/v7e-m+fp/hard\libc_nano.a(lib_a-isattyr.o)
 .ARM.attributes
                0x0000000000000989       0x1e d:/st/stm32cubeide_1.3.0/stm32cubeide/plugins/com.st.stm32cube.ide.mcu.externaltools.gnu-tools-for-stm32.10.3-2021.10.win32_1.0.0.202111181127/tools/bin/../lib/gcc/arm-none-eabi/10.3.1/thumb/v7e-m+fp/hard\libgcc.a(_arm_muldf3.o)
 .ARM.attributes
                0x00000000000009a7       0x1e d:/st/stm32cubeide_1.3.0/stm32cubeide/plugins/com.st.stm32cube.ide.mcu.externaltools.gnu-tools-for-stm32.10.3-2021.10.win32_1.0.0.202111181127/tools/bin/../lib/gcc/arm-none-eabi/10.3.1/thumb/v7e-m+fp/hard\libgcc.a(_arm_addsubdf3.o)
 .ARM.attributes