Archive member included to satisfy reference by file (symbol)

C:\Users\Bobon\Documents\GitHub\newseqen\build\libarm_cortexM4lf_math.a(arm_sin_f32.o)
                              ./Core/Src/main.o (arm_sin_f32)
C:\Users\Bobon\Documents\GitHub\newseqen\build\libarm_cortexM4lf_math.a(arm_common_tables.o)
                              C:\Users\Bobon\Documents\GitHub\newseqen\build\libarm_cortexM4lf_math.a(arm_sin_f32.o) (sinTable_f32)
d:/st/stm32cubeide_1.3.0/stm32cubeide/plugins/com.st.stm32cube.ide.mcu.externaltools.gnu-tools-for-stm32.10.3-2021.10.win32_1.0.0.202111181127/tools/bin/../lib/gcc/arm-none-eabi/10.3.1/../../../../arm-none-eabi/lib/thumb/v7e-m+fp/hard\libc_nano.a(lib_a-atoi.o)
                              ./Core/Src/main.o (atoi)
d:/st/stm32cubeide_1.3.0/stm32cubeide/plugins/com.st.stm32cube.ide.mcu.externaltools.gnu-tools-for-stm32.10.3-2021.10.win32_1.0.0.202111181127/tools/bin/../lib/gcc/arm-none-eabi/10.3.1/../../../../arm-none-eabi/lib/thumb/v7e-m+fp/hard\libc_nano.a(lib_a-errno.o)
                              ./Core/Src/syscalls.o (__errno)
d:/st/stm32cubeide_1.3.0/stm32cubeide/plugins/com.st.stm32cube.ide.mcu.externaltools.gnu-tools-for-stm32.10.3-2021.10.win32_1.0.0.202111181127/tools/bin/../lib/gcc/arm-none-eabi/10.3.1/../../../../arm-none-eabi/lib/thumb/v7e-m+fp/hard\libc_nano.a(lib_a-exit.o)
                              d:/st/stm32cubeide_1.3.0/stm32cubeide/plugins/com.st.stm32cube.ide.mcu.externaltools.gnu-tools-for-stm32.10.3-2021.10.win32_1.0.0.202111181127/tools/bin/../lib/gcc/arm-none-eabi/10.3.1/../../../../arm-none-eabi/lib/thumb/v7e-m+fp/hard/crt0.o (exit)
d:/st/stm32cubeide_1.3.0/stm32cubeide/plugins/com.st.stm32cube.ide.mcu.externaltools.gnu-tools-for-stm32.10.3-2021.10.win32_1.0.0.202111181127/tools/bin/../lib/gcc/arm-none-eabi/10.3.1/../../../../arm-none-eabi/lib/thumb/v7e-m+fp/hard\libc_nano.a(lib_a-impure.o)
                              d:/st/stm32cubeide_1.3.0/stm32cubeide/plugins/com.st.stm32cube.ide.mcu.externaltools.gnu-tools-for-stm32.10.3-2021.10.win32_1.0.0.202111181127/tools/bin/../lib/gcc/arm-none-eabi/10.3.1/../../../../arm-none-eabi/lib/thumb/v7e-m+fp/hard\libc_nano.a(lib_a-exit.o) (_global_impure_ptr)
d:/st/stm32cubeide_1.3.0/stm32cubeide/plugins/com.st.stm32cube.ide.mcu.externaltools.gnu-tools-for-stm32.10.3-2021.10.win32_1.0.0.202111181127/tools/bin/../lib/gcc/arm-none-eabi/10.3.1/../../../../arm-none-eabi/lib/thumb/v7e-m+fp/hard\libc_nano.a(lib_a-init.o)
                              d:/st/stm32cubeide_1.3.0/stm32cubeide/plugins/com.st.stm32cube.ide.mcu.externaltools.gnu-tools-for-stm32.10.3-2021.10.win32_1.0.0.202111181127/tools/bin/../lib/gcc/arm-none-eabi/10.3.1/../../../../arm-none-eabi/lib/thumb/v7e-m+fp/hard/crt0.o (__libc_init_array)
d:/st/stm32cubeide_1.3.0/stm32cubeide/plugins/com.st.stm32cube.ide.mcu.externaltools.gnu-tools-for-stm32.10.3-2021.10.win32_1.0.0.202111181127/tools/bin/../lib/gcc/arm-none-eabi/10.3.1/../../../../arm-none-eabi/lib/thumb/v7e-m+fp/hard\libc_nano.a(lib_a-memcpy-stub.o)
                              ./Core/Src/main.o (memcpy)
d:/st/stm32cubeide_1.3.0/stm32cubeide/plugins/com.st.stm32cube.ide.mcu.externaltools.gnu-tools-for-stm32.10.3-2021.10.win32_1.0.0.202111181127/tools/bin/../lib/gcc/arm-none-eabi/10.3.1/../../../../arm-none-eabi/lib/thumb/v7e-m+fp/hard\libc_nano.a(lib_a-memset.o)
                              d:/st/stm32cubeide_1.3.0/stm32cubeide/plugins/com.st.stm32cube.ide.mcu.externaltools.gnu-tools-for-stm32.10.3-2021.10.win32_1.0.0.202111181127/tools/bin/../lib/gcc/arm-none-eabi/10.3.1/../../../../arm-none-eabi/lib/thumb/v7e-m+fp/hard/crt0.o (memset)
d:/st/stm32cubeide_1.3.0/stm32cubeide/plugins/com.st.stm32cube.ide.mcu.externaltools.gnu-tools-for-stm32.10.3-2021.10.win32_1.0.0.202111181127/tools/bin/../lib/gcc/arm-none-eabi/10.3.1/../../../../arm-none-eabi/lib/thumb/v7e-m+fp/hard\libc_nano.a(lib_a-strncmp.o)
                              ./Core/Src/main.o (strncmp)
d:/st/stm32cubeide_1.3.0/stm32cubeide/plugins/com.st.stm32cube.ide.mcu.externaltools.gnu-tools-for-stm32.10.3-2021.10.win32_1.0.0.202111181127/tools/bin/../lib/gcc/arm-none-eabi/10.3.1/../../../../arm-none-eabi/lib/thumb/v7e-m+fp/hard\libc_nano.a(lib_a-strtol.o)
                              d:/st/stm32cubeide_1.3.0/stm32cubeide/plugins/com.st.stm32cube.ide.mcu.externaltools.gnu-tools-for-stm32.10.3-2021.10.win32_1.0.0.202111181127/tools/bin/../lib/gcc/arm-none-eabi/10.3.1/../../../../arm-none-eabi/lib/thumb/v7e-m+fp/hard\libc_nano.a(lib_a-atoi.o) (_strtol_r)
d:/st/stm32cubeide_1.3.0/stm32cubeide/plugins/com.st.stm32cube.ide.mcu.externaltools.gnu-tools-for-stm32.10.3-2021.10.win32_1.0.0.202111181127/tools/bin/../lib/gcc/arm-none-eabi/10.3.1/../../../../arm-none-eabi/lib/thumb/v7e-m+fp/hard\libc_nano.a(lib_a-ctype_.o)
[...]
Memory Configuration

Name             Origin             Length             Attributes
RAM              0x0000000020000000 0x0000000000020000 xrw
FLASH            0x0000000008000000 0x0000000000080000 xr
*default*        0x0000000000000000 0xffffffffffffffff

Linker script and memory map

LOAD d:/st/stm32cubeide_1.3.0/stm32cubeide/plugins/com.st.stm32cube.ide.mcu.externaltools.gnu-tools-for-stm32.10.3-2021.10.win32_1.0.0.202111181127/tools/bin/../lib/gcc/arm-none-eabi/10.3.1/thumb/v7e-m+fp/hard/crti.o
LOAD d:/st/stm32cubeide_1.3.0/stm32cubeide/plugins/com.st.stm32cube.ide.mcu.externaltools.gnu-tools-for-stm32.10.3-2021.10.win32_1.0.0.202111181127/tools/bin/../lib/gcc/arm-none-eabi/10.3.1/thumb/v7e-m+fp/hard/crtbegin.o
LOAD d:/st/stm32cubeide_1.3.0/stm32cubeide/plugins/com.st.stm32cube.ide.mcu.externaltools.gnu-tools-for-stm32.10.3-2021.10.win32_1.0.0.202111181127/tools/bin/../lib/gcc/arm-none-eabi/10.3.1/../../../../arm-none-eabi/lib/thumb/v7e-m+fp/hard/crt0.o
LOAD ./Core/Src/main.o
LOAD ./Core/Src/stm32f4xx_hal_msp.o
LOAD ./Core/Src/stm32f4xx_it.o
LOAD ./Core/Src/syscalls.o
LOAD ./Core/Src/sysmem.o
LOAD ./Core/Src/system_stm32f4xx.o
LOAD ./Core/Startup/startup_stm32f411ceyx.o
LOAD ./Drivers/STM32F4xx_HAL_Driver/Src/stm32f4xx_hal.o
LOAD ./Drivers/STM32F4xx_HAL_Driver/Src/stm32f4xx_hal_adc.o
LOAD ./Drivers/STM32F4xx_HAL_Driver/Src/stm32f4xx_hal_adc_ex.o
LOAD ./Drivers/STM32F4xx_HAL_Driver/Src/stm32f4xx_hal_cortex.o
LOAD ./Drivers/STM32F4xx_HAL_Driver/Src/stm32f4xx_hal_dma.o
LOAD ./Drivers/STM32F4xx_HAL_Driver/Src/stm32f4xx_hal_dma_ex.o
LOAD ./Drivers/STM32F4xx_HAL_Driver/Src/stm32f4xx_hal_exti.o
LOAD ./Drivers/STM32F4xx_HAL_Driver/Src/stm32f4xx_hal_flash.o
LOAD ./Drivers/STM32F4xx_HAL_Driver/Src/stm32f4xx_hal_flash_ex.o
LOAD ./Drivers/STM32F4xx_HAL_Driver/Src/stm32f4xx_hal_flash_ramfunc.o
LOAD ./Drivers/STM32F4xx_HAL_Driver/Src/stm32f4xx_hal_gpio.o
LOAD ./Drivers/STM32F4xx_HAL_Driver/Src/stm32f4xx_hal_i2c.o
LOAD ./Drivers/STM32F4xx_HAL_Driver/Src/stm32f4xx_hal_i2c_ex.o
LOAD ./Drivers/STM32F4xx_HAL_Driver/Src/stm32f4xx_hal_pwr.o
LOAD ./Drivers/STM32F4xx_HAL_Driver/Src/stm32f4xx_hal_pwr_ex.o
LOAD ./Drivers/STM32F4xx_HAL_Driver/Src/stm32f4xx_hal_rcc.o
LOAD ./Drivers/STM32F4xx_HAL_Driver/Src/stm32f4xx_hal_rcc_ex.o
LOAD ./Drivers/STM32F4xx_HAL_Driver/Src/stm32f4xx_hal_spi.o
LOAD ./Drivers/STM32F4xx_HAL_Driver/Src/stm32f4xx_hal_tim.o
LOAD ./Drivers/STM32F4xx_HAL_Driver/Src/stm32f4xx_hal_tim_ex.o
LOAD ./Drivers/STM32F4xx_HAL_Driver/Src/stm32f4xx_ll_adc.o
LOAD C:\Users\Bobon\Documents\GitHub\newseqen\build\libarm_cortexM4lf_math.a
START GROUP
LOAD d:/st/stm32cubeide_1.3.0/stm32cubeide/plugins/com.st.stm32cube.ide.mcu.externaltools.gnu-tools-for-stm32.10.3-2021.10.win32_1.0.0.202111181127/tools/bin/../lib/gcc/arm-none-eabi/10.3.1/../../../../arm-none-eabi/lib/thumb/v7e-m+fp/hard\libc_nano.a
LOAD d:/st/stm32cubeide_1.3.0/stm32cubeide/plugins/com.st.stm32cube.ide.mcu.externaltools.gnu-tools-for-stm32.10.3-2021.10.win32_1.0.0.202111181127/tools/bin/../lib/gcc/arm-none-eabi/10.3.1/../../../../arm-none-eabi/lib/thumb/v7e-m+fp/hard\libm.a
END GROUP
START GROUP
LOAD d:/st/stm32cubeide_1.3.0/stm32cubeide/plugins/com.st.stm32cube.ide.mcu.externaltools.gnu-tools-for-stm32.10.3-2021.10.win32_1.0.0.202111181127/tools/bin/../lib/gcc/arm-none-eabi/10.3.1/thumb/v7e-m+fp/hard\libgcc.a
LOAD d:/st/stm32cubeide_1.3.0/stm32cubeide/plugins/com.st.stm32cube.ide.mcu.externaltools.gnu-tools-for-stm32.10.3-2021.10.win32_1.0.0.202111181127/tools/bin/../lib/gcc/arm-none-eabi/10.3.1/../../../../arm-none-eabi/lib/thumb/v7e-m+fp/hard\libc_nano.a
END GROUP
START GROUP
LOAD d:/st/stm32cubeide_1.3.0/stm32cubeide/plugins/com.st.stm32cube.ide.mcu.externaltools.gnu-tools-for-stm32.10.3-2021.10.win32_1.0.0.202111181127/tools/bin/../lib/gcc/arm-none-eabi/10.3.1/thumb/v7e-m+fp/hard\libgcc.a
LOAD d:/st/stm32cubeide_1.3.0/stm32cubeide/plugins/com.st.stm32cube.ide.mcu.externaltools.gnu-tools-for-stm32.10.3-2021.10.win32_1.0.0.202111181127/tools/bin/../lib/gcc/arm-none-eabi/10.3.1/../../../../arm-none-eabi/lib/thumb/v7e-m+fp/hard\libc_nano.a
LOAD d:/st/stm32cubeide_1.3.0/stm32cubeide/plugins/com.st.stm32cube.ide.mcu.externaltools.gnu-tools-for-stm32.10.3-2021.10.win32_1.0.0.202111181127/tools/bin/../lib/gcc/arm-none-eabi/10.3.1/../../../../arm-none-eabi/lib/thumb/v7e-m+fp/hard\libnosys.a
END GROUP
START GROUP
LOAD d:/st/stm32cubeide_1.3.0/stm32cubeide/plugins/com.st.stm32cube.ide.mcu.externaltools.gnu-tools-for-stm32.10.3-2021.10.win32_1.0.0.202111181127/tools/bin/../lib/gcc/arm-none-eabi/10.3.1/thumb/v7e-m+fp/hard\libgcc.a
LOAD d:/st/stm32cubeide_1.3.0/stm32cubeide/plugins/com.st.stm32cube.ide.mcu.externaltools.gnu-tools-for-stm32.10.3-2021.10.win32_1.0.0.202111181127/tools/bin/../lib/gcc/arm-none-eabi/10.3.1/../../../../arm-none-eabi/lib/thumb/v7e-m+fp/hard\libc_nano.a
LOAD d:/st/stm32cubeide_1.3.0/stm32cubeide/plugins/com.st.stm32cube.ide.mcu.externaltools.gnu-tools-for-stm32.10.3-2021.10.win32_1.0.0.202111181127/tools/bin/../lib/gcc/arm-none-eabi/10.3.1/../../../../arm-none-eabi/lib/thumb/v7e-m+fp/hard\libnosys.a
END GROUP
LOAD d:/st/stm32cubeide_1.3.0/stm32cubeide/plugins/com.st.stm32cube.ide.mcu.externaltools.gnu-tools-for-stm32.10.3-2021.10.win32_1.0.0.202111181127/tools/bin/../lib/gcc/arm-none-eabi/10.3.1/thumb/v7e-m+fp/hard/crtend.o
LOAD d:/st/stm32cubeide_1.3.0/stm32cubeide/plugins/com.st.stm32cube.ide.mcu.externaltools.gnu-tools-for-stm32.10.3-2021.10.win32_1.0.0.202111181127/tools/bin/../lib/gcc/arm-none-eabi/10.3.1/thumb/v7e-m+fp/hard/crtn.o
                0x0000000020020000                _estack = (ORIGIN (RAM) + LENGTH (RAM))
                0x0000000000000200                _Min_Heap_Size = 0x200
                0x0000000000000400                _Min_Stack_Size = 0x400

.isr_vector     0x0000000008000000      0x198
                0x0000000008000000                . = ALIGN (0x4)
 *(.isr_vector)
 .isr_vector    0x0000000008000000      0x198 ./Core/Startup/startup_stm32f411ceyx.o
                0x0000000008000000                g_pfnVectors
                0x0000000008000198                . = ALIGN (0x4)

.text           0x0000000008000198     0x986c
                0x0000000008000198                . = ALIGN (0x4)
 *(.text)
 .text          0x0000000008000198       0x40 d:/st/stm32cubeide_1.3.0/stm32cubeide/plugins/com.st.stm32cube.ide.mcu.externaltools.gnu-tools-for-stm32.10.3-2021.10.win32_1.0.0.202111181127/tools/bin/../lib/gcc/arm-none-eabi/10.3.1/thumb/v7e-m+fp/hard/crtbegin.o
 .text          0x00000000080001d8      0x254 d:/st/stm32cubeide_1.3.0/stm32cubeide/plugins/com.st.stm32cube.ide.mcu.externaltools.gnu-tools-for-stm32.10.3-2021.10.win32_1.0.0.202111181127/tools/bin/../lib/gcc/arm-none-eabi/10.3.1/thumb/v7e-m+fp/hard\libgcc.a(_arm_muldf3.o)
                0x00000000080001d8                __muldf3
                0x00000000080001d8                __aeabi_dmul
 .text          0x000000000800042c      0x378 d:/st/stm32cubeide_1.3.0/stm32cubeide/plugins/com.st.stm32cube.ide.mcu.externaltools.gnu-tools-for-stm32.10.3-2021.10.win32_1.0.0.202111181127/tools/bin/../lib/gcc/arm-none-eabi/10.3.1/thumb/v7e-m+fp/hard\libgcc.a(_arm_addsubdf3.o)
                0x000000000800042c                __aeabi_drsub
                0x0000000008000434                __aeabi_dsub
                0x0000000008000434                __subdf3
                0x0000000008000438                __aeabi_dadd
                0x0000000008000438                __adddf3
                0x00000000080006b0                __floatunsidf
                0x00000000080006b0                __aeabi_ui2d
                0x00000000080006d0                __floatsidf
                0x00000000080006d0                __aeabi_i2d
                0x00000000080006f4                __aeabi_f2d
                0x00000000080006f4                __extendsfdf2
                0x0000000008000738                __floatundidf
                0x0000000008000738                __aeabi_ul2d
                0x0000000008000748                __floatdidf
                0x0000000008000748                __aeabi_l2d
 .text          0x00000000080007a4       0xa0 d:/st/stm32cubeide_1.3.0/stm32cubeide/plugins/com.st.stm32cube.ide.mcu.externaltools.gnu-tools-for-stm32.10.3-2021.10.win32_1.0.0.202111181127/tools/bin/../lib/gcc/arm-none-eabi/10.3.1/thumb/v7e-m+fp/hard\libgcc.a(_arm_truncdfsf2.o)
                0x00000000080007a4                __truncdfsf2
                0x00000000080007a4                __aeabi_d2f
 .text          0x0000000008000844       0x30 d:/st/stm32cubeide_1.3.0/stm32cubeide/plugins/com.st.stm32cube.ide.mcu.externaltools.gnu-tools-for-stm32.10.3-2021.10.win32_1.0.0.202111181127/tools/bin/../lib/gcc/arm-none-eabi/10.3.1/thumb/v7e-m+fp/hard\libgcc.a(_aeabi_uldivmod.o)
                0x0000000008000844                __aeabi_uldivmod
 .text          0x0000000008000874      0x2d0 d:/st/stm32cubeide_1.3.0/stm32cubeide/plugins/com.st.stm32cube.ide.mcu.externaltools.gnu-tools-for-stm32.10.3-2021.10.win32_1.0.0.202111181127/tools/bin/../lib/gcc/arm-none-eabi/10.3.1/thumb/v7e-m+fp/hard\libgcc.a(_udivmoddi4.o)
                0x0000000008000874                __udivmoddi4
 .text          0x0000000008000b44        0x4 d:/st/stm32cubeide_1.3.0/stm32cubeide/plugins/com.st.stm32cube.ide.mcu.externaltools.gnu-tools-for-stm32.10.3-2021.10.win32_1.0.0.202111181127/tools/bin/../lib/gcc/arm-none-eabi/10.3.1/thumb/v7e-m+fp/hard\libgcc.a(_dvmd_tls.o)
                0x0000000008000b44                __aeabi_idiv0
                0x0000000008000b44                __aeabi_ldiv0
 *(.text*)
 .text.menu_vars
                0x0000000008000b48      0x2b0 ./Core/Src/main.o
                0x0000000008000b48                menu_vars
 .text.menu_parser
                0x0000000008000df8      0x150 ./Core/Src/main.o
                0x0000000008000df8                menu_parser
 .text.SPI_command
                0x0000000008000f48       0x7c ./Core/Src/main.o
                0x0000000008000f48                SPI_command
 .text.HAL_TIM_PeriodElapsedCallback
                0x0000000008000fc4       0xb8 ./Core/Src/main.o
                0x0000000008000fc4                HAL_TIM_PeriodElapsedCallback
 .text.analoginputloopb
                0x000000000800107c      0x1a0 ./Core/Src/main.o
                0x000000000800107c                analoginputloopb
 .text.display_init
                0x000000000800121c       0xac ./Core/Src/main.o
                0x000000000800121c                display_init
 .text.gfx_send
                0x00000000080012c8       0xb0 ./Core/Src/main.o
                0x00000000080012c8                gfx_send
 .text.display_fill
                0x0000000008001378       0x70 ./Core/Src/main.o
                0x0000000008001378                display_fill
 .text.display_process
                0x00000000080013e8      0x34c ./Core/Src/main.o
                0x00000000080013e8                display_process
 .text.displayBuffer2
                0x0000000008001734      0x110 ./Core/Src/main.o
                0x0000000008001734                displayBuffer2
 *fill*         0x0000000008001844        0x4 
 .text.sampling
                0x0000000008001848     0x130c ./Core/Src/main.o
                0x0000000008001848                sampling
 .text.sine_count
                0x0000000008002b54       0xd8 ./Core/Src/main.o
                0x0000000008002b54                sine_count
 *fill*         0x0000000008002c2c        0x4 
 .text.main     0x0000000008002c30      0xa3c ./Core/Src/main.o
                0x0000000008002c30                main
 .text.SystemClock_Config
                0x000000000800366c       0xd4 ./Core/Src/main.o
                0x000000000800366c                SystemClock_Config
 .text.MX_ADC1_Init
                0x0000000008003740      0x10c ./Core/Src/main.o
 .text.MX_I2C2_Init
                0x000000000800384c       0x5c ./Core/Src/main.o
 .text.MX_SPI1_Init
                0x00000000080038a8       0x6c ./Core/Src/main.o
 .text.MX_SPI2_Init
                0x0000000008003914       0x6c ./Core/Src/main.o
 .text.MX_TIM2_Init
                0x0000000008003980       0xa8 ./Core/Src/main.o
 .text.MX_TIM3_Init
                0x0000000008003a28       0xec ./Core/Src/main.o
 .text.MX_TIM4_Init
                0x0000000008003b14       0xa8 ./Core/Src/main.o
 .text.MX_DMA_Init
                0x0000000008003bbc       0x6c ./Core/Src/main.o
 .text.MX_GPIO_Init
                0x0000000008003c28       0xd0 ./Core/Src/main.o
 .text.HAL_ADC_ConvCpltCallback
                0x0000000008003cf8       0x20 ./Core/Src/main.o
                0x0000000008003cf8                HAL_ADC_ConvCpltCallback
 .text.Error_Handler
                0x0000000008003d18        0xa ./Core/Src/main.o
                0x0000000008003d18                Error_Handler
 *fill*         0x0000000008003d22        0x2 
 .text.HAL_MspInit
                0x0000000008003d24       0x50 ./Core/Src/stm32f4xx_hal_msp.o
                0x0000000008003d24                HAL_MspInit
 .text.HAL_ADC_MspInit
                0x0000000008003d74      0x128 ./Core/Src/stm32f4xx_hal_msp.o
                0x0000000008003d74                HAL_ADC_MspInit
 .text.HAL_I2C_MspInit
                0x0000000008003e9c       0xb4 ./Core/Src/stm32f4xx_hal_msp.o
                0x0000000008003e9c                HAL_I2C_MspInit
 .text.HAL_SPI_MspInit
                0x0000000008003f50      0x160 ./Core/Src/stm32f4xx_hal_msp.o
                0x0000000008003f50                HAL_SPI_MspInit
 .text.HAL_TIM_Encoder_MspInit
                0x00000000080040b0       0xf8 ./Core/Src/stm32f4xx_hal_msp.o
                0x00000000080040b0                HAL_TIM_Encoder_MspInit
 .text.HAL_TIM_Base_MspInit
                0x00000000080041a8       0x50 ./Core/Src/stm32f4xx_hal_msp.o
                0x00000000080041a8                HAL_TIM_Base_MspInit
 .text.HAL_TIM_MspPostInit
                0x00000000080041f8       0x74 ./Core/Src/stm32f4xx_hal_msp.o
                0x00000000080041f8                HAL_TIM_MspPostInit
 .text.NMI_Handler
                0x000000000800426c        0x6 ./Core/Src/stm32f4xx_it.o
                0x000000000800426c                NMI_Handler
 .text.HardFault_Handler
                0x0000000008004272        0x6 ./Core/Src/stm32f4xx_it.o
                0x0000000008004272                HardFault_Handler
 .text.MemManage_Handler
                0x0000000008004278        0x6 ./Core/Src/stm32f4xx_it.o
                0x0000000008004278                MemManage_Handler
 .text.BusFault_Handler
                0x000000000800427e        0x6 ./Core/Src/stm32f4xx_it.o
                0x000000000800427e                BusFault_Handler
 .text.UsageFault_Handler
                0x0000000008004284        0x6 ./Core/Src/stm32f4xx_it.o
                0x0000000008004284                UsageFault_Handler
 .text.SVC_Handler
                0x000000000800428a        0xe ./Core/Src/stm32f4xx_it.o
                0x000000000800428a                SVC_Handler
 .text.DebugMon_Handler
                0x0000000008004298        0xe ./Core/Src/stm32f4xx_it.o
                0x0000000008004298                DebugMon_Handler
 .text.PendSV_Handler
                0x00000000080042a6        0xe ./Core/Src/stm32f4xx_it.o
                0x00000000080042a6                PendSV_Handler
 .text.SysTick_Handler
                0x00000000080042b4        0xc ./Core/Src/stm32f4xx_it.o
                0x00000000080042b4                SysTick_Handler
 .text.DMA1_Stream4_IRQHandler
                0x00000000080042c0       0x14 ./Core/Src/stm32f4xx_it.o
                0x00000000080042c0                DMA1_Stream4_IRQHandler
 .text.TIM3_IRQHandler
                0x00000000080042d4       0x14 ./Core/Src/stm32f4xx_it.o
                0x00000000080042d4                TIM3_IRQHandler
 .text.DMA2_Stream4_IRQHandler
                0x00000000080042e8       0x14 ./Core/Src/stm32f4xx_it.o
                0x00000000080042e8                DMA2_Stream4_IRQHandler
 .text.SystemInit
                0x00000000080042fc       0x2c ./Core/Src/system_stm32f4xx.o
                0x00000000080042fc                SystemInit
 .text.Reset_Handler
                0x0000000008004328       0x50 ./Core/Startup/startup_stm32f411ceyx.o
                0x0000000008004328                Reset_Handler
 .text.Default_Handler
                0x0000000008004378        0x2 ./Core/Startup/startup_stm32f411ceyx.o
                0x0000000008004378                RTC_Alarm_IRQHandler
                0x0000000008004378                EXTI2_IRQHandler
                0x0000000008004378                SPI4_IRQHandler
                0x0000000008004378                TIM1_CC_IRQHandler
                0x0000000008004378                DMA2_Stream5_IRQHandler
                0x0000000008004378                DMA1_Stream5_IRQHandler
                0x0000000008004378                PVD_IRQHandler
                0x0000000008004378                SDIO_IRQHandler
                0x0000000008004378                TAMP_STAMP_IRQHandler
                0x0000000008004378                EXTI3_IRQHandler
                0x0000000008004378                TIM1_UP_TIM10_IRQHandler
                0x0000000008004378                I2C3_ER_IRQHandler
                0x0000000008004378                EXTI0_IRQHandler
                0x0000000008004378                I2C2_EV_IRQHandler
                0x0000000008004378                DMA1_Stream2_IRQHandler
                0x0000000008004378                FPU_IRQHandler
                0x0000000008004378                DMA2_Stream2_IRQHandler
                0x0000000008004378                SPI1_IRQHandler
                0x0000000008004378                TIM1_BRK_TIM9_IRQHandler
                0x0000000008004378                DMA2_Stream3_IRQHandler
                0x0000000008004378                USART6_IRQHandler
                0x0000000008004378                DMA2_Stream0_IRQHandler
                0x0000000008004378                TIM4_IRQHandler
                0x0000000008004378                I2C1_EV_IRQHandler
                0x0000000008004378                DMA1_Stream6_IRQHandler
                0x0000000008004378                DMA1_Stream1_IRQHandler
                0x0000000008004378                RCC_IRQHandler
                0x0000000008004378                Default_Handler
                0x0000000008004378                EXTI15_10_IRQHandler
                0x0000000008004378                ADC_IRQHandler
                0x0000000008004378                DMA1_Stream7_IRQHandler
                0x0000000008004378                SPI5_IRQHandler
                0x0000000008004378                TIM5_IRQHandler
                0x0000000008004378                DMA2_Stream7_IRQHandler
                0x0000000008004378                I2C3_EV_IRQHandler
                0x0000000008004378                EXTI9_5_IRQHandler
                0x0000000008004378                RTC_WKUP_IRQHandler
                0x0000000008004378                SPI2_IRQHandler
                0x0000000008004378                DMA1_Stream0_IRQHandler
                0x0000000008004378                EXTI4_IRQHandler
                0x0000000008004378                WWDG_IRQHandler
                0x0000000008004378                TIM2_IRQHandler
                0x0000000008004378                OTG_FS_WKUP_IRQHandler
                0x0000000008004378                TIM1_TRG_COM_TIM11_IRQHandler
                0x0000000008004378                EXTI1_IRQHandler
                0x0000000008004378                USART2_IRQHandler
                0x0000000008004378                I2C2_ER_IRQHandler
                0x0000000008004378                DMA2_Stream1_IRQHandler
                0x0000000008004378                FLASH_IRQHandler
                0x0000000008004378                USART1_IRQHandler
                0x0000000008004378                OTG_FS_IRQHandler
                0x0000000008004378                SPI3_IRQHandler
                0x0000000008004378                I2C1_ER_IRQHandler
                0x0000000008004378                DMA2_Stream6_IRQHandler
                0x0000000008004378                DMA1_Stream3_IRQHandler
 *fill*         0x000000000800437a        0x2 
 .text.HAL_Init
                0x000000000800437c       0x44 ./Drivers/STM32F4xx_HAL_Driver/Src/stm32f4xx_hal.o
                0x000000000800437c                HAL_Init
 .text.HAL_InitTick
                0x00000000080043c0       0x60 ./Drivers/STM32F4xx_HAL_Driver/Src/stm32f4xx_hal.o
                0x00000000080043c0                HAL_InitTick
 .text.HAL_IncTick
                0x0000000008004420       0x28 ./Drivers/STM32F4xx_HAL_Driver/Src/stm32f4xx_hal.o
                0x0000000008004420                HAL_IncTick
 .text.HAL_GetTick
                0x0000000008004448       0x18 ./Drivers/STM32F4xx_HAL_Driver/Src/stm32f4xx_hal.o
                0x0000000008004448                HAL_GetTick
 .text.HAL_Delay
                0x0000000008004460       0x48 ./Drivers/STM32F4xx_HAL_Driver/Src/stm32f4xx_hal.o
                0x0000000008004460                HAL_Delay
 .text.HAL_ADC_Init
                0x00000000080044a8       0x86 ./Drivers/STM32F4xx_HAL_Driver/Src/stm32f4xx_hal_adc.o
                0x00000000080044a8                HAL_ADC_Init
 *fill*         0x000000000800452e        0x2 
 .text.HAL_ADC_Start
                0x0000000008004530      0x168 ./Drivers/STM32F4xx_HAL_Driver/Src/stm32f4xx_hal_adc.o
                0x0000000008004530                HAL_ADC_Start
 .text.HAL_ADC_PollForConversion
                0x0000000008004698      0x116 ./Drivers/STM32F4xx_HAL_Driver/Src/stm32f4xx_hal_adc.o
                0x0000000008004698                HAL_ADC_PollForConversion
 *fill*         0x00000000080047ae        0x2 
 .text.HAL_ADC_Start_DMA
                0x00000000080047b0      0x1e0 ./Drivers/STM32F4xx_HAL_Driver/Src/stm32f4xx_hal_adc.o
                0x00000000080047b0                HAL_ADC_Start_DMA
 .text.HAL_ADC_Stop_DMA
                0x0000000008004990       0xb4 ./Drivers/STM32F4xx_HAL_Driver/Src/stm32f4xx_hal_adc.o
                0x0000000008004990                HAL_ADC_Stop_DMA
 .text.HAL_ADC_ConvHalfCpltCallback
                0x0000000008004a44       0x14 ./Drivers/STM32F4xx_HAL_Driver/Src/stm32f4xx_hal_adc.o
                0x0000000008004a44                HAL_ADC_ConvHalfCpltCallback
 .text.HAL_ADC_ErrorCallback
                0x0000000008004a58       0x14 ./Drivers/STM32F4xx_HAL_Driver/Src/stm32f4xx_hal_adc.o
                0x0000000008004a58                HAL_ADC_ErrorCallback
 .text.HAL_ADC_ConfigChannel
                0x0000000008004a6c      0x264 ./Drivers/STM32F4xx_HAL_Driver/Src/stm32f4xx_hal_adc.o
                0x0000000008004a6c                HAL_ADC_ConfigChannel
 .text.ADC_Init
                0x0000000008004cd0      0x1f8 ./Drivers/STM32F4xx_HAL_Driver/Src/stm32f4xx_hal_adc.o
 .text.ADC_DMAConvCplt
                0x0000000008004ec8       0xba ./Drivers/STM32F4xx_HAL_Driver/Src/stm32f4xx_hal_adc.o
 .text.ADC_DMAHalfConvCplt
                0x0000000008004f82       0x1c ./Drivers/STM32F4xx_HAL_Driver/Src/stm32f4xx_hal_adc.o
 .text.ADC_DMAError
                0x0000000008004f9e       0x2e ./Drivers/STM32F4xx_HAL_Driver/Src/stm32f4xx_hal_adc.o
 .text.HAL_ADCEx_InjectedStart
                0x0000000008004fcc      0x194 ./Drivers/STM32F4xx_HAL_Driver/Src/stm32f4xx_hal_adc_ex.o
                0x0000000008004fcc                HAL_ADCEx_InjectedStart
 .text.HAL_ADCEx_InjectedStop
                0x0000000008005160       0x96 ./Drivers/STM32F4xx_HAL_Driver/Src/stm32f4xx_hal_adc_ex.o
                0x0000000008005160                HAL_ADCEx_InjectedStop
 *fill*         0x00000000080051f6        0x2 
 .text.HAL_ADCEx_InjectedGetValue
                0x00000000080051f8       0x70 ./Drivers/STM32F4xx_HAL_Driver/Src/stm32f4xx_hal_adc_ex.o
                0x00000000080051f8                HAL_ADCEx_InjectedGetValue
 .text.HAL_ADCEx_InjectedConfigChannel
                0x0000000008005268      0x334 ./Drivers/STM32F4xx_HAL_Driver/Src/stm32f4xx_hal_adc_ex.o
                0x0000000008005268                HAL_ADCEx_InjectedConfigChannel
 .text.__NVIC_SetPriorityGrouping
                0x000000000800559c       0x48 ./Drivers/STM32F4xx_HAL_Driver/Src/stm32f4xx_hal_cortex.o
 .text.__NVIC_GetPriorityGrouping
                0x00000000080055e4       0x1c ./Drivers/STM32F4xx_HAL_Driver/Src/stm32f4xx_hal_cortex.o
 .text.__NVIC_EnableIRQ
                0x0000000008005600       0x3c ./Drivers/STM32F4xx_HAL_Driver/Src/stm32f4xx_hal_cortex.o
 .text.__NVIC_SetPriority
                0x000000000800563c       0x54 ./Drivers/STM32F4xx_HAL_Driver/Src/stm32f4xx_hal_cortex.o
 .text.NVIC_EncodePriority
                0x0000000008005690       0x66 ./Drivers/STM32F4xx_HAL_Driver/Src/stm32f4xx_hal_cortex.o
 *fill*         0x00000000080056f6        0x2 
 .text.SysTick_Config
                0x00000000080056f8       0x44 ./Drivers/STM32F4xx_HAL_Driver/Src/stm32f4xx_hal_cortex.o
 .text.HAL_NVIC_SetPriorityGrouping
                0x000000000800573c       0x16 ./Drivers/STM32F4xx_HAL_Driver/Src/stm32f4xx_hal_cortex.o
                0x000000000800573c                HAL_NVIC_SetPriorityGrouping
 .text.HAL_NVIC_SetPriority
                0x0000000008005752       0x38 ./Drivers/STM32F4xx_HAL_Driver/Src/stm32f4xx_hal_cortex.o
                0x0000000008005752                HAL_NVIC_SetPriority
 .text.HAL_NVIC_EnableIRQ
                0x000000000800578a       0x1c ./Drivers/STM32F4xx_HAL_Driver/Src/stm32f4xx_hal_cortex.o
                0x000000000800578a                HAL_NVIC_EnableIRQ
 .text.HAL_SYSTICK_Config
                0x00000000080057a6       0x18 ./Drivers/STM32F4xx_HAL_Driver/Src/stm32f4xx_hal_cortex.o
                0x00000000080057a6                HAL_SYSTICK_Config
 *fill*         0x00000000080057be        0x2 
 .text.HAL_DMA_Init
                0x00000000080057c0      0x15c ./Drivers/STM32F4xx_HAL_Driver/Src/stm32f4xx_hal_dma.o
                0x00000000080057c0                HAL_DMA_Init
 .text.HAL_DMA_Start_IT
                0x000000000800591c       0xb0 ./Drivers/STM32F4xx_HAL_Driver/Src/stm32f4xx_hal_dma.o
                0x000000000800591c                HAL_DMA_Start_IT
 .text.HAL_DMA_Abort
                0x00000000080059cc       0xe0 ./Drivers/STM32F4xx_HAL_Driver/Src/stm32f4xx_hal_dma.o
                0x00000000080059cc                HAL_DMA_Abort
 .text.HAL_DMA_IRQHandler
                0x0000000008005aac      0x314 ./Drivers/STM32F4xx_HAL_Driver/Src/stm32f4xx_hal_dma.o
                0x0000000008005aac                HAL_DMA_IRQHandler
 .text.DMA_SetConfig
                0x0000000008005dc0       0x5c ./Drivers/STM32F4xx_HAL_Driver/Src/stm32f4xx_hal_dma.o
 .text.DMA_CalcBaseAndBitshift
                0x0000000008005e1c       0x6c ./Drivers/STM32F4xx_HAL_Driver/Src/stm32f4xx_hal_dma.o
 .text.DMA_CheckFifoParam
                0x0000000008005e88       0xf8 ./Drivers/STM32F4xx_HAL_Driver/Src/stm32f4xx_hal_dma.o
 .text.HAL_GPIO_Init
                0x0000000008005f80      0x308 ./Drivers/STM32F4xx_HAL_Driver/Src/stm32f4xx_hal_gpio.o
                0x0000000008005f80                HAL_GPIO_Init
 .text.HAL_GPIO_WritePin
                0x0000000008006288       0x32 ./Drivers/STM32F4xx_HAL_Driver/Src/stm32f4xx_hal_gpio.o
                0x0000000008006288                HAL_GPIO_WritePin
 *fill*         0x00000000080062ba        0x2 
 .text.HAL_I2C_Init
                0x00000000080062bc      0x288 ./Drivers/STM32F4xx_HAL_Driver/Src/stm32f4xx_hal_i2c.o
                0x00000000080062bc                HAL_I2C_Init
 .text.HAL_I2C_Mem_Write
                0x0000000008006544      0x1f4 ./Drivers/STM32F4xx_HAL_Driver/Src/stm32f4xx_hal_i2c.o
                0x0000000008006544                HAL_I2C_Mem_Write
 .text.HAL_I2C_Mem_Read
                0x0000000008006738      0x44c ./Drivers/STM32F4xx_HAL_Driver/Src/stm32f4xx_hal_i2c.o
                0x0000000008006738                HAL_I2C_Mem_Read
 .text.I2C_RequestMemoryWrite
                0x0000000008006b84      0x12c ./Drivers/STM32F4xx_HAL_Driver/Src/stm32f4xx_hal_i2c.o
 .text.I2C_RequestMemoryRead
                0x0000000008006cb0      0x1d0 ./Drivers/STM32F4xx_HAL_Driver/Src/stm32f4xx_hal_i2c.o
 .text.I2C_WaitOnFlagUntilTimeout
                0x0000000008006e80       0xae ./Drivers/STM32F4xx_HAL_Driver/Src/stm32f4xx_hal_i2c.o
 .text.I2C_WaitOnMasterAddressFlagUntilTimeout
                0x0000000008006f2e       0xfe ./Drivers/STM32F4xx_HAL_Driver/Src/stm32f4xx_hal_i2c.o
 .text.I2C_WaitOnTXEFlagUntilTimeout
                0x000000000800702c       0x82 ./Drivers/STM32F4xx_HAL_Driver/Src/stm32f4xx_hal_i2c.o
 .text.I2C_WaitOnBTFFlagUntilTimeout
                0x00000000080070ae       0x82 ./Drivers/STM32F4xx_HAL_Driver/Src/stm32f4xx_hal_i2c.o
 .text.I2C_WaitOnRXNEFlagUntilTimeout
                0x0000000008007130       0xac ./Drivers/STM32F4xx_HAL_Driver/Src/stm32f4xx_hal_i2c.o
 .text.I2C_IsAcknowledgeFailed
                0x00000000080071dc       0x5e ./Drivers/STM32F4xx_HAL_Driver/Src/stm32f4xx_hal_i2c.o
 *fill*         0x000000000800723a        0x2 
 .text.HAL_RCC_OscConfig
                0x000000000800723c      0x4f0 ./Drivers/STM32F4xx_HAL_Driver/Src/stm32f4xx_hal_rcc.o
                0x000000000800723c                HAL_RCC_OscConfig
 .text.HAL_RCC_ClockConfig
                0x000000000800772c      0x1cc ./Drivers/STM32F4xx_HAL_Driver/Src/stm32f4xx_hal_rcc.o
                0x000000000800772c                HAL_RCC_ClockConfig
 .text.HAL_RCC_GetSysClockFreq
                0x00000000080078f8      0x18c ./Drivers/STM32F4xx_HAL_Driver/Src/stm32f4xx_hal_rcc.o
                0x00000000080078f8                HAL_RCC_GetSysClockFreq
 .text.HAL_RCC_GetHCLKFreq
                0x0000000008007a84       0x18 ./Drivers/STM32F4xx_HAL_Driver/Src/stm32f4xx_hal_rcc.o
                0x0000000008007a84                HAL_RCC_GetHCLKFreq
 .text.HAL_RCC_GetPCLK1Freq
                0x0000000008007a9c       0x28 ./Drivers/STM32F4xx_HAL_Driver/Src/stm32f4xx_hal_rcc.o
                0x0000000008007a9c                HAL_RCC_GetPCLK1Freq
 .text.HAL_SPI_Init
                0x0000000008007ac4      0x112 ./Drivers/STM32F4xx_HAL_Driver/Src/stm32f4xx_hal_spi.o
                0x0000000008007ac4                HAL_SPI_Init
 .text.HAL_SPI_Transmit
                0x0000000008007bd6      0x278 ./Drivers/STM32F4xx_HAL_Driver/Src/stm32f4xx_hal_spi.o
                0x0000000008007bd6                HAL_SPI_Transmit
 .text.HAL_SPI_Receive
                0x0000000008007e4e      0x222 ./Drivers/STM32F4xx_HAL_Driver/Src/stm32f4xx_hal_spi.o
                0x0000000008007e4e                HAL_SPI_Receive
 .text.HAL_SPI_TransmitReceive
                0x0000000008008070      0x344 ./Drivers/STM32F4xx_HAL_Driver/Src/stm32f4xx_hal_spi.o
                0x0000000008008070                HAL_SPI_TransmitReceive
 .text.SPI_WaitFlagStateUntilTimeout
                0x00000000080083b4      0x110 ./Drivers/STM32F4xx_HAL_Driver/Src/stm32f4xx_hal_spi.o
 .text.SPI_EndRxTransaction
                0x00000000080084c4       0xca ./Drivers/STM32F4xx_HAL_Driver/Src/stm32f4xx_hal_spi.o
 *fill*         0x000000000800858e        0x2 
 .text.SPI_EndRxTxTransaction
                0x0000000008008590       0x84 ./Drivers/STM32F4xx_HAL_Driver/Src/stm32f4xx_hal_spi.o
 .text.HAL_TIM_Base_Init
                0x0000000008008614       0x9e ./Drivers/STM32F4xx_HAL_Driver/Src/stm32f4xx_hal_tim.o
                0x0000000008008614                HAL_TIM_Base_Init
 *fill*         0x00000000080086b2        0x2 
 .text.HAL_TIM_Base_Start
                0x00000000080086b4       0xb4 ./Drivers/STM32F4xx_HAL_Driver/Src/stm32f4xx_hal_tim.o
                0x00000000080086b4                HAL_TIM_Base_Start
 .text.HAL_TIM_Base_Start_IT
                0x0000000008008768       0xc4 ./Drivers/STM32F4xx_HAL_Driver/Src/stm32f4xx_hal_tim.o
                0x0000000008008768                HAL_TIM_Base_Start_IT
 .text.HAL_TIM_PWM_Init
                0x000000000800882c       0x9e ./Drivers/STM32F4xx_HAL_Driver/Src/stm32f4xx_hal_tim.o
                0x000000000800882c                HAL_TIM_PWM_Init
 .text.HAL_TIM_PWM_MspInit
                0x00000000080088ca       0x14 ./Drivers/STM32F4xx_HAL_Driver/Src/stm32f4xx_hal_tim.o
                0x00000000080088ca                HAL_TIM_PWM_MspInit
 *fill*         0x00000000080088de        0x2 
 .text.HAL_TIM_PWM_Start
                0x00000000080088e0      0x160 ./Drivers/STM32F4xx_HAL_Driver/Src/stm32f4xx_hal_tim.o
                0x00000000080088e0                HAL_TIM_PWM_Start
 .text.HAL_TIM_Encoder_Init
                0x0000000008008a40      0x14c ./Drivers/STM32F4xx_HAL_Driver/Src/stm32f4xx_hal_tim.o
                0x0000000008008a40                HAL_TIM_Encoder_Init
 .text.HAL_TIM_IRQHandler
                0x0000000008008b8c      0x210 ./Drivers/STM32F4xx_HAL_Driver/Src/stm32f4xx_hal_tim.o
                0x0000000008008b8c                HAL_TIM_IRQHandler
 .text.HAL_TIM_PWM_ConfigChannel
                0x0000000008008d9c      0x184 ./Drivers/STM32F4xx_HAL_Driver/Src/stm32f4xx_hal_tim.o
                0x0000000008008d9c                HAL_TIM_PWM_ConfigChannel
 .text.HAL_TIM_ConfigClockSource
                0x0000000008008f20      0x18e ./Drivers/STM32F4xx_HAL_Driver/Src/stm32f4xx_hal_tim.o
                0x0000000008008f20                HAL_TIM_ConfigClockSource
 .text.HAL_TIM_OC_DelayElapsedCallback
                0x00000000080090ae       0x14 ./Drivers/STM32F4xx_HAL_Driver/Src/stm32f4xx_hal_tim.o
                0x00000000080090ae                HAL_TIM_OC_DelayElapsedCallback
 .text.HAL_TIM_IC_CaptureCallback
                0x00000000080090c2       0x14 ./Drivers/STM32F4xx_HAL_Driver/Src/stm32f4xx_hal_tim.o
                0x00000000080090c2                HAL_TIM_IC_CaptureCallback
 .text.HAL_TIM_PWM_PulseFinishedCallback
                0x00000000080090d6       0x14 ./Drivers/STM32F4xx_HAL_Driver/Src/stm32f4xx_hal_tim.o
                0x00000000080090d6                HAL_TIM_PWM_PulseFinishedCallback
 .text.HAL_TIM_TriggerCallback
                0x00000000080090ea       0x14 ./Drivers/STM32F4xx_HAL_Driver/Src/stm32f4xx_hal_tim.o
                0x00000000080090ea                HAL_TIM_TriggerCallback
 *fill*         0x00000000080090fe        0x2 
 .text.TIM_Base_SetConfig
                0x0000000008009100      0x100 ./Drivers/STM32F4xx_HAL_Driver/Src/stm32f4xx_hal_tim.o
                0x0000000008009100                TIM_Base_SetConfig
 .text.TIM_OC1_SetConfig
                0x0000000008009200       0xcc ./Drivers/STM32F4xx_HAL_Driver/Src/stm32f4xx_hal_tim.o
 .text.TIM_OC2_SetConfig
                0x00000000080092cc       0xd8 ./Drivers/STM32F4xx_HAL_Driver/Src/stm32f4xx_hal_tim.o
                0x00000000080092cc                TIM_OC2_SetConfig
 .text.TIM_OC3_SetConfig
                0x00000000080093a4       0xd4 ./Drivers/STM32F4xx_HAL_Driver/Src/stm32f4xx_hal_tim.o
 .text.TIM_OC4_SetConfig
                0x0000000008009478       0xa0 ./Drivers/STM32F4xx_HAL_Driver/Src/stm32f4xx_hal_tim.o
 .text.TIM_TI1_ConfigInputStage
                0x0000000008009518       0x5e ./Drivers/STM32F4xx_HAL_Driver/Src/stm32f4xx_hal_tim.o
 .text.TIM_TI2_ConfigInputStage
                0x0000000008009576       0x60 ./Drivers/STM32F4xx_HAL_Driver/Src/stm32f4xx_hal_tim.o
 .text.TIM_ITRx_SetConfig
                0x00000000080095d6       0x36 ./Drivers/STM32F4xx_HAL_Driver/Src/stm32f4xx_hal_tim.o
 .text.TIM_ETR_SetConfig
                0x000000000800960c       0x40 ./Drivers/STM32F4xx_HAL_Driver/Src/stm32f4xx_hal_tim.o
                0x000000000800960c                TIM_ETR_SetConfig
 .text.TIM_CCxChannelCmd
                0x000000000800964c       0x4a ./Drivers/STM32F4xx_HAL_Driver/Src/stm32f4xx_hal_tim.o
                0x000000000800964c                TIM_CCxChannelCmd
 *fill*         0x0000000008009696        0x2 
 .text.HAL_TIMEx_MasterConfigSynchronization
                0x0000000008009698       0xdc ./Drivers/STM32F4xx_HAL_Driver/Src/stm32f4xx_hal_tim_ex.o
                0x0000000008009698                HAL_TIMEx_MasterConfigSynchronization
 .text.HAL_TIMEx_CommutCallback
                0x0000000008009774       0x14 ./Drivers/STM32F4xx_HAL_Driver/Src/stm32f4xx_hal_tim_ex.o
                0x0000000008009774                HAL_TIMEx_CommutCallback
 .text.HAL_TIMEx_BreakCallback
                0x0000000008009788       0x14 ./Drivers/STM32F4xx_HAL_Driver/Src/stm32f4xx_hal_tim_ex.o
                0x0000000008009788                HAL_TIMEx_BreakCallback
 .text.arm_sin_f32
                0x000000000800979c       0x88 C:\Users\Bobon\Documents\GitHub\newseqen\build\libarm_cortexM4lf_math.a(arm_sin_f32.o)
                0x000000000800979c                arm_sin_f32
 .text.atoi     0x0000000008009824        0x8 d:/st/stm32cubeide_1.3.0/stm32cubeide/plugins/com.st.stm32cube.ide.mcu.externaltools.gnu-tools-for-stm32.10.3-2021.10.win32_1.0.0.202111181127/tools/bin/../lib/gcc/arm-none-eabi/10.3.1/../../../../arm-none-eabi/lib/thumb/v7e-m+fp/hard\libc_nano.a(lib_a-atoi.o)
                0x0000000008009824                atoi
 .text.__errno  0x000000000800982c        0xc d:/st/stm32cubeide_1.3.0/stm32cubeide/plugins/com.st.stm32cube.ide.mcu.externaltools.gnu-tools-for-stm32.10.3-2021.10.win32_1.0.0.202111181127/tools/bin/../lib/gcc/arm-none-eabi/10.3.1/../../../../arm-none-eabi/lib/thumb/v7e-m+fp/hard\libc_nano.a(lib_a-errno.o)
                0x000000000800982c                __errno
 .text.__libc_init_array
                0x0000000008009838       0x48 d:/st/stm32cubeide_1.3.0/stm32cubeide/plugins/com.st.stm32cube.ide.mcu.externaltools.gnu-tools-for-stm32.10.3-2021.10.win32_1.0.0.202111181127/tools/bin/../lib/gcc/arm-none-eabi/10.3.1/../../../../arm-none-eabi/lib/thumb/v7e-m+fp/hard\libc_nano.a(lib_a-init.o)
                0x0000000008009838                __libc_init_array
 .text.memcpy   0x0000000008009880       0x1c d:/st/stm32cubeide_1.3.0/stm32cubeide/plugins/com.st.stm32cube.ide.mcu.externaltools.gnu-tools-for-stm32.10.3-2021.10.win32_1.0.0.202111181127/tools/bin/../lib/gcc/arm-none-eabi/10.3.1/../../../../arm-none-eabi/lib/thumb/v7e-m+fp/hard\libc_nano.a(lib_a-memcpy-stub.o)
                0x0000000008009880                memcpy
 .text.memset   0x000000000800989c       0x10 d:/st/stm32cubeide_1.3.0/stm32cubeide/plugins/com.st.stm32cube.ide.mcu.externaltools.gnu-tools-for-stm32.10.3-2021.10.win32_1.0.0.202111181127/tools/bin/../lib/gcc/arm-none-eabi/10.3.1/../../../../arm-none-eabi/lib/thumb/v7e-m+fp/hard\libc_nano.a(lib_a-memset.o)
                0x000000000800989c                memset
 .text.strncmp  0x00000000080098ac       0x28 d:/st/stm32cubeide_1.3.0/stm32cubeide/plugins/com.st.stm32cube.ide.mcu.externaltools.gnu-tools-for-stm32.10.3-2021.10.win32_1.0.0.202111181127/tools/bin/../lib/gcc/arm-none-eabi/10.3.1/../../../../arm-none-eabi/lib/thumb/v7e-m+fp/hard\libc_nano.a(lib_a-strncmp.o)
                0x00000000080098ac                strncmp
 .text._strtol_l.constprop.0
                0x00000000080098d4      0x104 d:/st/stm32cubeide_1.3.0/stm32cubeide/plugins/com.st.stm32cube.ide.mcu.externaltools.gnu-tools-for-stm32.10.3-2021.10.win32_1.0.0.202111181127/tools/bin/../lib/gcc/arm-none-eabi/10.3.1/../../../../arm-none-eabi/lib/thumb/v7e-m+fp/hard\libc_nano.a(lib_a-strtol.o)
 .text.strtol   0x00000000080099d8       0x14 d:/st/stm32cubeide_1.3.0/stm32cubeide/plugins/com.st.stm32cube.ide.mcu.externaltools.gnu-tools-for-stm32.10.3-2021.10.win32_1.0.0.202111181127/tools/bin/../lib/gcc/arm-none-eabi/10.3.1/../../../../arm-none-eabi/lib/thumb/v7e-m+fp/hard\libc_nano.a(lib_a-strtol.o)
                0x00000000080099d8                strtol
 *(.glue_7)
 .glue_7        0x00000000080099ec        0x0 linker stubs
 *(.glue_7t)
 .glue_7t       0x00000000080099ec        0x0 linker stubs
 *(.eh_frame)
 .eh_frame      0x00000000080099ec        0x0 d:/st/stm32cubeide_1.3.0/stm32cubeide/plugins/com.st.stm32cube.ide.mcu.externaltools.gnu-tools-for-stm32.10.3-2021.10.win32_1.0.0.202111181127/tools/bin/../lib/gcc/arm-none-eabi/10.3.1/thumb/v7e-m+fp/hard/crtbegin.o
 *(.init)
 .init          0x00000000080099ec        0x4 d:/st/stm32cubeide_1.3.0/stm32cubeide/plugins/com.st.stm32cube.ide.mcu.externaltools.gnu-tools-for-stm32.10.3-2021.10.win32_1.0.0.202111181127/tools/bin/../lib/gcc/arm-none-eabi/10.3.1/thumb/v7e-m+fp/hard/crti.o
                0x00000000080099ec                _init
 .init          0x00000000080099f0        0x8 d:/st/stm32cubeide_1.3.0/stm32cubeide/plugins/com.st.stm32cube.ide.mcu.externaltools.gnu-tools-for-stm32.10.3-2021.10.win32_1.0.0.202111181127/tools/bin/../lib/gcc/arm-none-eabi/10.3.1/thumb/v7e-m+fp/hard/crtn.o
 *(.fini)
 .fini          0x00000000080099f8        0x4 d:/st/stm32cubeide_1.3.0/stm32cubeide/plugins/com.st.stm32cube.ide.mcu.externaltools.gnu-tools-for-stm32.10.3-2021.10.win32_1.0.0.202111181127/tools/bin/../lib/gcc/arm-none-eabi/10.3.1/thumb/v7e-m+fp/hard/crti.o
                0x00000000080099f8                _fini
 .fini          0x00000000080099fc        0x8 d:/st/stm32cubeide_1.3.0/stm32cubeide/plugins/com.st.stm32cube.ide.mcu.externaltools.gnu-tools-for-stm32.10.3-2021.10.win32_1.0.0.202111181127/tools/bin/../lib/gcc/arm-none-eabi/10.3.1/thumb/v7e-m+fp/hard/crtn.o
                0x0000000008009a04                . = ALIGN (0x4)
                0x0000000008009a04                _etext = .

.vfp11_veneer   0x0000000008009a04        0x0
 .vfp11_veneer  0x0000000008009a04        0x0 linker stubs

.v4_bx          0x0000000008009a04        0x0
 .v4_bx         0x0000000008009a04        0x0 linker stubs

.iplt           0x0000000008009a04        0x0
 .iplt          0x0000000008009a04        0x0 d:/st/stm32cubeide_1.3.0/stm32cubeide/plugins/com.st.stm32cube.ide.mcu.externaltools.gnu-tools-for-stm32.10.3-2021.10.win32_1.0.0.202111181127/tools/bin/../lib/gcc/arm-none-eabi/10.3.1/thumb/v7e-m+fp/hard/crtbegin.o

.rodata         0x0000000008009a04     0x1008
                0x0000000008009a04                . = ALIGN (0x4)
 *(.rodata)
 .rodata        0x0000000008009a04      0x1aa ./Core/Src/main.o
 *(.rodata*)
 *fill*         0x0000000008009bae        0x2 
 .rodata.MajorNote
                0x0000000008009bb0       0x1b ./Core/Src/main.o
                0x0000000008009bb0                MajorNote
 *fill*         0x0000000008009bcb        0x1 
 .rodata.sample_Noteadd
                0x0000000008009bcc       0x64 ./Core/Src/main.o
                0x0000000008009bcc                sample_Noteadd
 .rodata.sine_block
                0x0000000008009c30      0x4b2 ./Core/Src/main.o
                0x0000000008009c30                sine_block
 *fill*         0x000000000800a0e2        0x2 
 .rodata.AHBPrescTable
                0x000000000800a0e4       0x10 ./Core/Src/system_stm32f4xx.o
                0x000000000800a0e4                AHBPrescTable
 .rodata.APBPrescTable
                0x000000000800a0f4        0x8 ./Core/Src/system_stm32f4xx.o
                0x000000000800a0f4                APBPrescTable
 .rodata.flagBitshiftOffset.0
                0x000000000800a0fc        0x8 ./Drivers/STM32F4xx_HAL_Driver/Src/stm32f4xx_hal_dma.o
 .rodata.sinTable_f32
                0x000000000800a104      0x804 C:\Users\Bobon\Documents\GitHub\newseqen\build\libarm_cortexM4lf_math.a(arm_common_tables.o)
                0x000000000800a104                sinTable_f32
 .rodata._ctype_
                0x000000000800a908      0x101 d:/st/stm32cubeide_1.3.0/stm32cubeide/plugins/com.st.stm32cube.ide.mcu.externaltools.gnu-tools-for-stm32.10.3-2021.10.win32_1.0.0.202111181127/tools/bin/../lib/gcc/arm-none-eabi/10.3.1/../../../../arm-none-eabi/lib/thumb/v7e-m+fp/hard\libc_nano.a(lib_a-ctype_.o)
                0x000000000800a908                _ctype_
                0x000000000800aa0c                . = ALIGN (0x4)
 *fill*         0x000000000800aa09        0x3 

.ARM.extab      0x000000000800aa0c        0x0
                0x000000000800aa0c                . = ALIGN (0x4)
 *(.ARM.extab* .gnu.linkonce.armextab.*)
                0x000000000800aa0c                . = ALIGN (0x4)

.ARM            0x000000000800aa0c        0x8
                0x000000000800aa0c                . = ALIGN (0x4)
                0x000000000800aa0c                __exidx_start = .
 *(.ARM.exidx*)
 .ARM.exidx     0x000000000800aa0c        0x8 d:/st/stm32cubeide_1.3.0/stm32cubeide/plugins/com.st.stm32cube.ide.mcu.externaltools.gnu-tools-for-stm32.10.3-2021.10.win32_1.0.0.202111181127/tools/bin/../lib/gcc/arm-none-eabi/10.3.1/thumb/v7e-m+fp/hard\libgcc.a(_udivmoddi4.o)
                0x000000000800aa14                __exidx_end = .
                0x000000000800aa14                . = ALIGN (0x4)

.rel.dyn        0x000000000800aa14        0x0
 .rel.iplt      0x000000000800aa14        0x0 d:/st/stm32cubeide_1.3.0/stm32cubeide/plugins/com.st.stm32cube.ide.mcu.externaltools.gnu-tools-for-stm32.10.3-2021.10.win32_1.0.0.202111181127/tools/bin/../lib/gcc/arm-none-eabi/10.3.1/thumb/v7e-m+fp/hard/crtbegin.o

.preinit_array  0x000000000800aa14        0x0
                0x000000000800aa14                . = ALIGN (0x4)
                0x000000000800aa14                PROVIDE (__preinit_array_start = .)
 *(.preinit_array*)
                0x000000000800aa14                PROVIDE (__preinit_array_end = .)
                0x000000000800aa14                . = ALIGN (0x4)

.init_array     0x000000000800aa14        0x4
                0x000000000800aa14                . = ALIGN (0x4)
                0x000000000800aa14                PROVIDE (__init_array_start = .)
 *(SORT_BY_NAME(.init_array.*))
 *(.init_array*)
 .init_array    0x000000000800aa14        0x4 d:/st/stm32cubeide_1.3.0/stm32cubeide/plugins/com.st.stm32cube.ide.mcu.externaltools.gnu-tools-for-stm32.10.3-2021.10.win32_1.0.0.202111181127/tools/bin/../lib/gcc/arm-none-eabi/10.3.1/thumb/v7e-m+fp/hard/crtbegin.o
                0x000000000800aa18                PROVIDE (__init_array_end = .)
                0x000000000800aa18                . = ALIGN (0x4)

.fini_array     0x000000000800aa18        0x4
                0x000000000800aa18                . = ALIGN (0x4)
                [!provide]                        PROVIDE (__fini_array_start = .)
 *(SORT_BY_NAME(.fini_array.*))
 *(.fini_array*)
 .fini_array    0x000000000800aa18        0x4 d:/st/stm32cubeide_1.3.0/stm32cubeide/plugins/com.st.stm32cube.ide.mcu.externaltools.gnu-tools-for-stm32.10.3-2021.10.win32_1.0.0.202111181127/tools/bin/../lib/gcc/arm-none-eabi/10.3.1/thumb/v7e-m+fp/hard/crtbegin.o
                [!provide]                        PROVIDE (__fini_array_end = .)
                0x000000000800aa1c                . = ALIGN (0x4)
                0x000000000800aa1c                _sidata = LOADADDR (.data)

.data           0x0000000020000000      0x914 load address 0x000000000800aa1c
                0x0000000020000000                . = ALIGN (0x4)
                0x0000000020000000                _sdata = .
 *(.data)
 *(.data*)
 .data.spell    0x0000000020000000      0x142 ./Core/Src/main.o
                0x0000000020000000                spell
 .data.sine_length
                0x0000000020000142        0x2 ./Core/Src/main.o
                0x0000000020000142                sine_length
 .data.sine_lut
                0x0000000020000144       0x62 ./Core/Src/main.o
                0x0000000020000144                sine_lut
 *fill*         0x00000000200001a6        0x2 
 .data.adc_values
                0x00000000200001a8        0xa ./Core/Src/main.o
                0x00000000200001a8                adc_values
 .data.bank_write
                0x00000000200001b2        0x2 ./Core/Src/main.o
                0x00000000200001b2                bank_write
 .data.enc2_tempC
                0x00000000200001b4        0x1 ./Core/Src/main.o
                0x00000000200001b4                enc2_tempC
 .data.enc2_add
                0x00000000200001b5        0x1 ./Core/Src/main.o
                0x00000000200001b5                enc2_add
 .data.disp_stepper
                0x00000000200001b6        0x1 ./Core/Src/main.o
                0x00000000200001b6                disp_stepper
 *fill*         0x00000000200001b7        0x1 
 .data.status_reg
                0x00000000200001b8        0x2 ./Core/Src/main.o
                0x00000000200001b8                status_reg
 *fill*         0x00000000200001ba        0x2 
 .data.menu_titles_final
                0x00000000200001bc       0x6c ./Core/Src/main.o
                0x00000000200001bc                menu_titles_final
 .data.enc_out1
                0x0000000020000228        0x1 ./Core/Src/main.o
                0x0000000020000228                enc_out1
 *fill*         0x0000000020000229        0x3 
 .data.default_menu
                0x000000002000022c      0x1e0 ./Core/Src/main.o
                0x000000002000022c                default_menu
 .data.default_menu3
                0x000000002000040c       0x96 ./Core/Src/main.o
                0x000000002000040c                default_menu3
 *fill*         0x00000000200004a2        0x2 
 .data.gfx_char
                0x00000000200004a4      0x400 ./Core/Src/main.o
                0x00000000200004a4                gfx_char
 .data.SystemCoreClock
                0x00000000200008a4        0x4 ./Core/Src/system_stm32f4xx.o
                0x00000000200008a4                SystemCoreClock
 .data.uwTickPrio
                0x00000000200008a8        0x4 ./Drivers/STM32F4xx_HAL_Driver/Src/stm32f4xx_hal.o
                0x00000000200008a8                uwTickPrio
 .data.uwTickFreq
                0x00000000200008ac        0x1 ./Drivers/STM32F4xx_HAL_Driver/Src/stm32f4xx_hal.o
                0x00000000200008ac                uwTickFreq
 *fill*         0x00000000200008ad        0x3 
 .data._impure_ptr
                0x00000000200008b0        0x4 d:/st/stm32cubeide_1.3.0/stm32cubeide/plugins/com.st.stm32cube.ide.mcu.externaltools.gnu-tools-for-stm32.10.3-2021.10.win32_1.0.0.202111181127/tools/bin/../lib/gcc/arm-none-eabi/10.3.1/../../../../arm-none-eabi/lib/thumb/v7e-m+fp/hard\libc_nano.a(lib_a-impure.o)
                0x00000000200008b0                _impure_ptr
 .data.impure_data
                0x00000000200008b4       0x60 d:/st/stm32cubeide_1.3.0/stm32cubeide/plugins/com.st.stm32cube.ide.mcu.externaltools.gnu-tools-for-stm32.10.3-2021.10.win32_1.0.0.202111181127/tools/bin/../lib/gcc/arm-none-eabi/10.3.1/../../../../arm-none-eabi/lib/thumb/v7e-m+fp/hard\libc_nano.a(lib_a-impure.o)
 *(.RamFunc)
 *(.RamFunc*)
                0x0000000020000914                . = ALIGN (0x4)
                0x0000000020000914                _edata = .

.igot.plt       0x0000000020000914        0x0 load address 0x000000000800b330
 .igot.plt      0x0000000020000914        0x0 d:/st/stm32cubeide_1.3.0/stm32cubeide/plugins/com.st.stm32cube.ide.mcu.externaltools.gnu-tools-for-stm32.10.3-2021.10.win32_1.0.0.202111181127/tools/bin/../lib/gcc/arm-none-eabi/10.3.1/thumb/v7e-m+fp/hard/crtbegin.o
                0x0000000020000914                . = ALIGN (0x4)

.bss            0x0000000020000914     0x3580 load address 0x000000000800b330
                0x0000000020000914                _sbss = .
                0x0000000020000914                __bss_start__ = _sbss
 *(.bss)
 .bss           0x0000000020000914       0x1c d:/st/stm32cubeide_1.3.0/stm32cubeide/plugins/com.st.stm32cube.ide.mcu.externaltools.gnu-tools-for-stm32.10.3-2021.10.win32_1.0.0.202111181127/tools/bin/../lib/gcc/arm-none-eabi/10.3.1/thumb/v7e-m+fp/hard/crtbegin.o
 *(.bss*)
 .bss.noteTiming
                0x0000000020000930        0x1 ./Core/Src/main.o
                0x0000000020000930                noteTiming
 *fill*         0x0000000020000931        0x3 
 .bss.potValues
                0x0000000020000934      0x17f ./Core/Src/main.o
                0x0000000020000934                potValues
 *fill*         0x0000000020000ab3        0x1 
 .bss.potSource
                0x0000000020000ab4      0x17f ./Core/Src/main.o
                0x0000000020000ab4                potSource
 *fill*         0x0000000020000c33        0x1 
 .bss.sine_counter
                0x0000000020000c34        0x2 ./Core/Src/main.o
                0x0000000020000c34                sine_counter
 .bss.sine_counterB
                0x0000000020000c36        0x2 ./Core/Src/main.o
                0x0000000020000c36                sine_counterB
 .bss.sine_out  0x0000000020000c38        0x4 ./Core/Src/main.o
                0x0000000020000c38                sine_out
 .bss.sine_temp2
                0x0000000020000c3c        0x2 ./Core/Src/main.o
                0x0000000020000c3c                sine_temp2
 .bss.menuSelect
                0x0000000020000c3e        0x1 ./Core/Src/main.o
                0x0000000020000c3e                menuSelect
 .bss.menuSelectX
                0x0000000020000c3f        0x1 ./Core/Src/main.o
                0x0000000020000c3f                menuSelectX
 .bss.isrMask   0x0000000020000c40        0x2 ./Core/Src/main.o
                0x0000000020000c40                isrMask
 .bss.firstbarLoop
                0x0000000020000c42        0x1 ./Core/Src/main.o
                0x0000000020000c42                firstbarLoop
 *fill*         0x0000000020000c43        0x1 
 .bss.counterVarB
                0x0000000020000c44        0x2 ./Core/Src/main.o
                0x0000000020000c44                counterVarB
 *fill*         0x0000000020000c46        0x2 
 .bss.tune_Accu
                0x0000000020000c48        0x4 ./Core/Src/main.o
                0x0000000020000c48                tune_Accu
 .bss.store_c   0x0000000020000c4c        0x2 ./Core/Src/main.o
                0x0000000020000c4c                store_c
 .bss.n         0x0000000020000c4e        0x2 ./Core/Src/main.o
                0x0000000020000c4e                n
 .bss.sample_Accu
                0x0000000020000c50       0x1c ./Core/Src/main.o
                0x0000000020000c50                sample_Accu
 .bss.loop_counter
                0x0000000020000c6c        0x1 ./Core/Src/main.o
                0x0000000020000c6c                loop_counter
 *fill*         0x0000000020000c6d        0x1 
 .bss.sample_pointB
                0x0000000020000c6e        0x2 ./Core/Src/main.o
                0x0000000020000c6e                sample_pointB
 .bss.i         0x0000000020000c70        0x2 ./Core/Src/main.o
                0x0000000020000c70                i
 *fill*         0x0000000020000c72        0x2 
 .bss.play_sample
                0x0000000020000c74      0x802 ./Core/Src/main.o
                0x0000000020000c74                play_sample
 .bss.sample_point
                0x0000000020001476        0x2 ./Core/Src/main.o
                0x0000000020001476                sample_point
 .bss.play_hold
                0x0000000020001478        0x2 ./Core/Src/main.o
                0x0000000020001478                play_hold
 .bss.sample_pointD
                0x000000002000147a        0x2 ./Core/Src/main.o
                0x000000002000147a                sample_pointD
 .bss.mask_result
                0x000000002000147c        0x2 ./Core/Src/main.o
                0x000000002000147c                mask_result
 *fill*         0x000000002000147e        0x2 
 .bss.adc_source
                0x0000000020001480      0x802 ./Core/Src/main.o
 *fill*         0x0000000020001c82        0x2 
 .bss.adsr_lut  0x0000000020001c84      0x400 ./Core/Src/main.o
                0x0000000020001c84                adsr_lut
 .bss.adsr_retrigger
                0x0000000020002084       0x16 ./Core/Src/main.o
                0x0000000020002084                adsr_retrigger
 .bss.next_isr  0x000000002000209a        0x2 ./Core/Src/main.o
                0x000000002000209a                next_isr
 .bss.note_holdA
                0x000000002000209c        0x1 ./Core/Src/main.o
                0x000000002000209c                note_holdA
 *fill*         0x000000002000209d        0x3 
 .bss.sample_accus
                0x00000000200020a0       0x18 ./Core/Src/main.o
                0x00000000200020a0                sample_accus
 .bss.one_shot  0x00000000200020b8        0x1 ./Core/Src/main.o
                0x00000000200020b8                one_shot
 *fill*         0x00000000200020b9        0x1 
 .bss.enc_temp  0x00000000200020ba        0x2 ./Core/Src/main.o
                0x00000000200020ba                enc_temp
 .bss.enc_tempB
                0x00000000200020bc        0x2 ./Core/Src/main.o
                0x00000000200020bc                enc_tempB
 .bss.enc2_temp
                0x00000000200020be        0x2 ./Core/Src/main.o
                0x00000000200020be                enc2_temp
 .bss.enc2_tempB
                0x00000000200020c0        0x2 ./Core/Src/main.o
                0x00000000200020c0                enc2_tempB
 .bss.enc2_dir  0x00000000200020c2        0x2 ./Core/Src/main.o
                0x00000000200020c2                enc2_dir
 .bss.enc_dir   0x00000000200020c4        0x2 ./Core/Src/main.o
                0x00000000200020c4                enc_dir
 .bss.tempo_count
                0x00000000200020c6        0x2 ./Core/Src/main.o
                0x00000000200020c6                tempo_count
 .bss.lcd_send  0x00000000200020c8        0x2 ./Core/Src/main.o
                0x00000000200020c8                lcd_send
 .bss.spi_enable
                0x00000000200020ca        0x2 ./Core/Src/main.o
                0x00000000200020ca                spi_enable
 .bss.spi_byte  0x00000000200020cc        0x1 ./Core/Src/main.o
                0x00000000200020cc                spi_byte
 *fill*         0x00000000200020cd        0x1 
 .bss.spi_hold  0x00000000200020ce        0x2 ./Core/Src/main.o
                0x00000000200020ce                spi_hold
 .bss.spi_send  0x00000000200020d0        0x1 ./Core/Src/main.o
                0x00000000200020d0                spi_send
 .bss.init      0x00000000200020d1        0x1 ./Core/Src/main.o
                0x00000000200020d1                init
 .bss.init_b    0x00000000200020d2        0x2 ./Core/Src/main.o
                0x00000000200020d2                init_b
 .bss.cursor_menu
                0x00000000200020d4        0x6 ./Core/Src/main.o
                0x00000000200020d4                cursor_menu
 .bss.mem_count
                0x00000000200020da        0x1 ./Core/Src/main.o
                0x00000000200020da                mem_count
 *fill*         0x00000000200020db        0x1 
 .bss.loop_counter2
                0x00000000200020dc        0x4 ./Core/Src/main.o
                0x00000000200020dc                loop_counter2
 .bss.mem_buf   0x00000000200020e0        0x1 ./Core/Src/main.o
                0x00000000200020e0                mem_buf
 *fill*         0x00000000200020e1        0x3 
 .bss.menu_page
                0x00000000200020e4        0x6 ./Core/Src/main.o
                0x00000000200020e4                menu_page
 *fill*         0x00000000200020ea        0x2 
 .bss.filter_accus
                0x00000000200020ec       0x3c ./Core/Src/main.o
                0x00000000200020ec                filter_accus
 .bss.filter_hold
                0x0000000020002128       0x14 ./Core/Src/main.o
                0x0000000020002128                filter_hold
 .bss.freq_point
                0x000000002000213c       0x10 ./Core/Src/main.o
                0x000000002000213c                freq_point
 .bss.freq_pointer
                0x000000002000214c       0x90 ./Core/Src/main.o
                0x000000002000214c                freq_pointer
 .bss.i_frac    0x00000000200021dc        0x1 ./Core/Src/main.o
                0x00000000200021dc                i_frac
 *fill*         0x00000000200021dd        0x1 
 .bss.trigger_counter
                0x00000000200021de        0x2 ./Core/Src/main.o
                0x00000000200021de                trigger_counter
 .bss.lfo_accu  0x00000000200021e0      0x190 ./Core/Src/main.o
                0x00000000200021e0                lfo_accu
 .bss.lfo_out   0x0000000020002370       0xc8 ./Core/Src/main.o
                0x0000000020002370                lfo_out
 .bss.tempo_lut
                0x0000000020002438      0x144 ./Core/Src/main.o
                0x0000000020002438                tempo_lut
 .bss.gfx_ram   0x000000002000257c      0x480 ./Core/Src/main.o
                0x000000002000257c                gfx_ram
 .bss.gfx_send_counter
                0x00000000200029fc        0x2 ./Core/Src/main.o
                0x00000000200029fc                gfx_send_counter
 .bss.gfx_send_counter2
                0x00000000200029fe        0x1 ./Core/Src/main.o
                0x00000000200029fe                gfx_send_counter2
 .bss.gfx_send_cursor
                0x00000000200029ff        0x1 ./Core/Src/main.o
                0x00000000200029ff                gfx_send_cursor
 .bss.gfx_send_swap
                0x0000000020002a00        0x1 ./Core/Src/main.o
                0x0000000020002a00                gfx_send_swap
 .bss.gfx_send_lines
                0x0000000020002a01        0x1 ./Core/Src/main.o
                0x0000000020002a01                gfx_send_lines
 *fill*         0x0000000020002a02        0x2 
 .bss.adsr_level
                0x0000000020002a04       0x2c ./Core/Src/main.o
                0x0000000020002a04                adsr_level
 .bss.adsr_att  0x0000000020002a30        0x4 ./Core/Src/main.o
                0x0000000020002a30                adsr_att
 .bss.lcd_out3  0x0000000020002a34        0x2 ./Core/Src/main.o
                0x0000000020002a34                lcd_out3
 .bss.disp_end  0x0000000020002a36        0x1 ./Core/Src/main.o
                0x0000000020002a36                disp_end
 .bss.loop_counter3
                0x0000000020002a37        0x1 ./Core/Src/main.o
                0x0000000020002a37                loop_counter3
 .bss.input_holder
                0x0000000020002a38      0x400 ./Core/Src/main.o
                0x0000000020002a38                input_holder
 .bss.adc_flag  0x0000000020002e38        0x1 ./Core/Src/main.o
                0x0000000020002e38                adc_flag
 *fill*         0x0000000020002e39        0x3 
 .bss.return_spi1
                0x0000000020002e3c       0x10 ./Core/Src/main.o
                0x0000000020002e3c                return_spi1
 .bss.time_final
                0x0000000020002e4c        0x4 ./Core/Src/main.o
                0x0000000020002e4c                time_final
 .bss.time_proc
                0x0000000020002e50        0x2 ./Core/Src/main.o
                0x0000000020002e50                time_proc
 .bss.error_count
                0x0000000020002e52        0x2 ./Core/Src/main.o
                0x0000000020002e52                error_count
 .bss.LFO       0x0000000020002e54      0x104 ./Core/Src/main.o
                0x0000000020002e54                LFO
 .bss.ADSR      0x0000000020002f58      0xa8c ./Core/Src/main.o
                0x0000000020002f58                ADSR
 .bss.note      0x00000000200039e4       0x70 ./Core/Src/main.o
                0x00000000200039e4                note
 .bss.seq       0x0000000020003a54       0x2e ./Core/Src/main.o
                0x0000000020003a54                seq
 .bss.string_search
                0x0000000020003a82        0x2 ./Core/Src/main.o
                0x0000000020003a82                string_search
 .bss.menu_counter
                0x0000000020003a84        0x1 ./Core/Src/main.o
                0x0000000020003a84                menu_counter
 .bss.space_check
                0x0000000020003a85        0x1 ./Core/Src/main.o
                0x0000000020003a85                space_check
 *fill*         0x0000000020003a86        0x2 
 .bss.menu_title_lut
                0x0000000020003a88       0x82 ./Core/Src/main.o
                0x0000000020003a88                menu_title_lut
 .bss.menu_title_count
                0x0000000020003b0a        0x1 ./Core/Src/main.o
                0x0000000020003b0a                menu_title_count
 *fill*         0x0000000020003b0b        0x1 
 .bss.menu_vars_menu
                0x0000000020003b0c        0x4 ./Core/Src/main.o
                0x0000000020003b0c                menu_vars_menu
 .bss.menu_vars_var
                0x0000000020003b10        0x4 ./Core/Src/main.o
                0x0000000020003b10                menu_vars_var
 .bss.menu_vars_in
                0x0000000020003b14        0x8 ./Core/Src/main.o
                0x0000000020003b14                menu_vars_in
 .bss.menu_index_in
                0x0000000020003b1c        0x1 ./Core/Src/main.o
                0x0000000020003b1c                menu_index_in
 *fill*         0x0000000020003b1d        0x3 
 .bss.menu_index_list
                0x0000000020003b20       0x80 ./Core/Src/main.o
                0x0000000020003b20                menu_index_list
 .bss.menu_countr
                0x0000000020003ba0        0x1 ./Core/Src/main.o
                0x0000000020003ba0                menu_countr
 *fill*         0x0000000020003ba1        0x3 
 .bss.enc2_store
                0x0000000020003ba4        0x5 ./Core/Src/main.o
                0x0000000020003ba4                enc2_store
 .bss.enc2_store_count
                0x0000000020003ba9        0x1 ./Core/Src/main.o
                0x0000000020003ba9                enc2_store_count
 .bss.lcd_temp  0x0000000020003baa        0x1 ./Core/Src/main.o
                0x0000000020003baa                lcd_temp
 *fill*         0x0000000020003bab        0x1 
 .bss.hadc1     0x0000000020003bac       0x48 ./Core/Src/main.o
                0x0000000020003bac                hadc1
 .bss.hdma_adc1
                0x0000000020003bf4       0x60 ./Core/Src/main.o
                0x0000000020003bf4                hdma_adc1
 .bss.hi2c2     0x0000000020003c54       0x54 ./Core/Src/main.o
                0x0000000020003c54                hi2c2
 .bss.hspi1     0x0000000020003ca8       0x58 ./Core/Src/main.o
                0x0000000020003ca8                hspi1
 .bss.hspi2     0x0000000020003d00       0x58 ./Core/Src/main.o
                0x0000000020003d00                hspi2
 .bss.hdma_spi2_tx
                0x0000000020003d58       0x60 ./Core/Src/main.o
                0x0000000020003d58                hdma_spi2_tx
 .bss.htim2     0x0000000020003db8       0x48 ./Core/Src/main.o
                0x0000000020003db8                htim2
 .bss.htim3     0x0000000020003e00       0x48 ./Core/Src/main.o
                0x0000000020003e00                htim3
 .bss.htim4     0x0000000020003e48       0x48 ./Core/Src/main.o
                0x0000000020003e48                htim4
 .bss.uwTick    0x0000000020003e90        0x4 ./Drivers/STM32F4xx_HAL_Driver/Src/stm32f4xx_hal.o
                0x0000000020003e90                uwTick
 *(COMMON)
                0x0000000020003e94                . = ALIGN (0x4)
                0x0000000020003e94                _ebss = .
                0x0000000020003e94                __bss_end__ = _ebss

._user_heap_stack
                0x0000000020003e94      0x604 load address 0x000000000800b330
                0x0000000020003e98                . = ALIGN (0x8)
 *fill*         0x0000000020003e94        0x4 
                [!provide]                        PROVIDE (end = .)
                0x0000000020003e98                PROVIDE (_end = .)
                0x0000000020004098                . = (. + _Min_Heap_Size)
 *fill*         0x0000000020003e98      0x200 
                0x0000000020004498                . = (. + _Min_Stack_Size)
 *fill*         0x0000000020004098      0x400 
                0x0000000020004498                . = ALIGN (0x8)

/DISCARD/
 libc.a(*)
 libm.a(*)
 libgcc.a(*)

.ARM.attributes
                0x0000000000000000       0x30
 *(.ARM.attributes)
 .ARM.attributes
                0x0000000000000000       0x1e d:/st/stm32cubeide_1.3.0/stm32cubeide/plugins/com.st.stm32cube.ide.mcu.externaltools.gnu-tools-for-stm32.10.3-2021.10.win32_1.0.0.202111181127/tools/bin/../lib/gcc/arm-none-eabi/10.3.1/thumb/v7e-m+fp/hard/crti.o
 .ARM.attributes
                0x000000000000001e       0x34 d:/st/stm32cubeide_1.3.0/stm32cubeide/plugins/com.st.stm32cube.ide.mcu.externaltools.gnu-tools-for-stm32.10.3-2021.10.win32_1.0.0.202111181127/tools/bin/../lib/gcc/arm-none-eabi/10.3.1/thumb/v7e-m+fp/hard/crtbegin.o
 .ARM.attributes
                0x0000000000000052       0x34 ./Core/Src/main.o
 .ARM.attributes
                0x0000000000000086       0x34 ./Core/Src/stm32f4xx_hal_msp.o
 .ARM.attributes
                0x00000000000000ba       0x34 ./Core/Src/stm32f4xx_it.o
 .ARM.attributes
                0x00000000000000ee       0x34 ./Core/Src/system_stm32f4xx.o
 .ARM.attributes
                0x0000000000000122       0x21 ./Core/Startup/startup_stm32f411ceyx.o
 .ARM.attributes
                0x0000000000000143       0x34 ./Drivers/STM32F4xx_HAL_Driver/Src/stm32f4xx_hal.o
 .ARM.attributes
                0x0000000000000177       0x34 ./Drivers/STM32F4xx_HAL_Driver/Src/stm32f4xx_hal_adc.o
 .ARM.attributes
                0x00000000000001ab       0x34 ./Drivers/STM32F4xx_HAL_Driver/Src/stm32f4xx_hal_adc_ex.o
 .ARM.attributes
                0x00000000000001df       0x34 ./Drivers/STM32F4xx_HAL_Driver/Src/stm32f4xx_hal_cortex.o
 .ARM.attributes
                0x0000000000000213       0x34 ./Drivers/STM32F4xx_HAL_Driver/Src/stm32f4xx_hal_dma.o
 .ARM.attributes
                0x0000000000000247       0x34 ./Drivers/STM32F4xx_HAL_Driver/Src/stm32f4xx_hal_gpio.o
 .ARM.attributes
                0x000000000000027b       0x34 ./Drivers/STM32F4xx_HAL_Driver/Src/stm32f4xx_hal_i2c.o
 .ARM.attributes
                0x00000000000002af       0x34 ./Drivers/STM32F4xx_HAL_Driver/Src/stm32f4xx_hal_rcc.o
 .ARM.attributes
                0x00000000000002e3       0x34 ./Drivers/STM32F4xx_HAL_Driver/Src/stm32f4xx_hal_spi.o
 .ARM.attributes
                0x0000000000000317       0x34 ./Drivers/STM32F4xx_HAL_Driver/Src/stm32f4xx_hal_tim.o
 .ARM.attributes
                0x000000000000034b       0x34 ./Drivers/STM32F4xx_HAL_Driver/Src/stm32f4xx_hal_tim_ex.o
 .ARM.attributes
                0x000000000000037f       0x39 C:\Users\Bobon\Documents\GitHub\newseqen\build\libarm_cortexM4lf_math.a(arm_sin_f32.o)
 .ARM.attributes
                0x00000000000003b8       0x39 C:\Users\Bobon\Documents\GitHub\newseqen\build\libarm_cortexM4lf_math.a(arm_common_tables.o)
 .ARM.attributes
                0x00000000000003f1       0x34 d:/st/stm32cubeide_1.3.0/stm32cubeide/plugins/com.st.stm32cube.ide.mcu.externaltools.gnu-tools-for-stm32.10.3-2021.10.win32_1.0.0.202111181127/tools/bin/../lib/gcc/arm-none-eabi/10.3.1/../../../../arm-none-eabi/lib/thumb/v7e-m+fp/hard\libc_nano.a(lib_a-atoi.o)
 .ARM.attributes
                0x0000000000000425       0x34 d:/st/stm32cubeide_1.3.0/stm32cubeide/plugins/com.st.stm32cube.ide.mcu.externaltools.gnu-tools-for-stm32.10.3-2021.10.win32_1.0.0.202111181127/tools/bin/../lib/gcc/arm-none-eabi/10.3.1/../../../../arm-none-eabi/lib/thumb/v7e-m+fp/hard\libc_nano.a(lib_a-errno.o)
 .ARM.attributes
                0x0000000000000459       0x34 d:/st/stm32cubeide_1.3.0/stm32cubeide/plugins/com.st.stm32cube.ide.mcu.externaltools.gnu-tools-for-stm32.10.3-2021.10.win32_1.0.0.202111181127/tools/bin/../lib/gcc/arm-none-eabi/10.3.1/../../../../arm-none-eabi/lib/thumb/v7e-m+fp/hard\libc_nano.a(lib_a-impure.o)
 .ARM.attributes
                0x000000000000048d       0x34 d:/st/stm32cubeide_1.3.0/stm32cubeide/plugins/com.st.stm32cube.ide.mcu.externaltools.gnu-tools-for-stm32.10.3-2021.10.win32_1.0.0.202111181127/tools/bin/../lib/gcc/arm-none-eabi/10.3.1/../../../../arm-none-eabi/lib/thumb/v7e-m+fp/hard\libc_nano.a(lib_a-init.o)
 .ARM.attributes
                0x00000000000004c1       0x34 d:/st/stm32cubeide_1.3.0/stm32cubeide/plugins/com.st.stm32cube.ide.mcu.externaltools.gnu-tools-for-stm32.10.3-2021.10.win32_1.0.0.202111181127/tools/bin/../lib/gcc/arm-none-eabi/10.3.1/../../../../arm-none-eabi/lib/thumb/v7e-m+fp/hard\libc_nano.a(lib_a-memcpy-stub.o)
 .ARM.attributes
                0x00000000000004f5       0x34 d:/st/stm32cubeide_1.3.0/stm32cubeide/plugins/com.st.stm32cube.ide.mcu.externaltools.gnu-tools-for-stm32.10.3-2021.10.win32_1.0.0.202111181127/tools/bin/../lib/gcc/arm-none-eabi/10.3.1/../../../../arm-none-eabi/lib/thumb/v7e-m+fp/hard\libc_nano.a(lib_a-memset.o)
 .ARM.attributes
                0x0000000000000529       0x34 d:/st/stm32cubeide_1.3.0/stm32cubeide/plugins/com.st.stm32cube.ide.mcu.externaltools.gnu-tools-for-stm32.10.3-2021.10.win32_1.0.0.202111181127/tools/bin/../lib/gcc/arm-none-eabi/10.3.1/../../../../arm-none-eabi/lib/thumb/v7e-m+fp/hard\libc_nano.a(lib_a-strncmp.o)
 .ARM.attributes
                0x000000000000055d       0x34 d:/st/stm32cubeide_1.3.0/stm32cubeide/plugins/com.st.stm32cube.ide.mcu.externaltools.gnu-tools-for-stm32.10.3-2021.10.win32_1.0.0.202111181127/tools/bin/../lib/gcc/arm-none-eabi/10.3.1/../../../../arm-none-eabi/lib/thumb/v7e-m+fp/hard\libc_nano.a(lib_a-strtol.o)
 .ARM.attributes
                0x0000000000000591       0x34 d:/st/stm32cubeide_1.3.0/stm32cubeide/plugins/com.st.stm32cube.ide.mcu.externaltools.gnu-tools-for-stm32.10.3-2021.10.win32_1.0.0.202111181127/tools/bin/../lib/gcc/arm-none-eabi/10.3.1/../../../../arm-none-eabi/lib/thumb/v7e-m+fp/hard\libc_nano.a(lib_a-ctype_.o)
 .ARM.attributes
                0x00000000000005c5       0x1e d:/st/stm32cubeide_1.3.0/stm32cubeide/plugins/com.st.stm32cube.ide.mcu.externaltools.gnu-tools-for-stm32.10.3-2021.10.win32_1.0.0.202111181127/tools/bin/../lib/gcc/arm-none-eabi/10.3.1/thumb/v7e-m+fp/hard\libgcc.a(_arm_muldf3.o)
 .ARM.attributes
                0x00000000000005e3       0x1e d:/st/stm32cubeide_1.3.0/stm32cubeide/plugins/com.st.stm32cube.ide.mcu.externaltools.gnu-tools-for-stm32.10.3-2021.10.win32_1.0.0.202111181127/tools/bin/../lib/gcc/arm-none-eabi/10.3.1/thumb/v7e-m+fp/hard\libgcc.a(_arm_addsubdf3.o)
 .ARM.attributes
                0x0000000000000601       0x1e d:/st/stm32cubeide_1.3.0/stm32cubeide/plugins/com.st.stm32cube.ide.mcu.externaltools.gnu-tools-for-stm32.10.3-2021.10.win32_1.0.0.202111181127/tools/bin/../lib/gcc/arm-none-eabi/10.3.1/thumb/v7e-m+fp/hard\libgcc.a(_arm_truncdfsf2.o)
 .ARM.attributes
                0x000000000000061f       0x1e d:/st/stm32cubeide_1.3.0/stm32cubeide/plugins/com.st.stm32cube.ide.mcu.externaltools.gnu-tools-for-stm32.10.3-2021.10.win32_1.0.0.202111181127/tools/bin/../lib/gcc/arm-none-eabi/10.3.1/thumb/v7e-m+fp/hard\libgcc.a(_aeabi_uldivmod.o)
 .ARM.attributes
                0x000000000000063d       0x34 d:/st/stm32cubeide_1.3.0/stm32cubeide/plugins/com.st.stm32cube.ide.mcu.externaltools.gnu-tools-for-stm32.10.3-2021.10.win32_1.0.0.202111181127/tools/bin/../lib/gcc/arm-none-eabi/10.3.1/thumb/v7e-m+fp/hard\libgcc.a(_udivmoddi4.o)
 .ARM.attributes
                0x0000000000000671       0x1e d:/st/stm32cubeide_1.3.0/stm32cubeide/plugins/com.st.stm32cube.ide.mcu.externaltools.gnu-tools-for-stm32.10.3-2021.10.win32_1.0.0.202111181127/tools/bin/../lib/gcc/arm-none-eabi/10.3.1/thumb/v7e-m+fp/hard\libgcc.a(_dvmd_tls.o)
 .ARM.attributes
                0x000000000000068f       0x1e d:/st/stm32cubeide_1.3.0/stm32cubeide/plugins/com.st.stm32cube.ide.mcu.externaltools.gnu-tools-for-stm32.10.3-2021.10.win32_1.0.0.202111181127/tools/bin/../lib/gcc/arm-none-eabi/10.3.1/thumb/v7e-m+fp/hard/crtn.o
OUTPUT(newseqen.elf elf32-littlearm)
LOAD linker stubs
LOAD d:/st/stm32cubeide_1.3.0/stm32cubeide/plugins/com.st.stm32cube.ide.mcu.externaltools.gnu-tools-for-stm32.10.3-2021.10.win32_1.0.0.202111181127/tools/bin/../lib/gcc/arm-none-eabi/10.3.1/../../../../arm-none-eabi/lib/thumb/v7e-m+fp/hard\libc.a
LOAD d:/st/stm32cubeide_1.3.0/stm32cubeide/plugins/com.st.stm32cube.ide.mcu.externaltools.gnu-tools-for-stm32.10.3-2021.10.win32_1.0.0.202111181127/tools/bin/../lib/gcc/arm-none-eabi/10.3.1/../../../../arm-none-eabi/lib/thumb/v7e-m+fp/hard\libm.a
LOAD d:/st/stm32cubeide_1.3.0/stm32cubeide/plugins/com.st.stm32cube.ide.mcu.externaltools.gnu-tools-for-stm32.10.3-2021.10.win32_1.0.0.202111181127/tools/bin/../lib/gcc/arm-none-eabi/10.3.1/thumb/v7e-m+fp/hard\libgcc.a

.debug_info     0x0000000000000000    0x132cf
 .debug_info    0x0000000000000000     0x39e0 ./Core/Src/main.o
 .debug_info    0x00000000000039e0     0x17c3 ./Core/Src/stm32f4xx_hal_msp.o
 .debug_info    0x00000000000051a3      0x77d ./Core/Src/stm32f4xx_it.o
 .debug_info    0x0000000000005920      0x54f ./Core/Src/system_stm32f4xx.o
 .debug_info    0x0000000000005e6f       0x22 ./Core/Startup/startup_stm32f411ceyx.o
 .debug_info    0x0000000000005e91      0x90d ./Drivers/STM32F4xx_HAL_Driver/Src/stm32f4xx_hal.o
 .debug_info    0x000000000000679e      0xd68 ./Drivers/STM32F4xx_HAL_Driver/Src/stm32f4xx_hal_adc.o
 .debug_info    0x0000000000007506      0xbd4 ./Drivers/STM32F4xx_HAL_Driver/Src/stm32f4xx_hal_adc_ex.o
 .debug_info    0x00000000000080da      0xd8b ./Drivers/STM32F4xx_HAL_Driver/Src/stm32f4xx_hal_cortex.o
 .debug_info    0x0000000000008e65      0x947 ./Drivers/STM32F4xx_HAL_Driver/Src/stm32f4xx_hal_dma.o
 .debug_info    0x00000000000097ac      0x78e ./Drivers/STM32F4xx_HAL_Driver/Src/stm32f4xx_hal_gpio.o
 .debug_info    0x0000000000009f3a     0x260f ./Drivers/STM32F4xx_HAL_Driver/Src/stm32f4xx_hal_i2c.o
 .debug_info    0x000000000000c549      0x98d ./Drivers/STM32F4xx_HAL_Driver/Src/stm32f4xx_hal_rcc.o
 .debug_info    0x000000000000ced6     0x1750 ./Drivers/STM32F4xx_HAL_Driver/Src/stm32f4xx_hal_spi.o
 .debug_info    0x000000000000e626     0x2bb6 ./Drivers/STM32F4xx_HAL_Driver/Src/stm32f4xx_hal_tim.o
 .debug_info    0x00000000000111dc     0x15d8 ./Drivers/STM32F4xx_HAL_Driver/Src/stm32f4xx_hal_tim_ex.o
 .debug_info    0x00000000000127b4      0x17e C:\Users\Bobon\Documents\GitHub\newseqen\build\libarm_cortexM4lf_math.a(arm_sin_f32.o)
 .debug_info    0x0000000000012932      0x99d C:\Users\Bobon\Documents\GitHub\newseqen\build\libarm_cortexM4lf_math.a(arm_common_tables.o)

.debug_abbrev   0x0000000000000000     0x2488
 .debug_abbrev  0x0000000000000000      0x43a ./Core/Src/main.o
 .debug_abbrev  0x000000000000043a      0x240 ./Core/Src/stm32f4xx_hal_msp.o
 .debug_abbrev  0x000000000000067a      0x195 ./Core/Src/stm32f4xx_it.o
 .debug_abbrev  0x000000000000080f      0x116 ./Core/Src/system_stm32f4xx.o
 .debug_abbrev  0x0000000000000925       0x12 ./Core/Startup/startup_stm32f411ceyx.o
 .debug_abbrev  0x0000000000000937      0x23e ./Drivers/STM32F4xx_HAL_Driver/Src/stm32f4xx_hal.o
 .debug_abbrev  0x0000000000000b75      0x204 ./Drivers/STM32F4xx_HAL_Driver/Src/stm32f4xx_hal_adc.o
 .debug_abbrev  0x0000000000000d79      0x21f ./Drivers/STM32F4xx_HAL_Driver/Src/stm32f4xx_hal_adc_ex.o
 .debug_abbrev  0x0000000000000f98      0x316 ./Drivers/STM32F4xx_HAL_Driver/Src/stm32f4xx_hal_cortex.o
 .debug_abbrev  0x00000000000012ae      0x21b ./Drivers/STM32F4xx_HAL_Driver/Src/stm32f4xx_hal_dma.o
 .debug_abbrev  0x00000000000014c9      0x1c4 ./Drivers/STM32F4xx_HAL_Driver/Src/stm32f4xx_hal_gpio.o
 .debug_abbrev  0x000000000000168d      0x2a8 ./Drivers/STM32F4xx_HAL_Driver/Src/stm32f4xx_hal_i2c.o
 .debug_abbrev  0x0000000000001935      0x2aa ./Drivers/STM32F4xx_HAL_Driver/Src/stm32f4xx_hal_rcc.o
 .debug_abbrev  0x0000000000001bdf      0x26e ./Drivers/STM32F4xx_HAL_Driver/Src/stm32f4xx_hal_spi.o
 .debug_abbrev  0x0000000000001e4d      0x26e ./Drivers/STM32F4xx_HAL_Driver/Src/stm32f4xx_hal_tim.o
 .debug_abbrev  0x00000000000020bb      0x276 ./Drivers/STM32F4xx_HAL_Driver/Src/stm32f4xx_hal_tim_ex.o
 .debug_abbrev  0x0000000000002331       0xd3 C:\Users\Bobon\Documents\GitHub\newseqen\build\libarm_cortexM4lf_math.a(arm_sin_f32.o)
 .debug_abbrev  0x0000000000002404       0x84 C:\Users\Bobon\Documents\GitHub\newseqen\build\libarm_cortexM4lf_math.a(arm_common_tables.o)

.debug_aranges  0x0000000000000000     0x1128
 .debug_aranges
                0x0000000000000000      0x118 ./Core/Src/main.o
 .debug_aranges
                0x0000000000000118       0x78 ./Core/Src/stm32f4xx_hal_msp.o
 .debug_aranges
                0x0000000000000190       0x78 ./Core/Src/stm32f4xx_it.o
 .debug_aranges
                0x0000000000000208       0x28 ./Core/Src/system_stm32f4xx.o
 .debug_aranges
                0x0000000000000230       0x28 ./Core/Startup/startup_stm32f411ceyx.o
 .debug_aranges
                0x0000000000000258       0xf0 ./Drivers/STM32F4xx_HAL_Driver/Src/stm32f4xx_hal.o
 .debug_aranges
                0x0000000000000348       0xe8 ./Drivers/STM32F4xx_HAL_Driver/Src/stm32f4xx_hal_adc.o
 .debug_aranges
                0x0000000000000430       0x90 ./Drivers/STM32F4xx_HAL_Driver/Src/stm32f4xx_hal_adc_ex.o
 .debug_aranges
                0x00000000000004c0      0x118 ./Drivers/STM32F4xx_HAL_Driver/Src/stm32f4xx_hal_cortex.o
 .debug_aranges
                0x00000000000005d8       0x90 ./Drivers/STM32F4xx_HAL_Driver/Src/stm32f4xx_hal_dma.o
 .debug_aranges
                0x0000000000000668       0x58 ./Drivers/STM32F4xx_HAL_Driver/Src/stm32f4xx_hal_gpio.o
 .debug_aranges
                0x00000000000006c0      0x2a0 ./Drivers/STM32F4xx_HAL_Driver/Src/stm32f4xx_hal_i2c.o
 .debug_aranges
                0x0000000000000960       0x88 ./Drivers/STM32F4xx_HAL_Driver/Src/stm32f4xx_hal_rcc.o
 .debug_aranges
                0x00000000000009e8      0x1d0 ./Drivers/STM32F4xx_HAL_Driver/Src/stm32f4xx_hal_spi.o
 .debug_aranges
                0x0000000000000bb8      0x3d0 ./Drivers/STM32F4xx_HAL_Driver/Src/stm32f4xx_hal_tim.o
 .debug_aranges
                0x0000000000000f88      0x168 ./Drivers/STM32F4xx_HAL_Driver/Src/stm32f4xx_hal_tim_ex.o
 .debug_aranges
                0x00000000000010f0       0x20 C:\Users\Bobon\Documents\GitHub\newseqen\build\libarm_cortexM4lf_math.a(arm_sin_f32.o)
 .debug_aranges
                0x0000000000001110       0x18 C:\Users\Bobon\Documents\GitHub\newseqen\build\libarm_cortexM4lf_math.a(arm_common_tables.o)

.debug_ranges   0x0000000000000000     0x1020
 .debug_ranges  0x0000000000000000      0x108 ./Core/Src/main.o
 .debug_ranges  0x0000000000000108       0x68 ./Core/Src/stm32f4xx_hal_msp.o
 .debug_ranges  0x0000000000000170       0x68 ./Core/Src/stm32f4xx_it.o
 .debug_ranges  0x00000000000001d8       0x18 ./Core/Src/system_stm32f4xx.o
 .debug_ranges  0x00000000000001f0       0x20 ./Core/Startup/startup_stm32f411ceyx.o
 .debug_ranges  0x0000000000000210       0xe0 ./Drivers/STM32F4xx_HAL_Driver/Src/stm32f4xx_hal.o
 .debug_ranges  0x00000000000002f0       0xd8 ./Drivers/STM32F4xx_HAL_Driver/Src/stm32f4xx_hal_adc.o
 .debug_ranges  0x00000000000003c8       0x80 ./Drivers/STM32F4xx_HAL_Driver/Src/stm32f4xx_hal_adc_ex.o
 .debug_ranges  0x0000000000000448      0x108 ./Drivers/STM32F4xx_HAL_Driver/Src/stm32f4xx_hal_cortex.o
 .debug_ranges  0x0000000000000550       0x80 ./Drivers/STM32F4xx_HAL_Driver/Src/stm32f4xx_hal_dma.o
 .debug_ranges  0x00000000000005d0       0x48 ./Drivers/STM32F4xx_HAL_Driver/Src/stm32f4xx_hal_gpio.o
 .debug_ranges  0x0000000000000618      0x2a8 ./Drivers/STM32F4xx_HAL_Driver/Src/stm32f4xx_hal_i2c.o
 .debug_ranges  0x00000000000008c0       0x78 ./Drivers/STM32F4xx_HAL_Driver/Src/stm32f4xx_hal_rcc.o
 .debug_ranges  0x0000000000000938      0x1c0 ./Drivers/STM32F4xx_HAL_Driver/Src/stm32f4xx_hal_spi.o
 .debug_ranges  0x0000000000000af8      0x3c0 ./Drivers/STM32F4xx_HAL_Driver/Src/stm32f4xx_hal_tim.o
 .debug_ranges  0x0000000000000eb8      0x158 ./Drivers/STM32F4xx_HAL_Driver/Src/stm32f4xx_hal_tim_ex.o
 .debug_ranges  0x0000000000001010       0x10 C:\Users\Bobon\Documents\GitHub\newseqen\build\libarm_cortexM4lf_math.a(arm_sin_f32.o)

.debug_macro    0x0000000000000000    0x18813
 .debug_macro   0x0000000000000000      0x555 ./Core/Src/main.o
 .debug_macro   0x0000000000000555      0xa78 ./Core/Src/main.o
 .debug_macro   0x0000000000000fcd      0x2a7 ./Core/Src/main.o
 .debug_macro   0x0000000000001274       0x2e ./Core/Src/main.o
 .debug_macro   0x00000000000012a2       0x28 ./Core/Src/main.o
 .debug_macro   0x00000000000012ca       0x22 ./Core/Src/main.o
 .debug_macro   0x00000000000012ec       0x8e ./Core/Src/main.o
 .debug_macro   0x000000000000137a       0x51 ./Core/Src/main.o
 .debug_macro   0x00000000000013cb      0x103 ./Core/Src/main.o
 .debug_macro   0x00000000000014ce       0x6a ./Core/Src/main.o
 .debug_macro   0x0000000000001538      0x1df ./Core/Src/main.o
 .debug_macro   0x0000000000001717       0x1c ./Core/Src/main.o
 .debug_macro   0x0000000000001733       0x22 ./Core/Src/main.o
 .debug_macro   0x0000000000001755       0xd9 ./Core/Src/main.o
 .debug_macro   0x000000000000182e     0x102d ./Core/Src/main.o
 .debug_macro   0x000000000000285b      0x11f ./Core/Src/main.o
 .debug_macro   0x000000000000297a     0xb953 ./Core/Src/main.o
 .debug_macro   0x000000000000e2cd       0x6d ./Core/Src/main.o
 .debug_macro   0x000000000000e33a     0x367e ./Core/Src/main.o
 .debug_macro   0x00000000000119b8      0x174 ./Core/Src/main.o
 .debug_macro   0x0000000000011b2c       0x5c ./Core/Src/main.o
 .debug_macro   0x0000000000011b88      0x447 ./Core/Src/main.o
 .debug_macro   0x0000000000011fcf      0x9fe ./Core/Src/main.o
 .debug_macro   0x00000000000129cd      0x115 ./Core/Src/main.o
 .debug_macro   0x0000000000012ae2      0x11b ./Core/Src/main.o
 .debug_macro   0x0000000000012bfd       0xa5 ./Core/Src/main.o
 .debug_macro   0x0000000000012ca2      0x15f ./Core/Src/main.o
 .debug_macro   0x0000000000012e01      0x287 ./Core/Src/main.o
 .debug_macro   0x0000000000013088       0x5f ./Core/Src/main.o
 .debug_macro   0x00000000000130e7      0x236 ./Core/Src/main.o
 .debug_macro   0x000000000001331d      0x9e1 ./Core/Src/main.o
 .debug_macro   0x0000000000013cfe      0x38b ./Core/Src/main.o
 .debug_macro   0x0000000000014089      0x17d ./Core/Src/main.o
 .debug_macro   0x0000000000014206       0xf9 ./Core/Src/main.o
 .debug_macro   0x00000000000142ff      0x132 ./Core/Src/main.o
 .debug_macro   0x0000000000014431      0x264 ./Core/Src/main.o
 .debug_macro   0x0000000000014695       0x2e ./Core/Src/main.o
 .debug_macro   0x00000000000146c3      0x1b5 ./Core/Src/main.o
 .debug_macro   0x0000000000014878       0x22 ./Core/Src/main.o
 .debug_macro   0x000000000001489a       0xd6 ./Core/Src/main.o
 .debug_macro   0x0000000000014970      0x11a ./Core/Src/main.o
 .debug_macro   0x0000000000014a8a       0x85 ./Core/Src/main.o
 .debug_macro   0x0000000000014b0f       0x89 ./Core/Src/main.o
 .debug_macro   0x0000000000014b98      0x225 ./Core/Src/main.o
 .debug_macro   0x0000000000014dbd      0x8e6 ./Core/Src/main.o
 .debug_macro   0x00000000000156a3       0x47 ./Core/Src/main.o
 .debug_macro   0x00000000000156ea      0x126 ./Core/Src/main.o
 .debug_macro   0x0000000000015810       0x1c ./Core/Src/main.o
 .debug_macro   0x000000000001582c       0x52 ./Core/Src/main.o
 .debug_macro   0x000000000001587e       0x1e ./Core/Src/main.o
 .debug_macro   0x000000000001589c       0x3c ./Core/Src/main.o
 .debug_macro   0x00000000000158d8       0x34 ./Core/Src/main.o
 .debug_macro   0x000000000001590c       0x16 ./Core/Src/main.o
 .debug_macro   0x0000000000015922       0x35 ./Core/Src/main.o
 .debug_macro   0x0000000000015957      0x341 ./Core/Src/main.o
 .debug_macro   0x0000000000015c98       0x10 ./Core/Src/main.o
 .debug_macro   0x0000000000015ca8       0x16 ./Core/Src/main.o
 .debug_macro   0x0000000000015cbe       0x43 ./Core/Src/main.o
 .debug_macro   0x0000000000015d01       0x34 ./Core/Src/main.o
 .debug_macro   0x0000000000015d35       0x10 ./Core/Src/main.o
 .debug_macro   0x0000000000015d45       0x58 ./Core/Src/main.o
 .debug_macro   0x0000000000015d9d       0x71 ./Core/Src/main.o
 .debug_macro   0x0000000000015e0e       0x1c ./Core/Src/main.o
 .debug_macro   0x0000000000015e2a      0x12a ./Core/Src/main.o
 .debug_macro   0x0000000000015f54       0x10 ./Core/Src/main.o
 .debug_macro   0x0000000000015f64       0x1c ./Core/Src/main.o
 .debug_macro   0x0000000000015f80       0x52 ./Core/Src/main.o
 .debug_macro   0x0000000000015fd2       0x22 ./Core/Src/main.o
 .debug_macro   0x0000000000015ff4       0x10 ./Core/Src/main.o
 .debug_macro   0x0000000000016004       0x52 ./Core/Src/main.o
 .debug_macro   0x0000000000016056       0xd5 ./Core/Src/main.o
 .debug_macro   0x000000000001612b       0x1c ./Core/Src/main.o
 .debug_macro   0x0000000000016147       0x3d ./Core/Src/main.o
 .debug_macro   0x0000000000016184       0x16 ./Core/Src/main.o
 .debug_macro   0x000000000001619a      0x145 ./Core/Src/main.o
 .debug_macro   0x00000000000162df       0x16 ./Core/Src/main.o
 .debug_macro   0x00000000000162f5       0x16 ./Core/Src/main.o
 .debug_macro   0x000000000001630b       0x29 ./Core/Src/main.o
 .debug_macro   0x0000000000016334       0x16 ./Core/Src/main.o
 .debug_macro   0x000000000001634a       0x20 ./Core/Src/main.o
 .debug_macro   0x000000000001636a      0x19b ./Core/Src/main.o
 .debug_macro   0x0000000000016505      0x201 ./Core/Src/main.o
 .debug_macro   0x0000000000016706       0x7c ./Core/Src/main.o
 .debug_macro   0x0000000000016782       0x17 ./Core/Src/main.o
 .debug_macro   0x0000000000016799      0x118 ./Core/Src/main.o
 .debug_macro   0x00000000000168b1       0xb9 ./Core/Src/main.o
 .debug_macro   0x000000000001696a       0x28 ./Core/Src/main.o
 .debug_macro   0x0000000000016992       0x35 ./Core/Src/main.o
 .debug_macro   0x00000000000169c7       0x1c ./Core/Src/main.o
 .debug_macro   0x00000000000169e3       0x22 ./Core/Src/main.o
 .debug_macro   0x0000000000016a05       0x16 ./Core/Src/main.o
 .debug_macro   0x0000000000016a1b       0x10 ./Core/Src/main.o
 .debug_macro   0x0000000000016a2b      0x21e ./Core/Src/stm32f4xx_hal_msp.o
 .debug_macro   0x0000000000016c49      0x228 ./Core/Src/stm32f4xx_it.o
 .debug_macro   0x0000000000016e71      0x215 ./Core/Src/system_stm32f4xx.o
 .debug_macro   0x0000000000017086      0x26f ./Drivers/STM32F4xx_HAL_Driver/Src/stm32f4xx_hal.o
 .debug_macro   0x00000000000172f5      0x210 ./Drivers/STM32F4xx_HAL_Driver/Src/stm32f4xx_hal_adc.o
 .debug_macro   0x0000000000017505      0x20f ./Drivers/STM32F4xx_HAL_Driver/Src/stm32f4xx_hal_adc_ex.o
 .debug_macro   0x0000000000017714      0x20f ./Drivers/STM32F4xx_HAL_Driver/Src/stm32f4xx_hal_cortex.o
 .debug_macro   0x0000000000017923      0x215 ./Drivers/STM32F4xx_HAL_Driver/Src/stm32f4xx_hal_dma.o
 .debug_macro   0x0000000000017b38      0x215 ./Drivers/STM32F4xx_HAL_Driver/Src/stm32f4xx_hal_gpio.o
 .debug_macro   0x0000000000017d4d      0x256 ./Drivers/STM32F4xx_HAL_Driver/Src/stm32f4xx_hal_i2c.o
 .debug_macro   0x0000000000017fa3      0x233 ./Drivers/STM32F4xx_HAL_Driver/Src/stm32f4xx_hal_rcc.o
 .debug_macro   0x00000000000181d6      0x21e ./Drivers/STM32F4xx_HAL_Driver/Src/stm32f4xx_hal_spi.o
 .debug_macro   0x00000000000183f4      0x210 ./Drivers/STM32F4xx_HAL_Driver/Src/stm32f4xx_hal_tim.o
 .debug_macro   0x0000000000018604      0x20f ./Drivers/STM32F4xx_HAL_Driver/Src/stm32f4xx_hal_tim_ex.o

.debug_line     0x0000000000000000    0x14949
 .debug_line    0x0000000000000000     0x27cf ./Core/Src/main.o
 .debug_line    0x00000000000027cf      0x995 ./Core/Src/stm32f4xx_hal_msp.o
 .debug_line    0x0000000000003164      0x839 ./Core/Src/stm32f4xx_it.o
 .debug_line    0x000000000000399d      0x7b6 ./Core/Src/system_stm32f4xx.o
 .debug_line    0x0000000000004153       0x85 ./Core/Startup/startup_stm32f411ceyx.o
 .debug_line    0x00000000000041d8      0xa16 ./Drivers/STM32F4xx_HAL_Driver/Src/stm32f4xx_hal.o
 .debug_line    0x0000000000004bee     0x11c6 ./Drivers/STM32F4xx_HAL_Driver/Src/stm32f4xx_hal_adc.o
 .debug_line    0x0000000000005db4      0xed6 ./Drivers/STM32F4xx_HAL_Driver/Src/stm32f4xx_hal_adc_ex.o
 .debug_line    0x0000000000006c8a      0xcc5 ./Drivers/STM32F4xx_HAL_Driver/Src/stm32f4xx_hal_cortex.o
 .debug_line    0x000000000000794f      0xf7a ./Drivers/STM32F4xx_HAL_Driver/Src/stm32f4xx_hal_dma.o
 .debug_line    0x00000000000088c9      0xb4e ./Drivers/STM32F4xx_HAL_Driver/Src/stm32f4xx_hal_gpio.o
 .debug_line    0x0000000000009417     0x39cb ./Drivers/STM32F4xx_HAL_Driver/Src/stm32f4xx_hal_i2c.o
 .debug_line    0x000000000000cde2      0xd90 ./Drivers/STM32F4xx_HAL_Driver/Src/stm32f4xx_hal_rcc.o
 .debug_line    0x000000000000db72     0x1ca0 ./Drivers/STM32F4xx_HAL_Driver/Src/stm32f4xx_hal_spi.o
 .debug_line    0x000000000000f812     0x34e4 ./Drivers/STM32F4xx_HAL_Driver/Src/stm32f4xx_hal_tim.o
 .debug_line    0x0000000000012cf6     0x19ae ./Drivers/STM32F4xx_HAL_Driver/Src/stm32f4xx_hal_tim_ex.o
 .debug_line    0x00000000000146a4      0x177 C:\Users\Bobon\Documents\GitHub\newseqen\build\libarm_cortexM4lf_math.a(arm_sin_f32.o)
 .debug_line    0x000000000001481b      0x12e C:\Users\Bobon\Documents\GitHub\newseqen\build\libarm_cortexM4lf_math.a(arm_common_tables.o)

.debug_str      0x0000000000000000    0x9e994
 .debug_str     0x0000000000000000    0x9ac63 ./Core/Src/main.o
                                      0x9b1e3 (size before relaxing)
 .debug_str     0x000000000009ac63      0x13c ./Core/Src/stm32f4xx_hal_msp.o
                                      0x944d4 (size before relaxing)
 .debug_str     0x000000000009ad9f      0x12f ./Core/Src/stm32f4xx_it.o
                                      0x93903 (size before relaxing)
 .debug_str     0x000000000009aece       0xf0 ./Core/Src/system_stm32f4xx.o
                                      0x9344d (size before relaxing)
 .debug_str     0x000000000009afbe       0x36 ./Core/Startup/startup_stm32f411ceyx.o
                                         0x65 (size before relaxing)
 .debug_str     0x000000000009aff4      0x603 ./Drivers/STM32F4xx_HAL_Driver/Src/stm32f4xx_hal.o
                                      0x93e64 (size before relaxing)
 .debug_str     0x000000000009b5f7      0x25f ./Drivers/STM32F4xx_HAL_Driver/Src/stm32f4xx_hal_adc.o
                                      0x93a13 (size before relaxing)
 .debug_str     0x000000000009b856      0x194 ./Drivers/STM32F4xx_HAL_Driver/Src/stm32f4xx_hal_adc_ex.o
                                      0x93a67 (size before relaxing)
 .debug_str     0x000000000009b9ea      0x31c ./Drivers/STM32F4xx_HAL_Driver/Src/stm32f4xx_hal_cortex.o
                                      0x93b85 (size before relaxing)
 .debug_str     0x000000000009bd06      0x2c7 ./Drivers/STM32F4xx_HAL_Driver/Src/stm32f4xx_hal_dma.o
                                      0x93840 (size before relaxing)
 .debug_str     0x000000000009bfcd      0x11c ./Drivers/STM32F4xx_HAL_Driver/Src/stm32f4xx_hal_gpio.o
                                      0x935b3 (size before relaxing)
 .debug_str     0x000000000009c0e9      0xa93 ./Drivers/STM32F4xx_HAL_Driver/Src/stm32f4xx_hal_i2c.o
                                      0x943f6 (size before relaxing)
 .debug_str     0x000000000009cb7c      0x213 ./Drivers/STM32F4xx_HAL_Driver/Src/stm32f4xx_hal_rcc.o
                                      0x9386c (size before relaxing)