../Drivers/CMSIS/Include/core_cm4.h:2064:26:ITM_SendChar	16	static,ignoring_inline_asm
../Core/Inc/myvars.h:51:5:_write	32	static
../Core/Inc/maincode.h:1:11:menu_vars	32	static
../Core/Inc/maincode.h:100:6:menu_parser	32	static
../Core/Inc/maincode.h:139:6:patch_target_parse	32	static
../Core/Inc/maincode.h:208:6:patch_target_modify	4	static
../Core/Inc/maincode.h:228:7:patch_target_replace	32	static
../Core/Inc/maincode.h:273:6:HAL_TIM_PeriodElapsedCallback	16	static
../Core/Inc/maincode.h:294:10:analoginputloopb	4	static
../Core/Inc/maincode.h:340:6:note_reset	4	static
../Core/Inc/maincode.h:350:6:main_initial	392	static
../Core/Inc/maincode.h:520:6:sampler_save	4	static
../Core/Inc/maincode.h:525:6:patch_lists	16	static
../Core/Inc/sampling.h:1:7:filter_pole	32	static
../Core/Inc/sampling.h:12:6:sampling	472	static
../Core/Inc/sampling.h:560:6:mask_calc	24	static
../Core/Inc/sampling.h:574:9:sine_count	24	static
../Core/Inc/sampling.h:607:9:sine_count2	48	static
../Core/Inc/sampling.h:641:9:sampler_oneshot	40	static
../Core/Inc/sampling.h:678:6:LFO_square_one_pulse	16	static
../Core/Inc/sampling.h:711:6:LFO_source	64	static
../Core/Inc/sampling.h:782:6:LFO_source_synced	64	static
../Core/Inc/sampling.h:848:7:frq_point	8	static
../Core/Inc/display.h:3:6:display_process	4	static
../Core/Inc/display.h:11:10:displayBuffer2	16	static
../Core/Inc/display.h:62:6:SPI_command	16	static
../Core/Inc/display.h:85:6:display_init	56	static
../Core/Inc/display.h:109:6:gfx_send	16	static
../Core/Inc/display.h:132:6:gfx_send_DMA	448	static
../Core/Inc/display.h:159:6:gfx_TX_block	24	static
../Core/Inc/display.h:189:6:gfx_clear	4	static
../Core/Inc/display.h:202:6:gfx_send_page	8	static
../Core/Inc/display.h:211:6:display_clear	16	static
../Core/Inc/display.h:220:6:display_generate	8	static
../Core/Inc/display.h:233:6:display_fill	16	static
../Core/Inc/display.h:256:6:gfx_reverse	24	static
../Core/Inc/display.h:274:6:gfx_line_fill	48	static
../Core/Inc/display.h:312:6:encoder2	16	static
../Core/Inc/display.h:353:10:menu3_fill	24	static
../Core/Inc/display.h:389:10:LCD_Info_feedback	4	static
../Core/Inc/flash.h:2:6:flash_sector_erase	48	static
../Core/Inc/flash.h:34:6:flash_page_write	552	static
../Core/Inc/flash.h:68:8:flash_page_read	552	static
../Core/Inc/flash.h:84:7:flash_block_erase	56	static
../Core/Inc/sample_play.h:3:11:sampler_ram_clear_test	56	static
../Core/Inc/sample_play.h:43:11:byte_swap	32	static
../Core/Inc/sample_play.h:61:7:sample_save	296	static
../Core/Inc/sample_play.h:149:8:sampler_1k_load	1048	static
../Core/Inc/sample_play.h:176:7:sampler_ram_record	8	static
../Core/Inc/sample_play.h:184:6:RAM_normalise	24	static
../Core/Inc/sample_play.h:206:6:record_output_to_RAM	8	static
../Core/Src/main.c:111:5:main	176	static
../Core/Src/main.c:367:6:SystemClock_Config	88	static
../Core/Src/main.c:414:13:MX_ADC1_Init	56	static
../Core/Src/main.c:502:13:MX_I2C2_Init	8	static
../Core/Src/main.c:536:13:MX_SPI1_Init	8	static
../Core/Src/main.c:574:13:MX_SPI2_Init	8	static
../Core/Src/main.c:612:13:MX_TIM2_Init	56	static
../Core/Src/main.c:661:13:MX_TIM3_Init	64	static
../Core/Src/main.c:724:13:MX_TIM4_Init	56	static
../Core/Src/main.c:773:13:MX_TIM10_Init	40	static
../Core/Src/main.c:818:13:MX_USART1_UART_Init	8	static
../Core/Src/main.c:849:13:MX_DMA_Init	16	static
../Core/Src/main.c:877:13:MX_GPIO_Init	40	static
../Core/Src/main.c:928:7:HAL_ADC_ConvHalfCpltCallback	16	static
../Core/Src/main.c:932:7:HAL_ADC_ConvCpltCallback	16	static
../Core/Src/main.c:940:7:HAL_SPI_TxRxHalfCpltCallback	16	static
../Core/Src/main.c:958:7:HAL_SPI_TxRxCpltCallback	16	static
../Core/Src/main.c:970:7:HAL_SPI_ErrorCallback	16	static
../Core/Src/main.c:980:6:HAL_SPI_TxCpltCallback	16	static
../Core/Src/main.c:989:6:HAL_GPIO_EXTI_Callback	16	static
../Core/Src/main.c:1009:6:stop_start	8	static
../Core/Src/main.c:1023:6:Error_Handler	4	static,ignoring_inline_asm
