../Drivers/CMSIS/Include/core_cm4.h:2064:26:ITM_SendChar	16	static,ignoring_inline_asm
../Core/Inc/myvars.h:111:5:_write	32	static
../Core/Inc/maincode.h:1:6:SPI_command	16	static
../Core/Inc/maincode.h:27:6:HAL_TIM_PeriodElapsedCallback	16	static
../Core/Inc/maincode.h:103:6:analoginputloopb	16	static
../Core/Inc/maincode.h:188:6:display_init	56	static
../Core/Inc/maincode.h:248:6:display_gfx	4	static
../Core/Inc/maincode.h:254:6:display_update	16	static
../Core/Inc/maincode.h:288:6:display_fill	8	static
../Core/Inc/maincode.h:301:6:displayBuffer	48	static
../Core/Inc/maincode.h:380:6:sampling	4272	static
../Core/Inc/maincode.h:744:6:lfo	48	static
../Core/Inc/maincode.h:777:6:adsr	4	static
../Core/Inc/maincode.h:803:6:mask_calc	24	static
../Core/Inc/maincode.h:817:6:sine_count	24	static
../Core/Inc/maincode.h:856:6:print_pot	4	static
../Core/Src/main.c:84:5:main	184	static
../Core/Src/main.c:332:6:SystemClock_Config	88	static
../Core/Src/main.c:379:13:MX_ADC1_Init	56	static
../Core/Src/main.c:466:13:MX_I2C2_Init	8	static
../Core/Src/main.c:500:13:MX_SPI2_Init	8	static
../Core/Src/main.c:538:13:MX_TIM2_Init	56	static
../Core/Src/main.c:587:13:MX_TIM3_Init	64	static
../Core/Src/main.c:646:13:MX_TIM4_Init	56	static
../Core/Src/main.c:693:13:MX_DMA_Init	16	static
../Core/Src/main.c:711:13:MX_GPIO_Init	40	static
../Core/Src/main.c:734:6:HAL_ADC_ConvCpltCallback	16	static
../Core/Src/main.c:850:6:Error_Handler	4	static,ignoring_inline_asm
