../Drivers/CMSIS/Include/core_cm4.h:2064:26:ITM_SendChar	16	static,ignoring_inline_asm
../Core/Inc/myvars.h:45:5:_write	32	static
../Core/Inc/maincode.h:1:11:menu_vars	32	static
../Core/Inc/maincode.h:60:6:menu_parser	32	static
../Core/Inc/maincode.h:105:6:lfo_target_parse	16	static
../Core/Inc/maincode.h:138:6:lfo_target_modify	24	static
../Core/Inc/maincode.h:162:6:lfo_target_replace	24	static
../Core/Inc/maincode.h:188:6:SPI_command	16	static
../Core/Inc/maincode.h:211:6:HAL_TIM_PeriodElapsedCallback	16	static
../Core/Inc/maincode.h:237:6:analoginputloopb	16	static
../Core/Inc/maincode.h:279:6:display_init	56	static
../Core/Inc/maincode.h:303:6:gfx_send	16	static
../Core/Inc/maincode.h:327:6:gfx_clear	4	static
../Core/Inc/maincode.h:340:6:gfx_send_page	8	static
../Core/Inc/maincode.h:349:6:display_clear	16	static
../Core/Inc/maincode.h:358:6:display_generate	8	static
../Core/Inc/maincode.h:371:6:display_fill	16	static
../Core/Inc/maincode.h:396:6:display_process	24	static
../Core/Inc/maincode.h:492:6:displayBuffer2	16	static
../Core/Inc/sampling.h:1:6:sampling	4240	static
../Core/Inc/sampling.h:355:6:mask_calc	24	static
../Core/Inc/sampling.h:369:6:sine_count	24	static
../Core/Inc/sampling.h:408:6:LFO_source	40	static
../Core/Src/main.c:101:5:main	216	static
../Core/Src/main.c:514:6:SystemClock_Config	88	static
../Core/Src/main.c:561:13:MX_ADC1_Init	56	static
../Core/Src/main.c:639:13:MX_I2C2_Init	8	static
../Core/Src/main.c:673:13:MX_SPI1_Init	8	static
../Core/Src/main.c:711:13:MX_SPI2_Init	8	static
../Core/Src/main.c:749:13:MX_TIM2_Init	56	static
../Core/Src/main.c:798:13:MX_TIM3_Init	64	static
../Core/Src/main.c:857:13:MX_TIM4_Init	56	static
../Core/Src/main.c:904:13:MX_DMA_Init	16	static
../Core/Src/main.c:922:13:MX_GPIO_Init	40	static
../Core/Src/main.c:955:6:HAL_ADC_ConvCpltCallback	16	static
../Core/Src/main.c:961:6:HAL_SPI_TxCpltCallback	16	static
../Core/Src/main.c:1029:6:Error_Handler	4	static,ignoring_inline_asm
