../Drivers/CMSIS/Include/core_cm4.h:2064:26:ITM_SendChar	16	static,ignoring_inline_asm
../Core/Src/main.c:165:5:_write	32	static
../Core/Src/main.c:653:5:main	176	static
../Core/Src/main.c:879:6:SystemClock_Config	88	static
../Core/Src/main.c:924:13:MX_ADC1_Init	24	static
../Core/Src/main.c:990:13:MX_I2C2_Init	8	static
../Core/Src/main.c:1024:13:MX_SPI2_Init	8	static
../Core/Src/main.c:1062:13:MX_TIM2_Init	56	static
../Core/Src/main.c:1111:13:MX_TIM3_Init	64	static
../Core/Src/main.c:1170:13:MX_TIM4_Init	56	static
../Core/Src/main.c:1217:13:MX_DMA_Init	16	static
../Core/Src/main.c:1235:13:MX_GPIO_Init	40	static
../Core/Src/main.c:1258:6:SPI_command	16	static
../Core/Src/main.c:1284:6:HAL_TIM_PeriodElapsedCallback	16	static
../Core/Src/main.c:1341:7:adc_read	8	static
../Core/Src/main.c:1361:6:analoginputloopb	16	static
../Core/Src/main.c:1431:6:display_init	56	static
../Core/Src/main.c:1496:6:display_gfx	4	static
../Core/Src/main.c:1502:6:display_update	16	static
../Core/Src/main.c:1576:6:displayBuffer	16	static
../Core/Src/main.c:1638:6:lcd_feedback	4	static
../Core/Src/main.c:1657:6:sampling	88	static
../Core/Src/main.c:1923:6:lfo	48	static
../Core/Src/main.c:1956:6:adsr	48	static
../Core/Src/main.c:2048:6:mask_calc	24	static
../Core/Src/main.c:2062:6:sine_count	24	static
../Core/Src/main.c:2104:6:print_pot	4	static
../Core/Src/main.c:2314:6:Error_Handler	4	static,ignoring_inline_asm
