../Drivers/CMSIS/Include/core_cm4.h:2064:26:ITM_SendChar	16	static,ignoring_inline_asm
../Core/Inc/myvars.h:52:5:_write	32	static
../Core/Inc/maincode.h:1:6:menu_vars	32	static
../Core/Inc/maincode.h:62:6:menu_parser	32	static
../Core/Inc/maincode.h:118:6:SPI_command	16	static
../Core/Inc/maincode.h:144:6:HAL_TIM_PeriodElapsedCallback	16	static
../Core/Inc/maincode.h:228:6:analoginputloopb	16	static
../Core/Inc/maincode.h:333:6:display_init	56	static
../Core/Inc/maincode.h:393:6:display_gfx	4	static
../Core/Inc/maincode.h:399:6:display_update	16	static
../Core/Inc/maincode.h:433:6:display_fill	16	static
../Core/Inc/maincode.h:463:6:displayBuffer	16	static
../Core/Inc/maincode.h:549:6:displayBuffer2	16	static
../Core/Inc/maincode.h:614:6:sampling	4240	static
../Core/Inc/maincode.h:1052:6:lfo	4	static
../Core/Inc/maincode.h:1056:6:adsr	4	static
../Core/Inc/maincode.h:1069:6:mask_calc	24	static
../Core/Inc/maincode.h:1083:6:sine_count	24	static
../Core/Inc/maincode.h:1122:6:print_pot	4	static
../Core/Src/main.c:101:5:main	160	static
../Core/Src/main.c:501:6:SystemClock_Config	88	static
../Core/Src/main.c:548:13:MX_ADC1_Init	56	static
../Core/Src/main.c:626:13:MX_I2C2_Init	8	static
../Core/Src/main.c:660:13:MX_SPI1_Init	8	static
../Core/Src/main.c:698:13:MX_SPI2_Init	8	static
../Core/Src/main.c:736:13:MX_TIM2_Init	56	static
../Core/Src/main.c:785:13:MX_TIM3_Init	64	static
../Core/Src/main.c:844:13:MX_TIM4_Init	56	static
../Core/Src/main.c:891:13:MX_DMA_Init	16	static
../Core/Src/main.c:909:13:MX_GPIO_Init	40	static
../Core/Src/main.c:942:6:HAL_ADC_ConvCpltCallback	16	static
../Core/Src/main.c:1012:6:Error_Handler	4	static,ignoring_inline_asm
