../Drivers/CMSIS/Include/core_cm4.h:2064:26:ITM_SendChar	16	static,ignoring_inline_asm
../Core/Inc/myvars.h:45:5:_write	32	static
../Core/Inc/maincode.h:1:11:menu_vars	32	static
../Core/Inc/maincode.h:73:6:menu_parser	32	static
../Core/Inc/maincode.h:118:6:patch_target_parse	24	static
../Core/Inc/maincode.h:171:6:patch_target_modify	24	static
../Core/Inc/maincode.h:201:6:patch_target_replace	24	static
../Core/Inc/maincode.h:232:6:SPI_command	16	static
../Core/Inc/maincode.h:255:6:HAL_TIM_PeriodElapsedCallback	16	static
../Core/Inc/maincode.h:281:6:analoginputloopb	16	static
../Core/Inc/maincode.h:323:6:display_init	56	static
../Core/Inc/maincode.h:347:6:gfx_send	16	static
../Core/Inc/maincode.h:371:6:gfx_clear	4	static
../Core/Inc/maincode.h:384:6:gfx_send_page	8	static
../Core/Inc/maincode.h:393:6:display_clear	16	static
../Core/Inc/maincode.h:402:6:display_generate	8	static
../Core/Inc/maincode.h:415:6:display_fill	16	static
../Core/Inc/maincode.h:440:6:display_process	24	static
../Core/Inc/maincode.h:536:6:displayBuffer2	16	static
../Core/Inc/maincode.h:568:6:note_reset	4	static
../Core/Inc/sampling.h:1:7:filter_pole	32	static
../Core/Inc/sampling.h:11:6:sampling	176	static
../Core/Inc/sampling.h:405:6:mask_calc	24	static
../Core/Inc/sampling.h:419:6:sine_count	16	static
../Core/Inc/sampling.h:442:6:LFO_source	56	static
../Core/Src/main.c:109:5:main	160	static
../Core/Src/main.c:528:6:SystemClock_Config	88	static
../Core/Src/main.c:575:13:MX_ADC1_Init	56	static
../Core/Src/main.c:663:13:MX_I2C2_Init	8	static
../Core/Src/main.c:697:13:MX_SPI1_Init	8	static
../Core/Src/main.c:735:13:MX_SPI2_Init	8	static
../Core/Src/main.c:773:13:MX_TIM2_Init	56	static
../Core/Src/main.c:822:13:MX_TIM3_Init	64	static
../Core/Src/main.c:885:13:MX_TIM4_Init	56	static
../Core/Src/main.c:934:13:MX_USART1_UART_Init	8	static
../Core/Src/main.c:967:13:MX_USART6_UART_Init	8	static
../Core/Src/main.c:998:13:MX_DMA_Init	16	static
../Core/Src/main.c:1016:13:MX_GPIO_Init	40	static
../Core/Src/main.c:1049:6:HAL_ADC_ConvCpltCallback	16	static
../Core/Src/main.c:1055:6:HAL_SPI_TxCpltCallback	16	static
../Core/Src/main.c:1123:6:Error_Handler	4	static,ignoring_inline_asm
