../Drivers/CMSIS/Include/core_cm4.h:2064:26:ITM_SendChar	16	static,ignoring_inline_asm
../Core/Inc/myvars.h:45:5:_write	32	static
../Core/Inc/maincode.h:1:11:menu_vars	32	static
../Core/Inc/maincode.h:60:6:menu_parser	32	static
../Core/Inc/maincode.h:105:6:lfo_target_parse	16	static
../Core/Inc/maincode.h:138:6:lfo_target_modify	24	static
../Core/Inc/maincode.h:165:6:SPI_command	16	static
../Core/Inc/maincode.h:188:6:HAL_TIM_PeriodElapsedCallback	16	static
../Core/Inc/maincode.h:214:6:analoginputloopb	16	static
../Core/Inc/maincode.h:256:6:display_init	56	static
../Core/Inc/maincode.h:280:6:gfx_send	16	static
../Core/Inc/maincode.h:304:6:gfx_clear	4	static
../Core/Inc/maincode.h:317:6:gfx_send_page	8	static
../Core/Inc/maincode.h:326:6:display_clear	16	static
../Core/Inc/maincode.h:335:6:display_generate	8	static
../Core/Inc/maincode.h:348:6:display_fill	16	static
../Core/Inc/maincode.h:373:6:display_process	24	static
../Core/Inc/maincode.h:469:6:displayBuffer2	16	static
../Core/Inc/sampling.h:1:6:sampling	4224	static
../Core/Inc/sampling.h:349:6:mask_calc	24	static
../Core/Inc/sampling.h:363:6:sine_count	24	static
../Core/Inc/sampling.h:402:6:LFO_source	32	static
../Core/Src/main.c:101:5:main	216	static
../Core/Src/main.c:520:6:SystemClock_Config	88	static
../Core/Src/main.c:567:13:MX_ADC1_Init	56	static
../Core/Src/main.c:645:13:MX_I2C2_Init	8	static
../Core/Src/main.c:679:13:MX_SPI1_Init	8	static
../Core/Src/main.c:717:13:MX_SPI2_Init	8	static
../Core/Src/main.c:755:13:MX_TIM2_Init	56	static
../Core/Src/main.c:804:13:MX_TIM3_Init	64	static
../Core/Src/main.c:863:13:MX_TIM4_Init	56	static
../Core/Src/main.c:910:13:MX_DMA_Init	16	static
../Core/Src/main.c:928:13:MX_GPIO_Init	40	static
../Core/Src/main.c:961:6:HAL_ADC_ConvCpltCallback	16	static
../Core/Src/main.c:967:6:HAL_SPI_TxCpltCallback	16	static
../Core/Src/main.c:1035:6:Error_Handler	4	static,ignoring_inline_asm
