../Drivers/CMSIS/Include/core_cm4.h:2064:26:ITM_SendChar	16	static,ignoring_inline_asm
../Core/Inc/myvars.h:52:5:_write	32	static
../Core/Inc/maincode.h:1:6:SPI_command	16	static
../Core/Inc/maincode.h:27:6:HAL_TIM_PeriodElapsedCallback	16	static
../Core/Inc/maincode.h:111:6:analoginputloopb	16	static
../Core/Inc/maincode.h:196:6:display_init	56	static
../Core/Inc/maincode.h:256:6:display_gfx	4	static
../Core/Inc/maincode.h:262:6:display_update	16	static
../Core/Inc/maincode.h:296:6:display_fill	8	static
../Core/Inc/maincode.h:309:6:displayBuffer	16	static
../Core/Inc/maincode.h:388:6:sampling	4240	static
../Core/Inc/maincode.h:826:6:lfo	4	static
../Core/Inc/maincode.h:830:6:adsr	4	static
../Core/Inc/maincode.h:843:6:mask_calc	24	static
../Core/Inc/maincode.h:857:6:sine_count	24	static
../Core/Inc/maincode.h:896:6:print_pot	4	static
../Core/Src/main.c:100:5:main	160	static
../Core/Src/main.c:509:6:SystemClock_Config	88	static
../Core/Src/main.c:556:13:MX_ADC1_Init	56	static
../Core/Src/main.c:634:13:MX_I2C2_Init	8	static
../Core/Src/main.c:668:13:MX_SPI1_Init	8	static
../Core/Src/main.c:706:13:MX_SPI2_Init	8	static
../Core/Src/main.c:744:13:MX_TIM2_Init	56	static
../Core/Src/main.c:793:13:MX_TIM3_Init	64	static
../Core/Src/main.c:852:13:MX_TIM4_Init	56	static
../Core/Src/main.c:899:13:MX_DMA_Init	16	static
../Core/Src/main.c:917:13:MX_GPIO_Init	40	static
../Core/Src/main.c:950:6:HAL_ADC_ConvCpltCallback	16	static
../Core/Src/main.c:1020:6:Error_Handler	4	static,ignoring_inline_asm
