../Drivers/CMSIS/Include/core_cm4.h:2064:26:ITM_SendChar	16	static,ignoring_inline_asm
../Core/Inc/myvars.h:45:5:_write	32	static
../Core/Inc/maincode.h:1:11:menu_vars	32	static
../Core/Inc/maincode.h:60:6:menu_parser	32	static
../Core/Inc/maincode.h:104:6:lfo_target_parse	16	static
../Core/Inc/maincode.h:124:6:SPI_command	16	static
../Core/Inc/maincode.h:147:6:HAL_TIM_PeriodElapsedCallback	16	static
../Core/Inc/maincode.h:173:6:analoginputloopb	16	static
../Core/Inc/maincode.h:242:6:display_init	56	static
../Core/Inc/maincode.h:266:6:gfx_send	16	static
../Core/Inc/maincode.h:289:6:gfx_clear	4	static
../Core/Inc/maincode.h:298:6:display_fill	16	static
../Core/Inc/maincode.h:324:6:display_process	16	static
../Core/Inc/maincode.h:415:6:displayBuffer2	16	static
../Core/Inc/maincode.h:447:6:sampling	4240	static
../Core/Inc/maincode.h:885:6:lfo	4	static
../Core/Inc/maincode.h:889:6:adsr	4	static
../Core/Inc/maincode.h:902:6:mask_calc	24	static
../Core/Inc/maincode.h:916:6:sine_count	24	static
../Core/Inc/maincode.h:955:6:print_pot	4	static
../Core/Src/main.c:100:5:main	160	static
../Core/Src/main.c:510:6:SystemClock_Config	88	static
../Core/Src/main.c:557:13:MX_ADC1_Init	56	static
../Core/Src/main.c:635:13:MX_I2C2_Init	8	static
../Core/Src/main.c:669:13:MX_SPI1_Init	8	static
../Core/Src/main.c:707:13:MX_SPI2_Init	8	static
../Core/Src/main.c:745:13:MX_TIM2_Init	56	static
../Core/Src/main.c:794:13:MX_TIM3_Init	64	static
../Core/Src/main.c:853:13:MX_TIM4_Init	56	static
../Core/Src/main.c:900:13:MX_DMA_Init	16	static
../Core/Src/main.c:918:13:MX_GPIO_Init	40	static
../Core/Src/main.c:951:6:HAL_ADC_ConvCpltCallback	16	static
../Core/Src/main.c:957:6:HAL_SPI_TxCpltCallback	16	static
../Core/Src/main.c:1025:6:Error_Handler	4	static,ignoring_inline_asm
