../Drivers/CMSIS/Include/core_cm4.h:2064:26:ITM_SendChar	16	static,ignoring_inline_asm
../Core/Inc/myvars.h:99:5:_write	32	static
../Core/Inc/maincode.h:1:6:SPI_command	16	static
../Core/Inc/maincode.h:27:6:HAL_TIM_PeriodElapsedCallback	16	static
../Core/Inc/maincode.h:103:6:analoginputloopb	16	static
../Core/Inc/maincode.h:181:6:display_init	56	static
../Core/Inc/maincode.h:241:6:display_gfx	4	static
../Core/Inc/maincode.h:247:6:display_update	16	static
../Core/Inc/maincode.h:281:6:display_fill	8	static
../Core/Inc/maincode.h:294:6:displayBuffer	48	static
../Core/Inc/maincode.h:349:6:lcd_feedback	4	static
../Core/Inc/maincode.h:368:6:sampling	4272	static
../Core/Inc/maincode.h:722:6:lfo	48	static
../Core/Inc/maincode.h:755:6:adsr	4	static
../Core/Inc/maincode.h:781:6:mask_calc	24	static
../Core/Inc/maincode.h:795:6:sine_count	24	static
../Core/Inc/maincode.h:834:6:print_pot	4	static
../Core/Src/main.c:59:5:main	176	static
../Core/Src/main.c:290:6:SystemClock_Config	88	static
../Core/Src/main.c:337:13:MX_ADC1_Init	24	static
../Core/Src/main.c:416:13:MX_I2C2_Init	8	static
../Core/Src/main.c:450:13:MX_SPI2_Init	8	static
../Core/Src/main.c:488:13:MX_TIM2_Init	56	static
../Core/Src/main.c:537:13:MX_TIM3_Init	64	static
../Core/Src/main.c:596:13:MX_TIM4_Init	56	static
../Core/Src/main.c:643:13:MX_DMA_Init	16	static
../Core/Src/main.c:661:13:MX_GPIO_Init	40	static
../Core/Src/main.c:794:6:Error_Handler	4	static,ignoring_inline_asm
