../Drivers/CMSIS/Include/core_cm4.h:2064:26:ITM_SendChar	16	static,ignoring_inline_asm
../Core/Inc/myvars.h:46:5:_write	32	static
../Core/Inc/maincode.h:1:11:menu_vars	32	static
../Core/Inc/maincode.h:82:6:menu_parser	32	static
../Core/Inc/maincode.h:129:6:patch_target_parse	24	static
../Core/Inc/maincode.h:182:6:patch_target_modify	24	static
../Core/Inc/maincode.h:212:6:patch_target_replace	24	static
../Core/Inc/maincode.h:243:6:SPI_command	16	static
../Core/Inc/maincode.h:266:6:HAL_TIM_PeriodElapsedCallback	16	static
../Core/Inc/maincode.h:295:6:analoginputloopb	16	static
../Core/Inc/maincode.h:337:6:display_init	56	static
../Core/Inc/maincode.h:361:6:gfx_send	16	static
../Core/Inc/maincode.h:385:6:gfx_clear	4	static
../Core/Inc/maincode.h:398:6:gfx_send_page	8	static
../Core/Inc/maincode.h:407:6:display_clear	16	static
../Core/Inc/maincode.h:416:6:display_generate	8	static
../Core/Inc/maincode.h:429:6:display_fill	16	static
../Core/Inc/maincode.h:454:6:display_process	24	static
../Core/Inc/maincode.h:550:6:displayBuffer2	16	static
../Core/Inc/maincode.h:582:6:note_reset	4	static
../Core/Inc/maincode.h:592:6:sampler_ram_record	8	static
../Core/Inc/maincode.h:600:6:sampler_save	56	static
../Core/Inc/sampling.h:1:7:filter_pole	32	static
../Core/Inc/sampling.h:11:6:sampling	352	static
../Core/Inc/sampling.h:433:6:mask_calc	24	static
../Core/Inc/sampling.h:447:9:sine_count	24	static
../Core/Inc/sampling.h:480:9:sine_count2	48	static
../Core/Inc/sampling.h:514:6:LFO_source	56	static
../Core/Src/main.c:110:5:main	160	static
../Core/Src/main.c:556:6:SystemClock_Config	88	static
../Core/Src/main.c:603:13:MX_ADC1_Init	56	static
../Core/Src/main.c:691:13:MX_I2C2_Init	8	static
../Core/Src/main.c:725:13:MX_SPI1_Init	8	static
../Core/Src/main.c:763:13:MX_SPI2_Init	8	static
../Core/Src/main.c:801:13:MX_TIM2_Init	56	static
../Core/Src/main.c:850:13:MX_TIM3_Init	64	static
../Core/Src/main.c:913:13:MX_TIM4_Init	56	static
../Core/Src/main.c:962:13:MX_USART1_UART_Init	8	static
../Core/Src/main.c:995:13:MX_USART6_UART_Init	8	static
../Core/Src/main.c:1026:13:MX_DMA_Init	16	static
../Core/Src/main.c:1044:13:MX_GPIO_Init	40	static
../Core/Src/main.c:1089:7:HAL_ADC_ConvHalfCpltCallback	16	static
../Core/Src/main.c:1093:7:HAL_ADC_ConvCpltCallback	16	static
../Core/Src/main.c:1102:6:HAL_SPI_TxCpltCallback	16	static
../Core/Src/main.c:1106:6:HAL_GPIO_EXTI_Callback	16	static
../Core/Src/main.c:1175:6:Error_Handler	4	static,ignoring_inline_asm
