../Drivers/CMSIS/Include/core_cm4.h:2064:26:ITM_SendChar	16	static,ignoring_inline_asm
../Core/Inc/myvars.h:45:5:_write	32	static
../Core/Inc/maincode.h:1:6:menu_vars	32	static
../Core/Inc/maincode.h:62:6:menu_parser	32	static
../Core/Inc/maincode.h:120:6:SPI_command	16	static
../Core/Inc/maincode.h:146:6:HAL_TIM_PeriodElapsedCallback	16	static
../Core/Inc/maincode.h:230:6:analoginputloopb	16	static
../Core/Inc/maincode.h:328:6:display_init	56	static
../Core/Inc/maincode.h:353:6:gfx_send	16	static
../Core/Inc/maincode.h:375:6:display_fill	16	static
../Core/Inc/maincode.h:400:6:display_process	16	static
../Core/Inc/maincode.h:478:6:displayBuffer2	24	static
../Core/Inc/maincode.h:509:6:sampling	4240	static
../Core/Inc/maincode.h:947:6:lfo	4	static
../Core/Inc/maincode.h:951:6:adsr	4	static
../Core/Inc/maincode.h:964:6:mask_calc	24	static
../Core/Inc/maincode.h:978:6:sine_count	24	static
../Core/Inc/maincode.h:1017:6:print_pot	4	static
../Core/Src/main.c:101:5:main	160	static
../Core/Src/main.c:517:6:SystemClock_Config	88	static
../Core/Src/main.c:564:13:MX_ADC1_Init	56	static
../Core/Src/main.c:642:13:MX_I2C2_Init	8	static
../Core/Src/main.c:676:13:MX_SPI1_Init	8	static
../Core/Src/main.c:714:13:MX_SPI2_Init	8	static
../Core/Src/main.c:752:13:MX_TIM2_Init	56	static
../Core/Src/main.c:801:13:MX_TIM3_Init	64	static
../Core/Src/main.c:860:13:MX_TIM4_Init	56	static
../Core/Src/main.c:907:13:MX_DMA_Init	16	static
../Core/Src/main.c:925:13:MX_GPIO_Init	40	static
../Core/Src/main.c:958:6:HAL_ADC_ConvCpltCallback	16	static
../Core/Src/main.c:1028:6:Error_Handler	4	static,ignoring_inline_asm
