../Core/Src/main.c:553:13:MX_SPI1_Init	8	static,ignoring_inline_asm
../Core/Inc/sample_play.h:3:11:sampler_ram_clear_test.part.0	40	static
../Core/Inc/myvars.h:51:5:_write	4	static,ignoring_inline_asm
../Core/Inc/maincode.h:1:11:menu_vars	40	static
../Core/Inc/maincode.h:106:6:menu_parser	48	static
../Core/Inc/maincode.h:145:6:patch_target_parse	24	static
../Core/Inc/maincode.h:214:6:patch_target_modify	0	static
../Core/Inc/maincode.h:234:7:patch_target_replace	12	static
../Core/Inc/maincode.h:279:6:HAL_TIM_PeriodElapsedCallback	16	static
../Core/Inc/maincode.h:300:10:analoginputloopb	8	static
../Core/Inc/maincode.h:346:6:note_reset	0	static
../Core/Inc/maincode.h:560:6:sampler_save	0	static
../Core/Inc/maincode.h:565:6:patch_lists	12	static
../Core/Inc/sampling.h:1:7:filter_pole	0	static
../Core/Inc/sampling_extra.h:2:6:mask_calc	0	static
../Core/Inc/sampling_extra.h:16:9:sine_count	16	static
../Core/Inc/sampling_extra.h:49:9:sine_count2	16	static
../Core/Inc/sampling_extra.h:83:9:sampler_oneshot	8	static
../Core/Inc/sampling_extra.h:120:6:LFO_square_one_pulse	8	static
../Core/Inc/sampling_extra.h:153:6:LFO_source	56	static
../Core/Inc/sampling_extra.h:224:6:LFO_source_synced	48	static
../Core/Inc/sampling_extra.h:292:7:frq_point	4	static
../Core/Inc/sampling_extra.h:323:6:sine_count_sample	12	static
../Core/Inc/sampling_extra.h:365:6:ADSR_loop	20	static
../Core/Inc/display.h:3:6:display_process	0	static
../Core/Inc/display.h:11:10:displayBuffer2	40	static
../Core/Inc/display.h:62:6:SPI_command	24	static
../Core/Inc/display.h:85:6:display_init	64	static
../Core/Inc/display.h:109:6:gfx_send	24	static
../Core/Inc/display.h:132:6:gfx_send_DMA	480	static
../Core/Inc/display.h:159:6:gfx_TX_block	24	static
../Core/Inc/display.h:189:6:gfx_clear	4	static
../Core/Inc/display.h:202:6:gfx_send_page	8	static
../Core/Inc/display.h:211:6:display_clear	0	static
../Core/Inc/display.h:220:6:display_generate	8	static
../Core/Inc/display.h:233:6:display_fill	32	static
../Core/Inc/display.h:256:6:gfx_reverse	24	static
../Core/Inc/display.h:274:6:gfx_line_fill	72	static
../Core/Inc/display.h:312:6:encoder2	24	static
../Core/Inc/display.h:353:10:menu3_fill	32	static
../Core/Inc/display.h:389:10:LCD_Info_feedback	24	static
../Core/Inc/display.h:409:6:LCD_Info_notes	4	static
../Core/Inc/flash.h:2:6:flash_sector_erase	48	static
../Core/Inc/flash.h:34:6:flash_page_write	552	static
../Core/Inc/flash.h:68:8:flash_page_read	0	static
../Core/Inc/flash.h:84:7:flash_block_erase	64	static
../Core/Inc/sample_play.h:3:11:sampler_ram_clear_test	0	static
../Core/Inc/sample_play.h:43:11:byte_swap	0	static
../Core/Inc/sample_play.h:61:7:sample_save	312	static
../Core/Inc/maincode.h:356:6:main_initial	112	static
../Core/Inc/sample_play.h:149:8:sampler_1k_load	16	static
../Core/Inc/sample_play.h:178:6:RAM_normalise	24	static
../Core/Inc/sample_play.h:170:6:sampler_ram_record	16	static
../Core/Inc/sampling.h:12:6:sampling	280	static
../Core/Inc/sample_play.h:207:6:record_output_to_RAM	16	static
../Core/Inc/sample_play.h:217:7:sample_to_RAM_load	0	static
../Core/Src/main.c:384:6:SystemClock_Config	88	static,ignoring_inline_asm
../Core/Src/main.c:117:5:main	224	static,ignoring_inline_asm
../Core/Src/main.c:945:7:HAL_ADC_ConvHalfCpltCallback	0	static
../Core/Src/main.c:949:7:HAL_ADC_ConvCpltCallback	8	static
../Core/Src/main.c:957:7:HAL_SPI_TxRxHalfCpltCallback	0	static
../Core/Src/main.c:975:7:HAL_SPI_TxRxCpltCallback	8	static
../Core/Src/main.c:990:7:HAL_SPI_ErrorCallback	0	static
../Core/Src/main.c:1000:6:HAL_SPI_TxCpltCallback	0	static
../Core/Src/main.c:1009:6:HAL_GPIO_EXTI_Callback	0	static
../Core/Src/main.c:1030:6:stop_start	8	static
../Core/Src/main.c:1044:6:Error_Handler	0	static,ignoring_inline_asm
