../Drivers/CMSIS/Include/core_cm4.h:2064:26:ITM_SendChar	16	static,ignoring_inline_asm
../Core/Inc/myvars.h:52:5:_write	32	static
../Core/Inc/maincode.h:1:6:menu_vars	32	static
../Core/Inc/maincode.h:65:6:menu_parser	32	static
../Core/Inc/maincode.h:161:6:SPI_command	16	static
../Core/Inc/maincode.h:187:6:HAL_TIM_PeriodElapsedCallback	16	static
../Core/Inc/maincode.h:271:6:analoginputloopb	8	static
../Core/Inc/maincode.h:360:6:display_init	56	static
../Core/Inc/maincode.h:420:6:display_gfx	4	static
../Core/Inc/maincode.h:426:6:display_update	16	static
../Core/Inc/maincode.h:460:6:display_fill	8	static
../Core/Inc/maincode.h:473:6:displayBuffer	16	static
../Core/Inc/maincode.h:559:6:displayBuffer2	16	static
../Core/Inc/maincode.h:603:6:sampling	4240	static
../Core/Inc/maincode.h:1041:6:lfo	4	static
../Core/Inc/maincode.h:1045:6:adsr	4	static
../Core/Inc/maincode.h:1058:6:mask_calc	24	static
../Core/Inc/maincode.h:1072:6:sine_count	24	static
../Core/Inc/maincode.h:1111:6:print_pot	4	static
../Core/Src/main.c:101:5:main	160	static
../Core/Src/main.c:501:6:SystemClock_Config	88	static
../Core/Src/main.c:548:13:MX_ADC1_Init	56	static
../Core/Src/main.c:626:13:MX_I2C2_Init	8	static
../Core/Src/main.c:660:13:MX_SPI1_Init	8	static
../Core/Src/main.c:698:13:MX_SPI2_Init	8	static
../Core/Src/main.c:736:13:MX_TIM2_Init	56	static
../Core/Src/main.c:785:13:MX_TIM3_Init	64	static
../Core/Src/main.c:844:13:MX_TIM4_Init	56	static
../Core/Src/main.c:891:13:MX_DMA_Init	16	static
../Core/Src/main.c:909:13:MX_GPIO_Init	40	static
../Core/Src/main.c:942:6:HAL_ADC_ConvCpltCallback	16	static
../Core/Src/main.c:1012:6:Error_Handler	4	static,ignoring_inline_asm
