../Drivers/CMSIS/Include/core_cm4.h:2064:26:ITM_SendChar	16	static,ignoring_inline_asm
../Core/Inc/myvars.h:46:5:_write	32	static
../Core/Inc/maincode.h:1:11:menu_vars	32	static
../Core/Inc/maincode.h:76:6:menu_parser	32	static
../Core/Inc/maincode.h:123:6:patch_target_parse	24	static
../Core/Inc/maincode.h:176:6:patch_target_modify	24	static
../Core/Inc/maincode.h:206:6:patch_target_replace	24	static
../Core/Inc/maincode.h:237:6:SPI_command	16	static
../Core/Inc/maincode.h:260:6:HAL_TIM_PeriodElapsedCallback	16	static
../Core/Inc/maincode.h:289:6:analoginputloopb	16	static
../Core/Inc/maincode.h:331:6:display_init	56	static
../Core/Inc/maincode.h:355:6:gfx_send	16	static
../Core/Inc/maincode.h:379:6:gfx_clear	4	static
../Core/Inc/maincode.h:392:6:gfx_send_page	8	static
../Core/Inc/maincode.h:401:6:display_clear	16	static
../Core/Inc/maincode.h:410:6:display_generate	8	static
../Core/Inc/maincode.h:423:6:display_fill	16	static
../Core/Inc/maincode.h:448:6:display_process	24	static
../Core/Inc/maincode.h:544:6:displayBuffer2	16	static
../Core/Inc/maincode.h:576:6:note_reset	4	static
../Core/Inc/sampling.h:1:7:filter_pole	32	static
../Core/Inc/sampling.h:11:6:sampling	328	static
../Core/Inc/sampling.h:424:6:mask_calc	24	static
../Core/Inc/sampling.h:438:9:sine_count	24	static
../Core/Inc/sampling.h:470:6:LFO_source	56	static
../Core/Src/main.c:110:5:main	160	static
../Core/Src/main.c:556:6:SystemClock_Config	88	static
../Core/Src/main.c:603:13:MX_ADC1_Init	56	static
../Core/Src/main.c:691:13:MX_I2C2_Init	8	static
../Core/Src/main.c:725:13:MX_SPI1_Init	8	static
../Core/Src/main.c:763:13:MX_SPI2_Init	8	static
../Core/Src/main.c:801:13:MX_TIM2_Init	56	static
../Core/Src/main.c:850:13:MX_TIM3_Init	64	static
../Core/Src/main.c:913:13:MX_TIM4_Init	56	static
../Core/Src/main.c:962:13:MX_USART1_UART_Init	8	static
../Core/Src/main.c:995:13:MX_USART6_UART_Init	8	static
../Core/Src/main.c:1026:13:MX_DMA_Init	16	static
../Core/Src/main.c:1044:13:MX_GPIO_Init	40	static
../Core/Src/main.c:1077:6:HAL_ADC_ConvCpltCallback	16	static
../Core/Src/main.c:1083:6:HAL_SPI_TxCpltCallback	16	static
../Core/Src/main.c:1151:6:Error_Handler	4	static,ignoring_inline_asm
