../Drivers/CMSIS/Include/core_cm4.h:2064:26:ITM_SendChar	16	static,ignoring_inline_asm
../Core/Inc/myvars.h:46:5:_write	32	static
../Core/Inc/maincode.h:1:11:menu_vars	32	static
../Core/Inc/maincode.h:80:6:sampler_ram_record	8	static
../Core/Inc/maincode.h:88:6:sampler_save	56	static
../Core/Inc/maincode.h:180:6:menu_parser	32	static
../Core/Inc/maincode.h:227:6:patch_target_parse	24	static
../Core/Inc/maincode.h:280:6:patch_target_modify	24	static
../Core/Inc/maincode.h:310:6:patch_target_replace	24	static
../Core/Inc/maincode.h:342:6:HAL_TIM_PeriodElapsedCallback	16	static
../Core/Inc/maincode.h:371:6:analoginputloopb	16	static
../Core/Inc/maincode.h:415:6:note_reset	4	static
../Core/Inc/maincode.h:424:6:main_initial	144	static
../Core/Inc/sampling.h:1:7:filter_pole	32	static
../Core/Inc/sampling.h:11:6:sampling	352	static
../Core/Inc/sampling.h:439:6:mask_calc	24	static
../Core/Inc/sampling.h:453:9:sine_count	24	static
../Core/Inc/sampling.h:486:9:sine_count2	48	static
../Core/Inc/sampling.h:520:9:sampler_oneshot	40	static
../Core/Inc/sampling.h:558:6:LFO_source	64	static
../Core/Inc/display.h:3:6:display_process	4	static
../Core/Inc/display.h:83:10:displayBuffer2	16	static
../Core/Inc/display.h:105:6:SPI_command	16	static
../Core/Inc/display.h:128:6:display_init	56	static
../Core/Inc/display.h:152:6:gfx_send	16	static
../Core/Inc/display.h:176:6:gfx_clear	4	static
../Core/Inc/display.h:189:6:gfx_send_page	8	static
../Core/Inc/display.h:198:6:display_clear	16	static
../Core/Inc/display.h:207:6:display_generate	8	static
../Core/Inc/display.h:220:6:display_fill	16	static
../Core/Inc/display.h:243:6:gfx_reverse	24	static
../Core/Inc/display.h:261:6:gfx_line_fill	24	static
../Core/Inc/display.h:283:6:encoder2	16	static
../Core/Inc/display.h:316:10:menu3_fill	24	static
../Core/Src/main.c:110:5:main	56	static
../Core/Src/main.c:362:6:SystemClock_Config	88	static
../Core/Src/main.c:409:13:MX_ADC1_Init	56	static
../Core/Src/main.c:497:13:MX_I2C2_Init	8	static
../Core/Src/main.c:531:13:MX_SPI1_Init	8	static
../Core/Src/main.c:569:13:MX_SPI2_Init	8	static
../Core/Src/main.c:607:13:MX_TIM2_Init	56	static
../Core/Src/main.c:656:13:MX_TIM3_Init	64	static
../Core/Src/main.c:719:13:MX_TIM4_Init	56	static
../Core/Src/main.c:768:13:MX_USART1_UART_Init	8	static
../Core/Src/main.c:801:13:MX_USART6_UART_Init	8	static
../Core/Src/main.c:832:13:MX_DMA_Init	16	static
../Core/Src/main.c:850:13:MX_GPIO_Init	40	static
../Core/Src/main.c:895:7:HAL_ADC_ConvHalfCpltCallback	16	static
../Core/Src/main.c:899:7:HAL_ADC_ConvCpltCallback	16	static
../Core/Src/main.c:908:6:HAL_SPI_TxCpltCallback	16	static
../Core/Src/main.c:912:6:HAL_GPIO_EXTI_Callback	16	static
../Core/Src/main.c:981:6:Error_Handler	4	static,ignoring_inline_asm
