../Drivers/CMSIS/Include/core_cm4.h:2064:26:ITM_SendChar	16	static,ignoring_inline_asm
../Core/Src/main.c:154:5:_write	32	static
../Core/Src/main.c:659:5:main	176	static
../Core/Src/main.c:890:6:SystemClock_Config	88	static
../Core/Src/main.c:937:13:MX_ADC1_Init	24	static
../Core/Src/main.c:1016:13:MX_I2C2_Init	8	static
../Core/Src/main.c:1050:13:MX_SPI2_Init	8	static
../Core/Src/main.c:1088:13:MX_TIM2_Init	56	static
../Core/Src/main.c:1137:13:MX_TIM3_Init	64	static
../Core/Src/main.c:1196:13:MX_TIM4_Init	56	static
../Core/Src/main.c:1243:13:MX_DMA_Init	16	static
../Core/Src/main.c:1261:13:MX_GPIO_Init	40	static
../Core/Src/main.c:1284:6:SPI_command	16	static
../Core/Src/main.c:1310:6:HAL_TIM_PeriodElapsedCallback	16	static
../Core/Src/main.c:1386:6:analoginputloopb	16	static
../Core/Src/main.c:1464:6:display_init	56	static
../Core/Src/main.c:1524:6:display_gfx	4	static
../Core/Src/main.c:1530:6:display_update	16	static
../Core/Src/main.c:1564:6:display_fill	8	static
../Core/Src/main.c:1577:6:displayBuffer	48	static
../Core/Src/main.c:1632:6:lcd_feedback	4	static
../Core/Src/main.c:1651:6:sampling	4272	static
../Core/Src/main.c:2005:6:lfo	48	static
../Core/Src/main.c:2038:6:adsr	4	static
../Core/Src/main.c:2064:6:mask_calc	24	static
../Core/Src/main.c:2078:6:sine_count	24	static
../Core/Src/main.c:2117:6:print_pot	4	static
../Core/Src/main.c:2253:6:Error_Handler	4	static,ignoring_inline_asm
