../Drivers/CMSIS/Include/core_cm4.h:2064:26:ITM_SendChar	16	static,ignoring_inline_asm
../Core/Inc/myvars.h:52:5:_write	32	static
../Core/Inc/maincode.h:1:6:menu_vars	32	static
../Core/Inc/maincode.h:62:6:menu_parser	32	static
../Core/Inc/maincode.h:118:6:SPI_command	16	static
../Core/Inc/maincode.h:144:6:HAL_TIM_PeriodElapsedCallback	16	static
../Core/Inc/maincode.h:228:6:analoginputloopb	16	static
../Core/Inc/maincode.h:333:6:display_init	56	static
../Core/Inc/maincode.h:358:6:gfx_send	16	static
../Core/Inc/maincode.h:380:6:display_fill	16	static
../Core/Inc/maincode.h:405:6:display_process	16	static
../Core/Inc/maincode.h:471:6:displayBuffer2	24	static
../Core/Inc/maincode.h:502:6:sampling	4240	static
../Core/Inc/maincode.h:940:6:lfo	4	static
../Core/Inc/maincode.h:944:6:adsr	4	static
../Core/Inc/maincode.h:957:6:mask_calc	24	static
../Core/Inc/maincode.h:971:6:sine_count	24	static
../Core/Inc/maincode.h:1010:6:print_pot	4	static
../Core/Src/main.c:101:5:main	160	static
../Core/Src/main.c:506:6:SystemClock_Config	88	static
../Core/Src/main.c:553:13:MX_ADC1_Init	56	static
../Core/Src/main.c:631:13:MX_I2C2_Init	8	static
../Core/Src/main.c:665:13:MX_SPI1_Init	8	static
../Core/Src/main.c:703:13:MX_SPI2_Init	8	static
../Core/Src/main.c:741:13:MX_TIM2_Init	56	static
../Core/Src/main.c:790:13:MX_TIM3_Init	64	static
../Core/Src/main.c:849:13:MX_TIM4_Init	56	static
../Core/Src/main.c:896:13:MX_DMA_Init	16	static
../Core/Src/main.c:914:13:MX_GPIO_Init	40	static
../Core/Src/main.c:947:6:HAL_ADC_ConvCpltCallback	16	static
../Core/Src/main.c:1017:6:Error_Handler	4	static,ignoring_inline_asm
