../Drivers/CMSIS/Include/core_cm4.h:2064:26:ITM_SendChar	16	static,ignoring_inline_asm
../Core/Inc/myvars.h:45:5:_write	32	static
../Core/Inc/maincode.h:1:11:menu_vars	32	static
../Core/Inc/maincode.h:60:6:menu_parser	32	static
../Core/Inc/maincode.h:114:6:lfo_target_parse	24	static
../Core/Inc/maincode.h:138:6:lfo_target_modify	32	static
../Core/Inc/maincode.h:161:6:SPI_command	16	static
../Core/Inc/maincode.h:184:6:HAL_TIM_PeriodElapsedCallback	16	static
../Core/Inc/maincode.h:210:6:analoginputloopb	16	static
../Core/Inc/maincode.h:252:6:display_init	56	static
../Core/Inc/maincode.h:276:6:gfx_send	16	static
../Core/Inc/maincode.h:300:6:gfx_clear	4	static
../Core/Inc/maincode.h:313:6:gfx_send_page	8	static
../Core/Inc/maincode.h:322:6:display_clear	16	static
../Core/Inc/maincode.h:331:6:display_generate	8	static
../Core/Inc/maincode.h:344:6:display_fill	16	static
../Core/Inc/maincode.h:369:6:display_process	24	static
../Core/Inc/maincode.h:465:6:displayBuffer2	16	static
../Core/Inc/sampling.h:1:6:sampling	4240	static
../Core/Inc/sampling.h:434:6:mask_calc	24	static
../Core/Inc/sampling.h:448:6:sine_count	24	static
../Core/Src/main.c:101:5:main	160	static
../Core/Src/main.c:498:6:SystemClock_Config	88	static
../Core/Src/main.c:545:13:MX_ADC1_Init	56	static
../Core/Src/main.c:623:13:MX_I2C2_Init	8	static
../Core/Src/main.c:657:13:MX_SPI1_Init	8	static
../Core/Src/main.c:695:13:MX_SPI2_Init	8	static
../Core/Src/main.c:733:13:MX_TIM2_Init	56	static
../Core/Src/main.c:782:13:MX_TIM3_Init	64	static
../Core/Src/main.c:841:13:MX_TIM4_Init	56	static
../Core/Src/main.c:888:13:MX_DMA_Init	16	static
../Core/Src/main.c:906:13:MX_GPIO_Init	40	static
../Core/Src/main.c:939:6:HAL_ADC_ConvCpltCallback	16	static
../Core/Src/main.c:945:6:HAL_SPI_TxCpltCallback	16	static
../Core/Src/main.c:1013:6:Error_Handler	4	static,ignoring_inline_asm
