../Drivers/CMSIS/Include/core_cm4.h:2064:26:ITM_SendChar	16	static,ignoring_inline_asm
../Core/Inc/myvars.h:52:5:_write	32	static
../Core/Inc/maincode.h:2:6:menu_parses	64	static
../Core/Inc/maincode.h:46:6:SPI_command	16	static
../Core/Inc/maincode.h:72:6:HAL_TIM_PeriodElapsedCallback	16	static
../Core/Inc/maincode.h:156:6:analoginputloopb	16	static
../Core/Inc/maincode.h:241:6:display_init	56	static
../Core/Inc/maincode.h:301:6:display_gfx	4	static
../Core/Inc/maincode.h:307:6:display_update	16	static
../Core/Inc/maincode.h:341:6:display_fill	8	static
../Core/Inc/maincode.h:354:6:displayBuffer	16	static
../Core/Inc/maincode.h:433:6:sampling	4240	static
../Core/Inc/maincode.h:871:6:lfo	4	static
../Core/Inc/maincode.h:875:6:adsr	4	static
../Core/Inc/maincode.h:888:6:mask_calc	24	static
../Core/Inc/maincode.h:902:6:sine_count	24	static
../Core/Inc/maincode.h:941:6:print_pot	4	static
../Core/Src/main.c:101:5:main	160	static
../Core/Src/main.c:510:6:SystemClock_Config	88	static
../Core/Src/main.c:557:13:MX_ADC1_Init	56	static
../Core/Src/main.c:635:13:MX_I2C2_Init	8	static
../Core/Src/main.c:669:13:MX_SPI1_Init	8	static
../Core/Src/main.c:707:13:MX_SPI2_Init	8	static
../Core/Src/main.c:745:13:MX_TIM2_Init	56	static
../Core/Src/main.c:794:13:MX_TIM3_Init	64	static
../Core/Src/main.c:853:13:MX_TIM4_Init	56	static
../Core/Src/main.c:900:13:MX_DMA_Init	16	static
../Core/Src/main.c:918:13:MX_GPIO_Init	40	static
../Core/Src/main.c:951:6:HAL_ADC_ConvCpltCallback	16	static
../Core/Src/main.c:1021:6:Error_Handler	4	static,ignoring_inline_asm
