../Drivers/CMSIS/Include/core_cm4.h:2064:26:ITM_SendChar	16	static,ignoring_inline_asm
../Core/Inc/myvars.h:54:5:_write	32	static
../Core/Inc/flash.h:2:9:flash_sector_erase	144	static
../Core/Inc/flash.h:32:9:flash_page_write	648	static
../Core/Inc/flash.h:77:11:flash_page_read	384	static
../Core/Inc/maincode.h:1:11:menu_vars	32	static
../Core/Inc/maincode.h:86:6:sampler_ram_record	8	static
../Core/Inc/maincode.h:96:6:menu_parser	32	static
../Core/Inc/maincode.h:134:6:patch_target_parse	24	static
../Core/Inc/maincode.h:176:6:patch_target_modify	24	static
../Core/Inc/maincode.h:194:7:patch_target_replace	24	static
../Core/Inc/maincode.h:222:6:HAL_TIM_PeriodElapsedCallback	16	static
../Core/Inc/maincode.h:243:10:analoginputloopb	4	static
../Core/Inc/maincode.h:289:6:note_reset	4	static
../Core/Inc/maincode.h:298:6:main_initial	640	static
../Core/Inc/maincode.h:589:6:sampler_save	4	static
../Core/Inc/maincode.h:681:6:patch_lists	16	static
../Core/Inc/sampling.h:1:7:filter_pole	32	static
../Core/Inc/sampling.h:11:6:sampling	960	static
../Core/Inc/sampling.h:548:6:mask_calc	24	static
../Core/Inc/sampling.h:562:9:sine_count	24	static
../Core/Inc/sampling.h:595:9:sine_count2	48	static
../Core/Inc/sampling.h:629:9:sampler_oneshot	40	static
../Core/Inc/sampling.h:666:6:LFO_square_one_pulse	16	static
../Core/Inc/sampling.h:697:6:LFO_source	64	static
../Core/Inc/sampling.h:768:6:LFO_source_synced	64	static
../Core/Inc/sampling.h:834:7:frq_point	8	static
../Core/Inc/display.h:3:6:display_process	4	static
../Core/Inc/display.h:11:10:displayBuffer2	16	static
../Core/Inc/display.h:62:6:SPI_command	16	static
../Core/Inc/display.h:85:6:display_init	56	static
../Core/Inc/display.h:109:6:gfx_send	16	static
../Core/Inc/display.h:132:6:gfx_send_DMA	448	static
../Core/Inc/display.h:159:6:gfx_TX_block	24	static
../Core/Inc/display.h:189:6:gfx_clear	4	static
../Core/Inc/display.h:202:6:gfx_send_page	8	static
../Core/Inc/display.h:211:6:display_clear	16	static
../Core/Inc/display.h:220:6:display_generate	8	static
../Core/Inc/display.h:233:6:display_fill	16	static
../Core/Inc/display.h:256:6:gfx_reverse	24	static
../Core/Inc/display.h:274:6:gfx_line_fill	48	static
../Core/Inc/display.h:312:6:encoder2	16	static
../Core/Inc/display.h:351:10:menu3_fill	24	static
../Core/Src/main.c:116:5:main	168	static
../Core/Src/main.c:365:6:SystemClock_Config	88	static
../Core/Src/main.c:412:13:MX_ADC1_Init	56	static
../Core/Src/main.c:500:13:MX_I2C2_Init	8	static
../Core/Src/main.c:534:13:MX_SPI1_Init	8	static
../Core/Src/main.c:572:13:MX_SPI2_Init	8	static
../Core/Src/main.c:610:13:MX_TIM2_Init	56	static
../Core/Src/main.c:659:13:MX_TIM3_Init	64	static
../Core/Src/main.c:722:13:MX_TIM4_Init	56	static
../Core/Src/main.c:771:13:MX_TIM10_Init	40	static
../Core/Src/main.c:816:13:MX_USART1_UART_Init	8	static
../Core/Src/main.c:849:13:MX_USART6_UART_Init	8	static
../Core/Src/main.c:880:13:MX_DMA_Init	16	static
../Core/Src/main.c:905:13:MX_GPIO_Init	40	static
../Core/Src/main.c:950:7:HAL_ADC_ConvHalfCpltCallback	16	static
../Core/Src/main.c:954:7:HAL_ADC_ConvCpltCallback	16	static
../Core/Src/main.c:963:7:HAL_SPI_RxCpltCallback	16	static
../Core/Src/main.c:978:6:HAL_SPI_TxCpltCallback	16	static
../Core/Src/main.c:987:6:HAL_GPIO_EXTI_Callback	16	static
../Core/Src/main.c:1056:6:Error_Handler	4	static,ignoring_inline_asm
