../Drivers/CMSIS/Include/core_cm4.h:2064:26:ITM_SendChar	16	static,ignoring_inline_asm
../Core/Src/main.c:139:5:_write	32	static
../Core/Src/main.c:630:5:main	176	static
../Core/Src/main.c:857:6:SystemClock_Config	88	static
../Core/Src/main.c:902:13:MX_ADC1_Init	24	static
../Core/Src/main.c:968:13:MX_I2C2_Init	8	static
../Core/Src/main.c:1002:13:MX_SPI2_Init	8	static
../Core/Src/main.c:1040:13:MX_TIM2_Init	56	static
../Core/Src/main.c:1089:13:MX_TIM3_Init	64	static
../Core/Src/main.c:1148:13:MX_TIM4_Init	56	static
../Core/Src/main.c:1195:13:MX_DMA_Init	16	static
../Core/Src/main.c:1213:13:MX_GPIO_Init	40	static
../Core/Src/main.c:1236:6:SPI_command	16	static
../Core/Src/main.c:1262:6:HAL_TIM_PeriodElapsedCallback	16	static
../Core/Src/main.c:1319:7:adc_read	8	static
../Core/Src/main.c:1339:6:analoginputloopb	16	static
../Core/Src/main.c:1410:6:display_init	56	static
../Core/Src/main.c:1475:6:display_gfx	4	static
../Core/Src/main.c:1481:6:display_update	16	static
../Core/Src/main.c:1515:6:display_fill	8	static
../Core/Src/main.c:1564:6:displayBuffer	16	static
../Core/Src/main.c:1630:6:lcd_feedback	4	static
../Core/Src/main.c:1649:6:sampling	88	static
../Core/Src/main.c:1917:6:lfo	48	static
../Core/Src/main.c:1950:6:adsr	48	static
../Core/Src/main.c:2042:6:mask_calc	24	static
../Core/Src/main.c:2056:6:sine_count	24	static
../Core/Src/main.c:2098:6:print_pot	4	static
../Core/Src/main.c:2308:6:Error_Handler	4	static,ignoring_inline_asm
