../Drivers/CMSIS/Include/core_cm4.h:2064:26:ITM_SendChar	16	static,ignoring_inline_asm
../Core/Inc/myvars.h:111:5:_write	32	static
../Core/Inc/maincode.h:1:6:SPI_command	16	static
../Core/Inc/maincode.h:27:6:HAL_TIM_PeriodElapsedCallback	16	static
../Core/Inc/maincode.h:103:6:analoginputloopb	16	static
../Core/Inc/maincode.h:188:6:display_init	56	static
../Core/Inc/maincode.h:248:6:display_gfx	4	static
../Core/Inc/maincode.h:254:6:display_update	16	static
../Core/Inc/maincode.h:288:6:display_fill	8	static
../Core/Inc/maincode.h:301:6:displayBuffer	48	static
../Core/Inc/maincode.h:380:6:sampling	4272	static
../Core/Inc/maincode.h:742:6:lfo	48	static
../Core/Inc/maincode.h:775:6:adsr	4	static
../Core/Inc/maincode.h:801:6:mask_calc	24	static
../Core/Inc/maincode.h:815:6:sine_count	24	static
../Core/Inc/maincode.h:854:6:print_pot	4	static
../Core/Src/main.c:84:5:main	176	static
../Core/Src/main.c:320:6:SystemClock_Config	88	static
../Core/Src/main.c:367:13:MX_ADC1_Init	24	static
../Core/Src/main.c:419:13:MX_I2C2_Init	8	static
../Core/Src/main.c:453:13:MX_SPI2_Init	8	static
../Core/Src/main.c:491:13:MX_TIM2_Init	56	static
../Core/Src/main.c:540:13:MX_TIM3_Init	64	static
../Core/Src/main.c:599:13:MX_TIM4_Init	56	static
../Core/Src/main.c:646:13:MX_DMA_Init	16	static
../Core/Src/main.c:664:13:MX_GPIO_Init	40	static
../Core/Src/main.c:687:6:HAL_ADC_ConvCpltCallback	16	static
../Core/Src/main.c:803:6:Error_Handler	4	static,ignoring_inline_asm
