../Drivers/CMSIS/Include/core_cm4.h:2064:26:ITM_SendChar	16	static,ignoring_inline_asm
../Core/Src/main.c:165:5:_write	32	static
../Core/Src/main.c:656:5:main	168	static
../Core/Src/main.c:884:6:SystemClock_Config	88	static
../Core/Src/main.c:929:13:MX_ADC1_Init	24	static
../Core/Src/main.c:995:13:MX_I2C2_Init	8	static
../Core/Src/main.c:1029:13:MX_SPI2_Init	8	static
../Core/Src/main.c:1067:13:MX_TIM2_Init	56	static
../Core/Src/main.c:1116:13:MX_TIM3_Init	64	static
../Core/Src/main.c:1175:13:MX_TIM4_Init	56	static
../Core/Src/main.c:1222:13:MX_DMA_Init	16	static
../Core/Src/main.c:1240:13:MX_GPIO_Init	40	static
../Core/Src/main.c:1263:6:SPI_command	16	static
../Core/Src/main.c:1289:6:HAL_TIM_PeriodElapsedCallback	16	static
../Core/Src/main.c:1346:7:adc_read	8	static
../Core/Src/main.c:1366:6:analoginputloopb	16	static
../Core/Src/main.c:1436:6:display_init	56	static
../Core/Src/main.c:1501:6:display_gfx	4	static
../Core/Src/main.c:1507:6:display_update	16	static
../Core/Src/main.c:1541:6:display_fill	8	static
../Core/Src/main.c:1590:6:displayBuffer	16	static
../Core/Src/main.c:1654:6:lcd_feedback	4	static
../Core/Src/main.c:1673:6:sampling	88	static
../Core/Src/main.c:1939:6:lfo	48	static
../Core/Src/main.c:1972:6:adsr	48	static
../Core/Src/main.c:2064:6:mask_calc	24	static
../Core/Src/main.c:2078:6:sine_count	24	static
../Core/Src/main.c:2120:6:print_pot	4	static
../Core/Src/main.c:2330:6:Error_Handler	4	static,ignoring_inline_asm
