core_cm4.h:2064:26:ITM_SendChar	16	static,ignoring_inline_asm
main.c:147:5:_write	32	static
main.c:631:5:main	168	static
main.c:842:6:SystemClock_Config	88	static
main.c:887:13:MX_ADC1_Init	24	static
main.c:953:13:MX_I2C2_Init	8	static
main.c:987:13:MX_SPI2_Init	8	static
main.c:1025:13:MX_TIM2_Init	56	static
main.c:1074:13:MX_TIM3_Init	64	static
main.c:1133:13:MX_TIM4_Init	56	static
main.c:1180:13:MX_DMA_Init	16	static
main.c:1198:13:MX_GPIO_Init	40	static
main.c:1221:6:SPI_command	16	static
main.c:1247:6:HAL_TIM_PeriodElapsedCallback	16	static
main.c:1304:7:adc_read	8	static
main.c:1324:6:analoginputloopb	16	static
main.c:1383:6:display_init	56	static
main.c:1448:6:display_gfx	4	static
main.c:1454:6:display_update	16	static
main.c:1491:6:displayBuffer	16	static
main.c:1527:6:lcd_feedback	4	static
main.c:1546:6:sampling	88	static
main.c:1812:6:lfo	48	static
main.c:1845:6:adsr	48	static
main.c:1937:6:mask_calc	24	static
main.c:1951:6:sine_count	24	static
main.c:1993:6:print_pot	4	static
main.c:2203:6:Error_Handler	4	static,ignoring_inline_asm
