../Drivers/CMSIS/Include/core_cm4.h:2064:26:ITM_SendChar	16	static,ignoring_inline_asm
../Core/Inc/myvars.h:54:5:_write	32	static
../Core/Inc/maincode.h:1:11:menu_vars	32	static
../Core/Inc/maincode.h:86:6:sampler_ram_record	8	static
../Core/Inc/maincode.h:96:6:menu_parser	32	static
../Core/Inc/maincode.h:134:6:patch_target_parse	24	static
../Core/Inc/maincode.h:173:6:patch_target_modify	24	static
../Core/Inc/maincode.h:191:7:patch_target_replace	24	static
../Core/Inc/maincode.h:219:6:HAL_TIM_PeriodElapsedCallback	16	static
../Core/Inc/maincode.h:240:10:analoginputloopb	4	static
../Core/Inc/maincode.h:286:6:note_reset	4	static
../Core/Inc/maincode.h:295:6:main_initial	144	static
../Core/Inc/maincode.h:482:6:sampler_save	56	static
../Core/Inc/maincode.h:572:6:patch_lists	16	static
../Core/Inc/sampling.h:1:7:filter_pole	32	static
../Core/Inc/sampling.h:11:6:sampling	440	static
../Core/Inc/sampling.h:496:6:mask_calc	24	static
../Core/Inc/sampling.h:510:9:sine_count	24	static
../Core/Inc/sampling.h:543:9:sine_count2	48	static
../Core/Inc/sampling.h:577:9:sampler_oneshot	40	static
../Core/Inc/sampling.h:614:6:LFO_square_one_pulse	16	static
../Core/Inc/sampling.h:645:6:LFO_source	64	static
../Core/Inc/sampling.h:716:6:LFO_source_synced	64	static
../Core/Inc/sampling.h:786:7:frq_point	8	static
../Core/Inc/display.h:3:6:display_process	4	static
../Core/Inc/display.h:11:10:displayBuffer2	16	static
../Core/Inc/display.h:60:6:SPI_command	16	static
../Core/Inc/display.h:83:6:display_init	56	static
../Core/Inc/display.h:107:6:gfx_send	16	static
../Core/Inc/display.h:130:6:gfx_send_DMA	448	static
../Core/Inc/display.h:157:6:gfx_TX_block	24	static
../Core/Inc/display.h:187:6:gfx_clear	4	static
../Core/Inc/display.h:200:6:gfx_send_page	8	static
../Core/Inc/display.h:209:6:display_clear	16	static
../Core/Inc/display.h:218:6:display_generate	8	static
../Core/Inc/display.h:231:6:display_fill	16	static
../Core/Inc/display.h:254:6:gfx_reverse	24	static
../Core/Inc/display.h:272:6:gfx_line_fill	48	static
../Core/Inc/display.h:310:6:encoder2	16	static
../Core/Inc/display.h:349:10:menu3_fill	24	static
../Core/Src/main.c:113:5:main	56	static
../Core/Src/main.c:353:6:SystemClock_Config	88	static
../Core/Src/main.c:400:13:MX_ADC1_Init	56	static
../Core/Src/main.c:488:13:MX_I2C2_Init	8	static
../Core/Src/main.c:522:13:MX_SPI1_Init	8	static
../Core/Src/main.c:560:13:MX_SPI2_Init	8	static
../Core/Src/main.c:598:13:MX_TIM2_Init	56	static
../Core/Src/main.c:647:13:MX_TIM3_Init	64	static
../Core/Src/main.c:710:13:MX_TIM4_Init	56	static
../Core/Src/main.c:759:13:MX_TIM10_Init	40	static
../Core/Src/main.c:804:13:MX_USART1_UART_Init	8	static
../Core/Src/main.c:837:13:MX_USART6_UART_Init	8	static
../Core/Src/main.c:868:13:MX_DMA_Init	16	static
../Core/Src/main.c:890:13:MX_GPIO_Init	40	static
../Core/Src/main.c:935:7:HAL_ADC_ConvHalfCpltCallback	16	static
../Core/Src/main.c:939:7:HAL_ADC_ConvCpltCallback	16	static
../Core/Src/main.c:948:6:HAL_SPI_TxCpltCallback	16	static
../Core/Src/main.c:957:6:HAL_GPIO_EXTI_Callback	16	static
../Core/Src/main.c:1026:6:Error_Handler	4	static,ignoring_inline_asm
