../Drivers/CMSIS/Include/core_cm4.h:2064:26:ITM_SendChar	16	static,ignoring_inline_asm
../Core/Src/main.c:139:5:_write	32	static
../Core/Src/main.c:634:5:main	176	static
../Core/Src/main.c:869:6:SystemClock_Config	88	static
../Core/Src/main.c:914:13:MX_ADC1_Init	24	static
../Core/Src/main.c:980:13:MX_I2C2_Init	8	static
../Core/Src/main.c:1014:13:MX_SPI2_Init	8	static
../Core/Src/main.c:1052:13:MX_TIM2_Init	56	static
../Core/Src/main.c:1101:13:MX_TIM3_Init	64	static
../Core/Src/main.c:1160:13:MX_TIM4_Init	56	static
../Core/Src/main.c:1207:13:MX_DMA_Init	16	static
../Core/Src/main.c:1225:13:MX_GPIO_Init	40	static
../Core/Src/main.c:1248:6:SPI_command	16	static
../Core/Src/main.c:1274:6:HAL_TIM_PeriodElapsedCallback	16	static
../Core/Src/main.c:1331:7:adc_read	8	static
../Core/Src/main.c:1351:6:analoginputloopb	16	static
../Core/Src/main.c:1422:6:display_init	56	static
../Core/Src/main.c:1487:6:display_gfx	4	static
../Core/Src/main.c:1493:6:display_update	16	static
../Core/Src/main.c:1527:6:display_fill	8	static
../Core/Src/main.c:1576:6:displayBuffer	16	static
../Core/Src/main.c:1628:6:lcd_feedback	4	static
../Core/Src/main.c:1647:6:sampling	96	static
../Core/Src/main.c:1917:6:lfo	48	static
../Core/Src/main.c:1950:6:adsr	48	static
../Core/Src/main.c:2042:6:mask_calc	24	static
../Core/Src/main.c:2056:6:sine_count	24	static
../Core/Src/main.c:2098:6:print_pot	4	static
../Core/Src/main.c:2308:6:Error_Handler	4	static,ignoring_inline_asm
