../Drivers/CMSIS/Include/core_cm4.h:2064:26:ITM_SendChar	16	static,ignoring_inline_asm
../Core/Inc/myvars.h:51:5:_write	32	static
../Core/Inc/maincode.h:1:11:menu_vars	32	static
../Core/Inc/maincode.h:91:6:sampler_ram_record	8	static
../Core/Inc/maincode.h:101:6:menu_parser	32	static
../Core/Inc/maincode.h:140:6:patch_target_parse	24	static
../Core/Inc/maincode.h:186:6:patch_target_modify	4	static
../Core/Inc/maincode.h:206:7:patch_target_replace	24	static
../Core/Inc/maincode.h:238:6:HAL_TIM_PeriodElapsedCallback	16	static
../Core/Inc/maincode.h:259:10:analoginputloopb	4	static
../Core/Inc/maincode.h:305:6:note_reset	4	static
../Core/Inc/maincode.h:314:6:main_initial	392	static
../Core/Inc/maincode.h:476:6:sampler_save	4	static
../Core/Inc/maincode.h:481:6:patch_lists	16	static
../Core/Inc/sampling.h:1:7:filter_pole	32	static
../Core/Inc/sampling.h:12:6:sampling	464	static
../Core/Inc/sampling.h:558:6:mask_calc	24	static
../Core/Inc/sampling.h:572:9:sine_count	24	static
../Core/Inc/sampling.h:605:9:sine_count2	48	static
../Core/Inc/sampling.h:639:9:sampler_oneshot	40	static
../Core/Inc/sampling.h:676:6:LFO_square_one_pulse	16	static
../Core/Inc/sampling.h:709:6:LFO_source	64	static
../Core/Inc/sampling.h:780:6:LFO_source_synced	64	static
../Core/Inc/sampling.h:846:7:frq_point	8	static
../Core/Inc/display.h:3:6:display_process	4	static
../Core/Inc/display.h:11:10:displayBuffer2	16	static
../Core/Inc/display.h:62:6:SPI_command	16	static
../Core/Inc/display.h:85:6:display_init	56	static
../Core/Inc/display.h:109:6:gfx_send	16	static
../Core/Inc/display.h:132:6:gfx_send_DMA	448	static
../Core/Inc/display.h:159:6:gfx_TX_block	24	static
../Core/Inc/display.h:189:6:gfx_clear	4	static
../Core/Inc/display.h:202:6:gfx_send_page	8	static
../Core/Inc/display.h:211:6:display_clear	16	static
../Core/Inc/display.h:220:6:display_generate	8	static
../Core/Inc/display.h:233:6:display_fill	16	static
../Core/Inc/display.h:256:6:gfx_reverse	24	static
../Core/Inc/display.h:274:6:gfx_line_fill	48	static
../Core/Inc/display.h:312:6:encoder2	16	static
../Core/Inc/display.h:351:10:menu3_fill	24	static
../Core/Inc/display.h:387:10:LCD_Info_feedback	4	static
../Core/Inc/flash.h:2:6:flash_sector_erase	48	static
../Core/Inc/flash.h:34:6:flash_page_write	552	static
../Core/Inc/flash.h:68:8:flash_page_read	552	static
../Core/Inc/flash.h:84:7:flash_block_erase	56	static
../Core/Inc/sample_play.h:3:11:sampler_ram_clear_test	56	static
../Core/Inc/sample_play.h:43:11:byte_swap	32	static
../Core/Inc/sample_play.h:61:7:sample_save	296	static
../Core/Inc/sample_play.h:149:8:sampler_1k_load	1048	static
../Core/Src/main.c:113:5:main	176	static
../Core/Src/main.c:357:6:SystemClock_Config	88	static
../Core/Src/main.c:404:13:MX_ADC1_Init	56	static
../Core/Src/main.c:492:13:MX_I2C2_Init	8	static
../Core/Src/main.c:526:13:MX_SPI1_Init	8	static
../Core/Src/main.c:564:13:MX_SPI2_Init	8	static
../Core/Src/main.c:602:13:MX_TIM2_Init	56	static
../Core/Src/main.c:651:13:MX_TIM3_Init	64	static
../Core/Src/main.c:714:13:MX_TIM4_Init	56	static
../Core/Src/main.c:763:13:MX_TIM10_Init	40	static
../Core/Src/main.c:808:13:MX_USART1_UART_Init	8	static
../Core/Src/main.c:841:13:MX_USART6_UART_Init	8	static
../Core/Src/main.c:872:13:MX_DMA_Init	16	static
../Core/Src/main.c:900:13:MX_GPIO_Init	40	static
../Core/Src/main.c:945:7:HAL_ADC_ConvHalfCpltCallback	16	static
../Core/Src/main.c:949:7:HAL_ADC_ConvCpltCallback	16	static
../Core/Src/main.c:957:7:HAL_SPI_TxRxHalfCpltCallback	16	static
../Core/Src/main.c:975:7:HAL_SPI_TxRxCpltCallback	16	static
../Core/Src/main.c:987:7:HAL_SPI_ErrorCallback	16	static
../Core/Src/main.c:997:6:HAL_SPI_TxCpltCallback	16	static
../Core/Src/main.c:1006:6:HAL_GPIO_EXTI_Callback	16	static
../Core/Src/main.c:1013:6:stop_start	8	static
../Core/Src/main.c:1027:6:Error_Handler	4	static,ignoring_inline_asm
