../Core/Src/stm32f4xx_it.c:75:6:NMI_Handler	0	static
../Core/Src/stm32f4xx_it.c:90:6:HardFault_Handler	0	static
../Core/Src/stm32f4xx_it.c:105:6:MemManage_Handler	0	static
../Core/Src/stm32f4xx_it.c:120:6:BusFault_Handler	0	static
../Core/Src/stm32f4xx_it.c:135:6:UsageFault_Handler	0	static
../Core/Src/stm32f4xx_it.c:150:6:SVC_Handler	0	static
../Core/Src/stm32f4xx_it.c:163:6:DebugMon_Handler	0	static
../Core/Src/stm32f4xx_it.c:176:6:PendSV_Handler	0	static
../Core/Src/stm32f4xx_it.c:189:6:SysTick_Handler	0	static
../Core/Src/stm32f4xx_it.c:210:6:DMA1_Stream4_IRQHandler	0	static
../Core/Src/stm32f4xx_it.c:224:6:TIM1_UP_TIM10_IRQHandler	0	static
../Core/Src/stm32f4xx_it.c:238:6:TIM3_IRQHandler	0	static
../Core/Src/stm32f4xx_it.c:252:6:EXTI15_10_IRQHandler	8	static
../Core/Src/stm32f4xx_it.c:268:6:DMA2_Stream0_IRQHandler	0	static
../Core/Src/stm32f4xx_it.c:282:6:DMA2_Stream2_IRQHandler	0	static
../Core/Src/stm32f4xx_it.c:296:6:DMA2_Stream4_IRQHandler	0	static
